Archive member included to satisfy reference by file (symbol)

/usr/lib/gcc/arm-none-eabi/6.3.0/../../../../arm-none-eabi/lib/armv7e-m/fpu/libc_nano.a(lib_a-atexit.o)
                              /usr/lib/gcc/arm-none-eabi/6.3.0/../../../../arm-none-eabi/lib/armv7e-m/fpu/crt0.o (atexit)
/usr/lib/gcc/arm-none-eabi/6.3.0/../../../../arm-none-eabi/lib/armv7e-m/fpu/libc_nano.a(lib_a-exit.o)
                              /usr/lib/gcc/arm-none-eabi/6.3.0/../../../../arm-none-eabi/lib/armv7e-m/fpu/crt0.o (exit)
/usr/lib/gcc/arm-none-eabi/6.3.0/../../../../arm-none-eabi/lib/armv7e-m/fpu/libc_nano.a(lib_a-fini.o)
                              /usr/lib/gcc/arm-none-eabi/6.3.0/../../../../arm-none-eabi/lib/armv7e-m/fpu/crt0.o (__libc_fini_array)
/usr/lib/gcc/arm-none-eabi/6.3.0/../../../../arm-none-eabi/lib/armv7e-m/fpu/libc_nano.a(lib_a-impure.o)
                              /usr/lib/gcc/arm-none-eabi/6.3.0/../../../../arm-none-eabi/lib/armv7e-m/fpu/libc_nano.a(lib_a-exit.o) (_global_impure_ptr)
/usr/lib/gcc/arm-none-eabi/6.3.0/../../../../arm-none-eabi/lib/armv7e-m/fpu/libc_nano.a(lib_a-init.o)
                              /usr/lib/gcc/arm-none-eabi/6.3.0/../../../../arm-none-eabi/lib/armv7e-m/fpu/crt0.o (__libc_init_array)
/usr/lib/gcc/arm-none-eabi/6.3.0/../../../../arm-none-eabi/lib/armv7e-m/fpu/libc_nano.a(lib_a-memcpy-stub.o)
                              build/ff.o (memcpy)
/usr/lib/gcc/arm-none-eabi/6.3.0/../../../../arm-none-eabi/lib/armv7e-m/fpu/libc_nano.a(lib_a-memset.o)
                              /usr/lib/gcc/arm-none-eabi/6.3.0/../../../../arm-none-eabi/lib/armv7e-m/fpu/crt0.o (memset)
/usr/lib/gcc/arm-none-eabi/6.3.0/../../../../arm-none-eabi/lib/armv7e-m/fpu/libc_nano.a(lib_a-nano-vfprintf_float.o)
                              (_printf_float)
/usr/lib/gcc/arm-none-eabi/6.3.0/../../../../arm-none-eabi/lib/armv7e-m/fpu/libc_nano.a(lib_a-nano-vfprintf_i.o)
                              /usr/lib/gcc/arm-none-eabi/6.3.0/../../../../arm-none-eabi/lib/armv7e-m/fpu/libc_nano.a(lib_a-nano-vfprintf_float.o) (_printf_common)
/usr/lib/gcc/arm-none-eabi/6.3.0/../../../../arm-none-eabi/lib/armv7e-m/fpu/libc_nano.a(lib_a-printf.o)
                              build/app_main.o (printf)
/usr/lib/gcc/arm-none-eabi/6.3.0/../../../../arm-none-eabi/lib/armv7e-m/fpu/libc_nano.a(lib_a-sprintf.o)
                              build/app_main.o (sprintf)
/usr/lib/gcc/arm-none-eabi/6.3.0/../../../../arm-none-eabi/lib/armv7e-m/fpu/libc_nano.a(lib_a-strcat.o)
                              build/app_main.o (strcat)
/usr/lib/gcc/arm-none-eabi/6.3.0/../../../../arm-none-eabi/lib/armv7e-m/fpu/libc_nano.a(lib_a-strlen.o)
                              build/app_main.o (strlen)
/usr/lib/gcc/arm-none-eabi/6.3.0/../../../../arm-none-eabi/lib/armv7e-m/fpu/libc_nano.a(lib_a-__atexit.o)
                              /usr/lib/gcc/arm-none-eabi/6.3.0/../../../../arm-none-eabi/lib/armv7e-m/fpu/libc_nano.a(lib_a-atexit.o) (__register_exitproc)
/usr/lib/gcc/arm-none-eabi/6.3.0/../../../../arm-none-eabi/lib/armv7e-m/fpu/libc_nano.a(lib_a-__call_atexit.o)
                              /usr/lib/gcc/arm-none-eabi/6.3.0/../../../../arm-none-eabi/lib/armv7e-m/fpu/libc_nano.a(lib_a-__atexit.o) (__call_exitprocs)
/usr/lib/gcc/arm-none-eabi/6.3.0/../../../../arm-none-eabi/lib/armv7e-m/fpu/libc_nano.a(lib_a-dtoa.o)
                              /usr/lib/gcc/arm-none-eabi/6.3.0/../../../../arm-none-eabi/lib/armv7e-m/fpu/libc_nano.a(lib_a-nano-vfprintf_float.o) (_dtoa_r)
/usr/lib/gcc/arm-none-eabi/6.3.0/../../../../arm-none-eabi/lib/armv7e-m/fpu/libc_nano.a(lib_a-findfp.o)
                              /usr/lib/gcc/arm-none-eabi/6.3.0/../../../../arm-none-eabi/lib/armv7e-m/fpu/libc_nano.a(lib_a-printf.o) (__sinit)
/usr/lib/gcc/arm-none-eabi/6.3.0/../../../../arm-none-eabi/lib/armv7e-m/fpu/libc_nano.a(lib_a-fwalk.o)
                              /usr/lib/gcc/arm-none-eabi/6.3.0/../../../../arm-none-eabi/lib/armv7e-m/fpu/libc_nano.a(lib_a-findfp.o) (_fwalk)
/usr/lib/gcc/arm-none-eabi/6.3.0/../../../../arm-none-eabi/lib/armv7e-m/fpu/libc_nano.a(lib_a-localeconv.o)
                              /usr/lib/gcc/arm-none-eabi/6.3.0/../../../../arm-none-eabi/lib/armv7e-m/fpu/libc_nano.a(lib_a-nano-vfprintf_float.o) (_localeconv_r)
/usr/lib/gcc/arm-none-eabi/6.3.0/../../../../arm-none-eabi/lib/armv7e-m/fpu/libc_nano.a(lib_a-malloc.o)
                              /usr/lib/gcc/arm-none-eabi/6.3.0/../../../../arm-none-eabi/lib/armv7e-m/fpu/libc_nano.a(lib_a-dtoa.o) (malloc)
/usr/lib/gcc/arm-none-eabi/6.3.0/../../../../arm-none-eabi/lib/armv7e-m/fpu/libc_nano.a(lib_a-memchr.o)
                              /usr/lib/gcc/arm-none-eabi/6.3.0/../../../../arm-none-eabi/lib/armv7e-m/fpu/libc_nano.a(lib_a-nano-vfprintf_i.o) (memchr)
/usr/lib/gcc/arm-none-eabi/6.3.0/../../../../arm-none-eabi/lib/armv7e-m/fpu/libc_nano.a(lib_a-mprec.o)
[...]
Memory Configuration

Name             Origin             Length             Attributes
RAM              0x0000000020000000 0x0000000000018000 xrw
FLASH            0x0000000008000000 0x0000000000080000 xr
*default*        0x0000000000000000 0xffffffffffffffff

Linker script and memory map

LOAD /usr/lib/gcc/arm-none-eabi/6.3.0/armv7e-m/fpu/crti.o
LOAD /usr/lib/gcc/arm-none-eabi/6.3.0/armv7e-m/fpu/crtbegin.o
LOAD /usr/lib/gcc/arm-none-eabi/6.3.0/../../../../arm-none-eabi/lib/armv7e-m/fpu/crt0.o
LOAD build/app_main.o
LOAD build/controls_595.o
LOAD build/compass.o
LOAD build/gps.o
LOAD build/stm32f4xx_hal.o
LOAD build/stm32f4xx_hal_cortex.o
LOAD build/stm32f4xx_hal_dma.o
LOAD build/stm32f4xx_hal_dma_ex.o
LOAD build/stm32f4xx_hal_flash.o
LOAD build/stm32f4xx_hal_flash_ex.o
LOAD build/stm32f4xx_hal_flash_ramfunc.o
LOAD build/stm32f4xx_hal_gpio.o
LOAD build/stm32f4xx_hal_i2c.o
LOAD build/stm32f4xx_hal_i2c_ex.o
LOAD build/stm32f4xx_hal_pwr.o
LOAD build/stm32f4xx_hal_pwr_ex.o
LOAD build/stm32f4xx_hal_rcc.o
LOAD build/stm32f4xx_hal_rcc_ex.o
LOAD build/stm32f4xx_hal_sd.o
LOAD build/stm32f4xx_hal_spi.o
LOAD build/stm32f4xx_hal_tim.o
LOAD build/stm32f4xx_hal_tim_ex.o
LOAD build/stm32f4xx_hal_uart.o
LOAD build/stm32f4xx_ll_sdmmc.o
LOAD build/gui.o
LOAD build/gui_compass.o
LOAD build/inputs.o
LOAD build/makise.o
LOAD build/makise_colors.o
LOAD build/makise_primitives.o
LOAD build/makise_text.o
LOAD build/Arial12.o
LOAD build/Arial15.o
LOAD build/Arial16.o
LOAD build/Arial24.o
LOAD build/fonts.o
LOAD build/makise_gui.o
LOAD build/makise_gui_container.o
LOAD build/makise_gui_elements.o
LOAD build/makise_gui_input.o
LOAD build/makise_e.o
LOAD build/makise_e_buttons.o
LOAD build/makise_e_canvas.o
LOAD build/makise_e_lable.o
LOAD build/makise_e_slider.o
LOAD build/makise_e_slist.o
LOAD build/makise_e_tabs.o
LOAD build/makise_e_text_field.o
LOAD build/ili9340.o
LOAD build/diskio.o
LOAD build/ff.o
LOAD build/ff_gen_drv.o
LOAD build/sd_diskio.o
LOAD build/syscall.o
LOAD build/bsp_driver_sd.o
LOAD build/dma.o
LOAD build/fatfs.o
LOAD build/gpio.o
LOAD build/i2c.o
LOAD build/main.o
LOAD build/printf.o
LOAD build/sdio.o
LOAD build/spi.o
LOAD build/stm32f4xx_hal_msp.o
LOAD build/stm32f4xx_it.o
LOAD build/system_stm32f4xx.o
LOAD build/tim.o
LOAD build/usart.o
LOAD build/startup_stm32f401xe.o
LOAD /usr/lib/gcc/arm-none-eabi/6.3.0/../../../../arm-none-eabi/lib/armv7e-m/fpu/libc_nano.a
LOAD /usr/lib/gcc/arm-none-eabi/6.3.0/../../../../arm-none-eabi/lib/armv7e-m/fpu/libm.a
LOAD /usr/lib/gcc/arm-none-eabi/6.3.0/../../../../arm-none-eabi/lib/armv7e-m/fpu/libnosys.a
START GROUP
LOAD /usr/lib/gcc/arm-none-eabi/6.3.0/armv7e-m/fpu/libgcc.a
LOAD /usr/lib/gcc/arm-none-eabi/6.3.0/../../../../arm-none-eabi/lib/armv7e-m/fpu/libc_nano.a
END GROUP
START GROUP
LOAD /usr/lib/gcc/arm-none-eabi/6.3.0/armv7e-m/fpu/libgcc.a
LOAD /usr/lib/gcc/arm-none-eabi/6.3.0/../../../../arm-none-eabi/lib/armv7e-m/fpu/libc_nano.a
END GROUP
LOAD /usr/lib/gcc/arm-none-eabi/6.3.0/armv7e-m/fpu/crtend.o
LOAD /usr/lib/gcc/arm-none-eabi/6.3.0/armv7e-m/fpu/crtn.o
                0x0000000020018000                _estack = 0x20018000
                0x0000000000002000                _Min_Heap_Size = 0x2000
                0x0000000000002000                _Min_Stack_Size = 0x2000

.isr_vector     0x0000000008000000      0x194
                0x0000000008000000                . = ALIGN (0x4)
 *(.isr_vector)
 .isr_vector    0x0000000008000000      0x194 build/startup_stm32f401xe.o
                0x0000000008000000                g_pfnVectors
                0x0000000008000194                . = ALIGN (0x4)

.text           0x00000000080001a0     0xca68
                0x00000000080001a0                . = ALIGN (0x4)
 *(.text)
 .text          0x00000000080001a0       0x10 /usr/lib/gcc/arm-none-eabi/6.3.0/../../../../arm-none-eabi/lib/armv7e-m/fpu/libc_nano.a(lib_a-strlen.o)
                0x00000000080001a0                strlen
 .text          0x00000000080001b0       0xa0 /usr/lib/gcc/arm-none-eabi/6.3.0/../../../../arm-none-eabi/lib/armv7e-m/fpu/libc_nano.a(lib_a-memchr.o)
                0x00000000080001b0                memchr
 .text          0x0000000008000250      0x370 /usr/lib/gcc/arm-none-eabi/6.3.0/armv7e-m/fpu/libgcc.a(_arm_addsubdf3.o)
                0x0000000008000250                __aeabi_drsub
                0x0000000008000258                __aeabi_dsub
                0x0000000008000258                __subdf3
                0x000000000800025c                __adddf3
                0x000000000800025c                __aeabi_dadd
                0x00000000080004d4                __aeabi_ui2d
                0x00000000080004d4                __floatunsidf
                0x00000000080004f4                __floatsidf
                0x00000000080004f4                __aeabi_i2d
                0x0000000008000518                __extendsfdf2
                0x0000000008000518                __aeabi_f2d
                0x0000000008000554                __aeabi_ul2d
                0x0000000008000554                __floatundidf
                0x0000000008000564                __floatdidf
                0x0000000008000564                __aeabi_l2d
 .text          0x00000000080005c0      0x424 /usr/lib/gcc/arm-none-eabi/6.3.0/armv7e-m/fpu/libgcc.a(_arm_muldivdf3.o)
                0x00000000080005c0                __aeabi_dmul
                0x00000000080005c0                __muldf3
                0x0000000008000814                __aeabi_ddiv
                0x0000000008000814                __divdf3
 .text          0x00000000080009e4      0x110 /usr/lib/gcc/arm-none-eabi/6.3.0/armv7e-m/fpu/libgcc.a(_arm_cmpdf2.o)
                0x00000000080009e4                __gtdf2
                0x00000000080009e4                __gedf2
                0x00000000080009ec                __ltdf2
                0x00000000080009ec                __ledf2
                0x00000000080009f4                __cmpdf2
                0x00000000080009f4                __eqdf2
                0x00000000080009f4                __nedf2
                0x0000000008000a70                __aeabi_cdrcmple
                0x0000000008000a80                __aeabi_cdcmple
                0x0000000008000a80                __aeabi_cdcmpeq
                0x0000000008000a90                __aeabi_dcmpeq
                0x0000000008000aa4                __aeabi_dcmplt
                0x0000000008000ab8                __aeabi_dcmple
                0x0000000008000acc                __aeabi_dcmpge
                0x0000000008000ae0                __aeabi_dcmpgt
 .text          0x0000000008000af4       0x2c /usr/lib/gcc/arm-none-eabi/6.3.0/armv7e-m/fpu/libgcc.a(_arm_unorddf2.o)
                0x0000000008000af4                __aeabi_dcmpun
                0x0000000008000af4                __unorddf2
 .text          0x0000000008000b20       0x50 /usr/lib/gcc/arm-none-eabi/6.3.0/armv7e-m/fpu/libgcc.a(_arm_fixdfsi.o)
                0x0000000008000b20                __fixdfsi
                0x0000000008000b20                __aeabi_d2iz
 .text          0x0000000008000b70       0xa0 /usr/lib/gcc/arm-none-eabi/6.3.0/armv7e-m/fpu/libgcc.a(_arm_truncdfsf2.o)
                0x0000000008000b70                __aeabi_d2f
                0x0000000008000b70                __truncdfsf2
 *(.text*)
 .text.__do_global_dtors_aux
                0x0000000008000c10       0x24 /usr/lib/gcc/arm-none-eabi/6.3.0/armv7e-m/fpu/crtbegin.o
 .text.frame_dummy
                0x0000000008000c34       0x34 /usr/lib/gcc/arm-none-eabi/6.3.0/armv7e-m/fpu/crtbegin.o
 .text.b_rem    0x0000000008000c68       0x30 build/app_main.o
                0x0000000008000c68                b_rem
 .text.b_st     0x0000000008000c98       0x18 build/app_main.o
                0x0000000008000c98                b_st
 .text.b_time   0x0000000008000cb0       0xac build/app_main.o
                0x0000000008000cb0                b_time
 .text.app_main_init
                0x0000000008000d5c       0xfc build/app_main.o
                0x0000000008000d5c                app_main_init
 .text.HAL_UART_RxCpltCallback
                0x0000000008000e58        0xc build/app_main.o
                0x0000000008000e58                HAL_UART_RxCpltCallback
 .text.controls_595_init
                0x0000000008000e64      0x16c build/controls_595.o
                0x0000000008000e64                controls_595_init
 .text.controls_595_update
                0x0000000008000fd0      0x274 build/controls_595.o
                0x0000000008000fd0                controls_595_update
 .text.HAL_GPIO_EXTI_Callback
                0x0000000008001244      0x1a8 build/compass.o
                0x0000000008001244                HAL_GPIO_EXTI_Callback
 .text.compass_init
                0x00000000080013ec      0x118 build/compass.o
                0x00000000080013ec                compass_init
 .text.compass_get_angle
                0x0000000008001504        0x8 build/compass.o
                0x0000000008001504                compass_get_angle
 .text.HAL_InitTick
                0x000000000800150c       0x2c build/stm32f4xx_hal.o
                0x000000000800150c                HAL_InitTick
 .text.HAL_Init
                0x0000000008001538       0x34 build/stm32f4xx_hal.o
                0x0000000008001538                HAL_Init
 .text.HAL_IncTick
                0x000000000800156c       0x10 build/stm32f4xx_hal.o
                0x000000000800156c                HAL_IncTick
 .text.HAL_GetTick
                0x000000000800157c        0xc build/stm32f4xx_hal.o
                0x000000000800157c                HAL_GetTick
 .text.HAL_Delay
                0x0000000008001588       0x1c build/stm32f4xx_hal.o
                0x0000000008001588                HAL_Delay
 .text.HAL_NVIC_SetPriorityGrouping
                0x00000000080015a4       0x24 build/stm32f4xx_hal_cortex.o
                0x00000000080015a4                HAL_NVIC_SetPriorityGrouping
 .text.HAL_NVIC_SetPriority
                0x00000000080015c8       0x6c build/stm32f4xx_hal_cortex.o
                0x00000000080015c8                HAL_NVIC_SetPriority
 .text.HAL_NVIC_EnableIRQ
                0x0000000008001634       0x18 build/stm32f4xx_hal_cortex.o
                0x0000000008001634                HAL_NVIC_EnableIRQ
 .text.HAL_SYSTICK_Config
                0x000000000800164c       0x34 build/stm32f4xx_hal_cortex.o
                0x000000000800164c                HAL_SYSTICK_Config
 .text.HAL_SYSTICK_CLKSourceConfig
                0x0000000008001680       0x18 build/stm32f4xx_hal_cortex.o
                0x0000000008001680                HAL_SYSTICK_CLKSourceConfig
 .text.HAL_SYSTICK_Callback
                0x0000000008001698        0x4 build/stm32f4xx_hal_cortex.o
                0x0000000008001698                HAL_SYSTICK_Callback
 .text.HAL_SYSTICK_IRQHandler
                0x000000000800169c        0x8 build/stm32f4xx_hal_cortex.o
                0x000000000800169c                HAL_SYSTICK_IRQHandler
 .text.HAL_DMA_Init
                0x00000000080016a4      0x130 build/stm32f4xx_hal_dma.o
                0x00000000080016a4                HAL_DMA_Init
 .text.HAL_DMA_Start_IT
                0x00000000080017d4       0x84 build/stm32f4xx_hal_dma.o
                0x00000000080017d4                HAL_DMA_Start_IT
 .text.HAL_DMA_Abort_IT
                0x0000000008001858       0x24 build/stm32f4xx_hal_dma.o
                0x0000000008001858                HAL_DMA_Abort_IT
 .text.HAL_DMA_IRQHandler
                0x000000000800187c      0x1a8 build/stm32f4xx_hal_dma.o
                0x000000000800187c                HAL_DMA_IRQHandler
 .text.HAL_GPIO_Init
                0x0000000008001a24      0x1dc build/stm32f4xx_hal_gpio.o
                0x0000000008001a24                HAL_GPIO_Init
 .text.HAL_GPIO_ReadPin
                0x0000000008001c00        0xc build/stm32f4xx_hal_gpio.o
                0x0000000008001c00                HAL_GPIO_ReadPin
 .text.HAL_GPIO_WritePin
                0x0000000008001c0c        0x8 build/stm32f4xx_hal_gpio.o
                0x0000000008001c0c                HAL_GPIO_WritePin
 .text.HAL_GPIO_EXTI_IRQHandler
                0x0000000008001c14       0x18 build/stm32f4xx_hal_gpio.o
                0x0000000008001c14                HAL_GPIO_EXTI_IRQHandler
 .text.unlikely.I2C_WaitOnMasterAddressFlagUntilTimeout.constprop.10
                0x0000000008001c2c       0x64 build/stm32f4xx_hal_i2c.o
 .text.HAL_I2C_Init
                0x0000000008001c90       0xf0 build/stm32f4xx_hal_i2c.o
                0x0000000008001c90                HAL_I2C_Init
 .text.HAL_I2C_Master_Transmit
                0x0000000008001d80      0x2f8 build/stm32f4xx_hal_i2c.o
                0x0000000008001d80                HAL_I2C_Master_Transmit
 .text.HAL_I2C_Master_Receive
                0x0000000008002078      0x470 build/stm32f4xx_hal_i2c.o
                0x0000000008002078                HAL_I2C_Master_Receive
 .text.HAL_I2C_IsDeviceReady
                0x00000000080024e8      0x1d8 build/stm32f4xx_hal_i2c.o
                0x00000000080024e8                HAL_I2C_IsDeviceReady
 .text.HAL_RCC_OscConfig
                0x00000000080026c0      0x378 build/stm32f4xx_hal_rcc.o
                0x00000000080026c0                HAL_RCC_OscConfig
 .text.HAL_RCC_GetSysClockFreq
                0x0000000008002a38       0x74 build/stm32f4xx_hal_rcc.o
                0x0000000008002a38                HAL_RCC_GetSysClockFreq
 .text.HAL_RCC_ClockConfig
                0x0000000008002aac      0x170 build/stm32f4xx_hal_rcc.o
                0x0000000008002aac                HAL_RCC_ClockConfig
 .text.HAL_RCC_GetHCLKFreq
                0x0000000008002c1c        0xc build/stm32f4xx_hal_rcc.o
                0x0000000008002c1c                HAL_RCC_GetHCLKFreq
 .text.HAL_RCC_GetPCLK1Freq
                0x0000000008002c28       0x30 build/stm32f4xx_hal_rcc.o
                0x0000000008002c28                HAL_RCC_GetPCLK1Freq
 .text.HAL_RCC_GetPCLK2Freq
                0x0000000008002c58       0x30 build/stm32f4xx_hal_rcc.o
                0x0000000008002c58                HAL_RCC_GetPCLK2Freq
 .text.SD_IsCardProgramming
                0x0000000008002c88      0x14c build/stm32f4xx_hal_sd.o
 .text.SD_CmdResp1Error.part.0
                0x0000000008002dd4       0xbc build/stm32f4xx_hal_sd.o
 .text.SD_CmdResp1Error
                0x0000000008002e90       0x44 build/stm32f4xx_hal_sd.o
 .text.SD_FindSCR
                0x0000000008002ed4      0x17c build/stm32f4xx_hal_sd.o
 .text.HAL_SD_ReadBlocks
                0x0000000008003050      0x27c build/stm32f4xx_hal_sd.o
                0x0000000008003050                HAL_SD_ReadBlocks
 .text.HAL_SD_WriteBlocks
                0x00000000080032cc      0x2d8 build/stm32f4xx_hal_sd.o
                0x00000000080032cc                HAL_SD_WriteBlocks
 .text.HAL_SD_Get_CardInfo
                0x00000000080035a4      0x278 build/stm32f4xx_hal_sd.o
                0x00000000080035a4                HAL_SD_Get_CardInfo
 .text.HAL_SD_Init
                0x000000000800381c      0x4c0 build/stm32f4xx_hal_sd.o
                0x000000000800381c                HAL_SD_Init
 .text.HAL_SD_WideBusOperation_Config
                0x0000000008003cdc      0x15c build/stm32f4xx_hal_sd.o
                0x0000000008003cdc                HAL_SD_WideBusOperation_Config
 .text.HAL_SD_GetStatus
                0x0000000008003e38       0x70 build/stm32f4xx_hal_sd.o
                0x0000000008003e38                HAL_SD_GetStatus
 .text.HAL_SPI_Init
                0x0000000008003ea8       0x80 build/stm32f4xx_hal_spi.o
                0x0000000008003ea8                HAL_SPI_Init
 .text.HAL_SPI_Transmit
                0x0000000008003f28      0x2e8 build/stm32f4xx_hal_spi.o
                0x0000000008003f28                HAL_SPI_Transmit
 .text.HAL_SPI_Transmit_DMA
                0x0000000008004210       0xac build/stm32f4xx_hal_spi.o
                0x0000000008004210                HAL_SPI_Transmit_DMA
 .text.SPI_DMAHalfTransmitCplt
                0x00000000080042bc        0xc build/stm32f4xx_hal_spi.o
 .text.HAL_SPI_ErrorCallback
                0x00000000080042c8        0x4 build/stm32f4xx_hal_spi.o
                0x00000000080042c8                HAL_SPI_ErrorCallback
 .text.SPI_DMAError
                0x00000000080042cc       0x24 build/stm32f4xx_hal_spi.o
 .text.SPI_DMATransmitCplt
                0x00000000080042f0       0xcc build/stm32f4xx_hal_spi.o
 .text.HAL_TIM_Base_Start
                0x00000000080043bc       0x20 build/stm32f4xx_hal_tim.o
                0x00000000080043bc                HAL_TIM_Base_Start
 .text.HAL_TIM_PWM_Init
                0x00000000080043dc       0xc0 build/stm32f4xx_hal_tim.o
                0x00000000080043dc                HAL_TIM_PWM_Init
 .text.HAL_TIM_PWM_Start
                0x000000000800449c       0x3c build/stm32f4xx_hal_tim.o
                0x000000000800449c                HAL_TIM_PWM_Start
 .text.HAL_TIM_PWM_ConfigChannel
                0x00000000080044d8      0x1fc build/stm32f4xx_hal_tim.o
                0x00000000080044d8                HAL_TIM_PWM_ConfigChannel
 .text.HAL_TIMEx_MasterConfigSynchronization
                0x00000000080046d4       0x4c build/stm32f4xx_hal_tim_ex.o
                0x00000000080046d4                HAL_TIMEx_MasterConfigSynchronization
 .text.UART_SetConfig
                0x0000000008004720      0x300 build/stm32f4xx_hal_uart.o
 .text.HAL_UART_Init
                0x0000000008004a20       0x60 build/stm32f4xx_hal_uart.o
                0x0000000008004a20                HAL_UART_Init
 .text.HAL_UART_Transmit
                0x0000000008004a80      0x108 build/stm32f4xx_hal_uart.o
                0x0000000008004a80                HAL_UART_Transmit
 .text.HAL_UART_Receive_DMA
                0x0000000008004b88       0x84 build/stm32f4xx_hal_uart.o
                0x0000000008004b88                HAL_UART_Receive_DMA
 .text.HAL_UART_TxCpltCallback
                0x0000000008004c0c        0x4 build/stm32f4xx_hal_uart.o
                0x0000000008004c0c                HAL_UART_TxCpltCallback
 .text.UART_DMAReceiveCplt
                0x0000000008004c10       0x38 build/stm32f4xx_hal_uart.o
 .text.HAL_UART_RxHalfCpltCallback
                0x0000000008004c48        0x4 build/stm32f4xx_hal_uart.o
                0x0000000008004c48                HAL_UART_RxHalfCpltCallback
 .text.UART_DMARxHalfCplt
                0x0000000008004c4c        0xc build/stm32f4xx_hal_uart.o
 .text.HAL_UART_ErrorCallback
                0x0000000008004c58        0x4 build/stm32f4xx_hal_uart.o
                0x0000000008004c58                HAL_UART_ErrorCallback
 .text.UART_DMAError
                0x0000000008004c5c       0x60 build/stm32f4xx_hal_uart.o
 .text.HAL_UART_IRQHandler
                0x0000000008004cbc      0x284 build/stm32f4xx_hal_uart.o
                0x0000000008004cbc                HAL_UART_IRQHandler
 .text.UART_DMAAbortOnError
                0x0000000008004f40       0x14 build/stm32f4xx_hal_uart.o
 .text.SDIO_Init
                0x0000000008004f54       0x38 build/stm32f4xx_ll_sdmmc.o
                0x0000000008004f54                SDIO_Init
 .text.SDIO_ReadFIFO
                0x0000000008004f8c        0x8 build/stm32f4xx_ll_sdmmc.o
                0x0000000008004f8c                SDIO_ReadFIFO
 .text.SDIO_WriteFIFO
                0x0000000008004f94        0xc build/stm32f4xx_ll_sdmmc.o
                0x0000000008004f94                SDIO_WriteFIFO
 .text.SDIO_PowerState_ON
                0x0000000008004fa0        0x8 build/stm32f4xx_ll_sdmmc.o
                0x0000000008004fa0                SDIO_PowerState_ON
 .text.SDIO_GetPowerState
                0x0000000008004fa8        0x8 build/stm32f4xx_ll_sdmmc.o
                0x0000000008004fa8                SDIO_GetPowerState
 .text.SDIO_SendCommand
                0x0000000008004fb0       0x28 build/stm32f4xx_ll_sdmmc.o
                0x0000000008004fb0                SDIO_SendCommand
 .text.SDIO_GetCommandResponse
                0x0000000008004fd8        0x8 build/stm32f4xx_ll_sdmmc.o
                0x0000000008004fd8                SDIO_GetCommandResponse
 .text.SDIO_GetResponse
                0x0000000008004fe0       0x18 build/stm32f4xx_ll_sdmmc.o
                0x0000000008004fe0                SDIO_GetResponse
 .text.SDIO_DataConfig
                0x0000000008004ff8       0x28 build/stm32f4xx_ll_sdmmc.o
                0x0000000008004ff8                SDIO_DataConfig
 .text.gui_predraw
                0x0000000008005020       0x10 build/gui.o
                0x0000000008005020                gui_predraw
 .text.gui_draw
                0x0000000008005030       0x44 build/gui.o
                0x0000000008005030                gui_draw
 .text.HAL_SPI_TxHalfCpltCallback
                0x0000000008005074       0x1c build/gui.o
                0x0000000008005074                HAL_SPI_TxHalfCpltCallback
 .text.HAL_SPI_TxCpltCallback
                0x0000000008005090       0x1c build/gui.o
                0x0000000008005090                HAL_SPI_TxCpltCallback
 .text.gui_init
                0x00000000080050ac       0x94 build/gui.o
                0x00000000080050ac                gui_init
 .text._m_compass_draw
                0x0000000008005140      0x144 build/gui_compass.o
                0x0000000008005140                _m_compass_draw
 .text.gui_create_compass
                0x0000000008005284       0xb4 build/gui_compass.o
                0x0000000008005284                gui_create_compass
 .text.inputs_input
                0x0000000008005338      0x248 build/inputs.o
                0x0000000008005338                inputs_input
 .text.inputs_init
                0x0000000008005580       0x28 build/inputs.o
                0x0000000008005580                inputs_init
 .text.inputs_update
                0x00000000080055a8        0x4 build/inputs.o
                0x00000000080055a8                inputs_update
 .text.makise_init
                0x00000000080055ac       0x3c build/makise.o
                0x00000000080055ac                makise_init
 .text.makise_start
                0x00000000080055e8        0x8 build/makise.o
                0x00000000080055e8                makise_start
 .text.makise_pset
                0x00000000080055f0       0x5c build/makise.o
                0x00000000080055f0                makise_pset
 .text.makise_render
                0x000000000800564c       0xdc build/makise.o
                0x000000000800564c                makise_render
 .text.makise_color_get
                0x0000000008005728       0x10 build/makise_colors.o
                0x0000000008005728                makise_color_get
 .text.makise_d_circle.part.0
                0x0000000008005738      0x16c build/makise_primitives.o
 .text.makise_d_circle
                0x00000000080058a4       0x18 build/makise_primitives.o
                0x00000000080058a4                makise_d_circle
 .text.makise_d_line
                0x00000000080058bc      0x1fc build/makise_primitives.o
                0x00000000080058bc                makise_d_line
 .text.makise_d_rect
                0x0000000008005ab8       0xd4 build/makise_primitives.o
                0x0000000008005ab8                makise_d_rect
 .text.makise_d_rect_filled
                0x0000000008005b8c      0x14c build/makise_primitives.o
                0x0000000008005b8c                makise_d_rect_filled
 .text.makise_dex_polyline
                0x0000000008005cd8      0x370 build/makise_primitives.o
                0x0000000008005cd8                makise_dex_polyline
 .text.makise_d_char
                0x0000000008006048       0xb0 build/makise_text.o
                0x0000000008006048                makise_d_char
 .text.makise_d_string
                0x00000000080060f8      0x24c build/makise_text.o
                0x00000000080060f8                makise_d_string
 .text.makise_d_string_frame
                0x0000000008006344      0x134 build/makise_text.o
                0x0000000008006344                makise_d_string_frame
 .text.makise_g_newid
                0x0000000008006478       0x10 build/makise_gui.o
                0x0000000008006478                makise_g_newid
 .text.makise_g_host_call
                0x0000000008006488        0x8 build/makise_gui.o
                0x0000000008006488                makise_g_host_call
 .text.makise_g_host_input
                0x0000000008006490       0x1c build/makise_gui.o
                0x0000000008006490                makise_g_host_input
 .text.makise_g_focus
                0x00000000080064ac       0x64 build/makise_gui.o
                0x00000000080064ac                makise_g_focus
 .text.makise_g_cont_add
                0x0000000008006510       0x34 build/makise_gui_container.o
                0x0000000008006510                makise_g_cont_add
 .text.makise_g_cont_call
                0x0000000008006544       0x8c build/makise_gui_container.o
                0x0000000008006544                makise_g_cont_call
 .text.makise_g_cont_input
                0x00000000080065d0       0x30 build/makise_gui_container.o
                0x00000000080065d0                makise_g_cont_input
 .text.makise_g_cont_focus_next
                0x0000000008006600       0x8c build/makise_gui_container.o
                0x0000000008006600                makise_g_cont_focus_next
 .text.makise_g_cont_focus_prev
                0x000000000800668c       0x8c build/makise_gui_container.o
                0x000000000800668c                makise_g_cont_focus_prev
 .text.m_element_call
                0x0000000008006718       0x30 build/makise_gui_elements.o
                0x0000000008006718                m_element_call
 .text._m_e_helper_draw_box
                0x0000000008006748       0x50 build/makise_e.o
                0x0000000008006748                _m_e_helper_draw_box
 .text._m_button_focus
                0x0000000008006798       0x54 build/makise_e_buttons.o
                0x0000000008006798                _m_button_focus
 .text._m_button_input
                0x00000000080067ec       0x54 build/makise_e_buttons.o
                0x00000000080067ec                _m_button_input
 .text._m_button_draw
                0x0000000008006840       0x78 build/makise_e_buttons.o
                0x0000000008006840                _m_button_draw
 .text.m_create_button
                0x00000000080068b8       0x88 build/makise_e_buttons.o
                0x00000000080068b8                m_create_button
 .text._m_textfield_draw
                0x0000000008006940       0x54 build/makise_e_text_field.o
                0x0000000008006940                _m_textfield_draw
 .text.m_create_text_field
                0x0000000008006994       0x6c build/makise_e_text_field.o
                0x0000000008006994                m_create_text_field
 .text.ili9340_awake
                0x0000000008006a00        0x4 build/ili9340.o
                0x0000000008006a00                ili9340_awake
 .text.ili9340_set_backlight
                0x0000000008006a04       0x10 build/ili9340.o
                0x0000000008006a04                ili9340_set_backlight
 .text.ili9340_sleep
                0x0000000008006a14        0x4 build/ili9340.o
                0x0000000008006a14                ili9340_sleep
 .text.ili9340_start
                0x0000000008006a18      0x148 build/ili9340.o
                0x0000000008006a18                ili9340_start
 .text.ili9340_init
                0x0000000008006b60      0xcb0 build/ili9340.o
                0x0000000008006b60                ili9340_init
 .text.ili9340_driver
                0x0000000008007810       0x54 build/ili9340.o
                0x0000000008007810                ili9340_driver
 .text.ili9340_spi_txhalfcplt
                0x0000000008007864       0x18 build/ili9340.o
                0x0000000008007864                ili9340_spi_txhalfcplt
 .text.ili9340_spi_txcplt
                0x000000000800787c      0x1ec build/ili9340.o
                0x000000000800787c                ili9340_spi_txcplt
 .text.FATFS_LinkDriver
                0x0000000008007a68       0x48 build/ff_gen_drv.o
                0x0000000008007a68                FATFS_LinkDriver
 .text.SD_initialize
                0x0000000008007ab0       0x20 build/sd_diskio.o
                0x0000000008007ab0                SD_initialize
 .text.SD_status
                0x0000000008007ad0       0x20 build/sd_diskio.o
                0x0000000008007ad0                SD_status
 .text.SD_read  0x0000000008007af0       0x20 build/sd_diskio.o
                0x0000000008007af0                SD_read
 .text.SD_write
                0x0000000008007b10       0x20 build/sd_diskio.o
                0x0000000008007b10                SD_write
 .text.SD_ioctl
                0x0000000008007b30       0x58 build/sd_diskio.o
                0x0000000008007b30                SD_ioctl
 .text.BSP_SD_Init
                0x0000000008007b88       0x40 build/bsp_driver_sd.o
                0x0000000008007b88                BSP_SD_Init
 .text.BSP_SD_ReadBlocks
                0x0000000008007bc8       0x24 build/bsp_driver_sd.o
                0x0000000008007bc8                BSP_SD_ReadBlocks
 .text.BSP_SD_WriteBlocks
                0x0000000008007bec       0x24 build/bsp_driver_sd.o
                0x0000000008007bec                BSP_SD_WriteBlocks
 .text.BSP_SD_GetStatus
                0x0000000008007c10        0xc build/bsp_driver_sd.o
                0x0000000008007c10                BSP_SD_GetStatus
 .text.BSP_SD_GetCardInfo
                0x0000000008007c1c        0xc build/bsp_driver_sd.o
                0x0000000008007c1c                BSP_SD_GetCardInfo
 .text.MX_DMA_Init
                0x0000000008007c28       0x84 build/dma.o
                0x0000000008007c28                MX_DMA_Init
 .text.MX_FATFS_Init
                0x0000000008007cac       0x1c build/fatfs.o
                0x0000000008007cac                MX_FATFS_Init
 .text.MX_GPIO_Init
                0x0000000008007cc8      0x104 build/gpio.o
                0x0000000008007cc8                MX_GPIO_Init
 .text.MX_I2C1_Init
                0x0000000008007dcc       0x40 build/i2c.o
                0x0000000008007dcc                MX_I2C1_Init
 .text.HAL_I2C_MspInit
                0x0000000008007e0c       0x58 build/i2c.o
                0x0000000008007e0c                HAL_I2C_MspInit
 .text.SystemClock_Config
                0x0000000008007e64       0xb4 build/main.o
                0x0000000008007e64                SystemClock_Config
 .text.startup.main
                0x0000000008007f18       0x80 build/main.o
                0x0000000008007f18                main
 .text.Error_Handler
                0x0000000008007f98        0x4 build/main.o
                0x0000000008007f98                Error_Handler
 .text._write   0x0000000008007f9c       0x18 build/printf.o
                0x0000000008007f9c                _write
 .text.MX_SDIO_SD_Init
                0x0000000008007fb4       0x20 build/sdio.o
                0x0000000008007fb4                MX_SDIO_SD_Init
 .text.HAL_SD_MspInit
                0x0000000008007fd4       0x68 build/sdio.o
                0x0000000008007fd4                HAL_SD_MspInit
 .text.MX_SPI1_Init
                0x000000000800803c       0x44 build/spi.o
                0x000000000800803c                MX_SPI1_Init
 .text.HAL_SPI_MspInit
                0x0000000008008080       0x90 build/spi.o
                0x0000000008008080                HAL_SPI_MspInit
 .text.HAL_MspInit
                0x0000000008008110       0x60 build/stm32f4xx_hal_msp.o
                0x0000000008008110                HAL_MspInit
 .text.NMI_Handler
                0x0000000008008170        0x4 build/stm32f4xx_it.o
                0x0000000008008170                NMI_Handler
 .text.HardFault_Handler
                0x0000000008008174        0x4 build/stm32f4xx_it.o
                0x0000000008008174                HardFault_Handler
 .text.MemManage_Handler
                0x0000000008008178        0x4 build/stm32f4xx_it.o
                0x0000000008008178                MemManage_Handler
 .text.BusFault_Handler
                0x000000000800817c        0x4 build/stm32f4xx_it.o
                0x000000000800817c                BusFault_Handler
 .text.UsageFault_Handler
                0x0000000008008180        0x4 build/stm32f4xx_it.o
                0x0000000008008180                UsageFault_Handler
 .text.SVC_Handler
                0x0000000008008184        0x4 build/stm32f4xx_it.o
                0x0000000008008184                SVC_Handler
 .text.DebugMon_Handler
                0x0000000008008188        0x4 build/stm32f4xx_it.o
                0x0000000008008188                DebugMon_Handler
 .text.PendSV_Handler
                0x000000000800818c        0x4 build/stm32f4xx_it.o
                0x000000000800818c                PendSV_Handler
 .text.SysTick_Handler
                0x0000000008008190       0x10 build/stm32f4xx_it.o
                0x0000000008008190                SysTick_Handler
 .text.USART1_IRQHandler
                0x00000000080081a0        0xc build/stm32f4xx_it.o
                0x00000000080081a0                USART1_IRQHandler
 .text.EXTI15_10_IRQHandler
                0x00000000080081ac       0x18 build/stm32f4xx_it.o
                0x00000000080081ac                EXTI15_10_IRQHandler
 .text.DMA2_Stream2_IRQHandler
                0x00000000080081c4        0xc build/stm32f4xx_it.o
                0x00000000080081c4                DMA2_Stream2_IRQHandler
 .text.DMA2_Stream3_IRQHandler
                0x00000000080081d0        0xc build/stm32f4xx_it.o
                0x00000000080081d0                DMA2_Stream3_IRQHandler
 .text.SystemInit
                0x00000000080081dc       0x50 build/system_stm32f4xx.o
                0x00000000080081dc                SystemInit
 .text.MX_TIM3_Init
                0x000000000800822c       0x94 build/tim.o
                0x000000000800822c                MX_TIM3_Init
 .text.HAL_TIM_PWM_MspInit
                0x00000000080082c0       0x30 build/tim.o
                0x00000000080082c0                HAL_TIM_PWM_MspInit
 .text.MX_USART1_UART_Init
                0x00000000080082f0       0x38 build/usart.o
                0x00000000080082f0                MX_USART1_UART_Init
 .text.MX_USART6_UART_Init
                0x0000000008008328       0x38 build/usart.o
                0x0000000008008328                MX_USART6_UART_Init
 .text.HAL_UART_MspInit
                0x0000000008008360       0xf0 build/usart.o
                0x0000000008008360                HAL_UART_MspInit
 .text.Reset_Handler
                0x0000000008008450       0x50 build/startup_stm32f401xe.o
                0x0000000008008450                Reset_Handler
 .text.Default_Handler
                0x00000000080084a0        0x2 build/startup_stm32f401xe.o
                0x00000000080084a0                RTC_Alarm_IRQHandler
                0x00000000080084a0                EXTI2_IRQHandler
                0x00000000080084a0                SPI4_IRQHandler
                0x00000000080084a0                TIM1_CC_IRQHandler
                0x00000000080084a0                DMA2_Stream5_IRQHandler
                0x00000000080084a0                DMA1_Stream5_IRQHandler
                0x00000000080084a0                PVD_IRQHandler
                0x00000000080084a0                SDIO_IRQHandler
                0x00000000080084a0                TAMP_STAMP_IRQHandler
                0x00000000080084a0                EXTI3_IRQHandler
                0x00000000080084a0                TIM1_UP_TIM10_IRQHandler
                0x00000000080084a0                I2C3_ER_IRQHandler
                0x00000000080084a0                EXTI0_IRQHandler
                0x00000000080084a0                I2C2_EV_IRQHandler
                0x00000000080084a0                DMA1_Stream2_IRQHandler
                0x00000000080084a0                FPU_IRQHandler
                0x00000000080084a0                SPI1_IRQHandler
                0x00000000080084a0                TIM1_BRK_TIM9_IRQHandler
                0x00000000080084a0                USART6_IRQHandler
                0x00000000080084a0                DMA2_Stream0_IRQHandler
                0x00000000080084a0                TIM4_IRQHandler
                0x00000000080084a0                I2C1_EV_IRQHandler
                0x00000000080084a0                DMA1_Stream6_IRQHandler
                0x00000000080084a0                DMA1_Stream1_IRQHandler
                0x00000000080084a0                TIM3_IRQHandler
                0x00000000080084a0                RCC_IRQHandler
                0x00000000080084a0                Default_Handler
                0x00000000080084a0                ADC_IRQHandler
                0x00000000080084a0                DMA1_Stream7_IRQHandler
                0x00000000080084a0                TIM5_IRQHandler
                0x00000000080084a0                DMA2_Stream7_IRQHandler
                0x00000000080084a0                I2C3_EV_IRQHandler
                0x00000000080084a0                EXTI9_5_IRQHandler
                0x00000000080084a0                RTC_WKUP_IRQHandler
                0x00000000080084a0                SPI2_IRQHandler
                0x00000000080084a0                DMA1_Stream0_IRQHandler
                0x00000000080084a0                EXTI4_IRQHandler
                0x00000000080084a0                WWDG_IRQHandler
                0x00000000080084a0                TIM2_IRQHandler
                0x00000000080084a0                OTG_FS_WKUP_IRQHandler
                0x00000000080084a0                TIM1_TRG_COM_TIM11_IRQHandler
                0x00000000080084a0                EXTI1_IRQHandler
                0x00000000080084a0                USART2_IRQHandler
                0x00000000080084a0                I2C2_ER_IRQHandler
                0x00000000080084a0                DMA2_Stream1_IRQHandler
                0x00000000080084a0                FLASH_IRQHandler
                0x00000000080084a0                DMA2_Stream4_IRQHandler
                0x00000000080084a0                OTG_FS_IRQHandler
                0x00000000080084a0                SPI3_IRQHandler
                0x00000000080084a0                DMA1_Stream4_IRQHandler
                0x00000000080084a0                I2C1_ER_IRQHandler
                0x00000000080084a0                DMA2_Stream6_IRQHandler
                0x00000000080084a0                DMA1_Stream3_IRQHandler
 *fill*         0x00000000080084a2        0x2 
 .text.__libc_init_array
                0x00000000080084a4       0x48 /usr/lib/gcc/arm-none-eabi/6.3.0/../../../../arm-none-eabi/lib/armv7e-m/fpu/libc_nano.a(lib_a-init.o)
                0x00000000080084a4                __libc_init_array
 .text.memcpy   0x00000000080084ec       0x16 /usr/lib/gcc/arm-none-eabi/6.3.0/../../../../arm-none-eabi/lib/armv7e-m/fpu/libc_nano.a(lib_a-memcpy-stub.o)
                0x00000000080084ec                memcpy
 .text.memset   0x0000000008008502       0x10 /usr/lib/gcc/arm-none-eabi/6.3.0/../../../../arm-none-eabi/lib/armv7e-m/fpu/libc_nano.a(lib_a-memset.o)
                0x0000000008008502                memset
 .text.__cvt    0x0000000008008512       0xc2 /usr/lib/gcc/arm-none-eabi/6.3.0/../../../../arm-none-eabi/lib/armv7e-m/fpu/libc_nano.a(lib_a-nano-vfprintf_float.o)
                0x0000000008008512                __cvt
 .text.__exponent
                0x00000000080085d4       0x6a /usr/lib/gcc/arm-none-eabi/6.3.0/../../../../arm-none-eabi/lib/armv7e-m/fpu/libc_nano.a(lib_a-nano-vfprintf_float.o)
                0x00000000080085d4                __exponent
 *fill*         0x000000000800863e        0x2 
 .text._printf_float
                0x0000000008008640      0x480 /usr/lib/gcc/arm-none-eabi/6.3.0/../../../../arm-none-eabi/lib/armv7e-m/fpu/libc_nano.a(lib_a-nano-vfprintf_float.o)
                0x0000000008008640                _printf_float
 .text._printf_common
                0x0000000008008ac0       0xec /usr/lib/gcc/arm-none-eabi/6.3.0/../../../../arm-none-eabi/lib/armv7e-m/fpu/libc_nano.a(lib_a-nano-vfprintf_i.o)
                0x0000000008008ac0                _printf_common
 .text._printf_i
                0x0000000008008bac      0x240 /usr/lib/gcc/arm-none-eabi/6.3.0/../../../../arm-none-eabi/lib/armv7e-m/fpu/libc_nano.a(lib_a-nano-vfprintf_i.o)
                0x0000000008008bac                _printf_i
 .text.printf   0x0000000008008dec       0x30 /usr/lib/gcc/arm-none-eabi/6.3.0/../../../../arm-none-eabi/lib/armv7e-m/fpu/libc_nano.a(lib_a-printf.o)
                0x0000000008008dec                printf
                0x0000000008008dec                iprintf
 .text.sprintf  0x0000000008008e1c       0x48 /usr/lib/gcc/arm-none-eabi/6.3.0/../../../../arm-none-eabi/lib/armv7e-m/fpu/libc_nano.a(lib_a-sprintf.o)
                0x0000000008008e1c                sprintf
                0x0000000008008e1c                siprintf
 .text.strcat   0x0000000008008e64       0x1e /usr/lib/gcc/arm-none-eabi/6.3.0/../../../../arm-none-eabi/lib/armv7e-m/fpu/libc_nano.a(lib_a-strcat.o)
                0x0000000008008e64                strcat
 .text.quorem   0x0000000008008e82      0x118 /usr/lib/gcc/arm-none-eabi/6.3.0/../../../../arm-none-eabi/lib/armv7e-m/fpu/libc_nano.a(lib_a-dtoa.o)
 *fill*         0x0000000008008f9a        0x6 
 .text._dtoa_r  0x0000000008008fa0      0xb9c /usr/lib/gcc/arm-none-eabi/6.3.0/../../../../arm-none-eabi/lib/armv7e-m/fpu/libc_nano.a(lib_a-dtoa.o)
                0x0000000008008fa0                _dtoa_r
 .text._cleanup_r
                0x0000000008009b3c        0xc /usr/lib/gcc/arm-none-eabi/6.3.0/../../../../arm-none-eabi/lib/armv7e-m/fpu/libc_nano.a(lib_a-findfp.o)
                0x0000000008009b3c                _cleanup_r
 .text.std.isra.0
                0x0000000008009b48       0x48 /usr/lib/gcc/arm-none-eabi/6.3.0/../../../../arm-none-eabi/lib/armv7e-m/fpu/libc_nano.a(lib_a-findfp.o)
 .text.__sfmoreglue
                0x0000000008009b90       0x2c /usr/lib/gcc/arm-none-eabi/6.3.0/../../../../arm-none-eabi/lib/armv7e-m/fpu/libc_nano.a(lib_a-findfp.o)
                0x0000000008009b90                __sfmoreglue
 .text.__sinit  0x0000000008009bbc       0x60 /usr/lib/gcc/arm-none-eabi/6.3.0/../../../../arm-none-eabi/lib/armv7e-m/fpu/libc_nano.a(lib_a-findfp.o)
                0x0000000008009bbc                __sinit
 .text.__sfp    0x0000000008009c1c       0x78 /usr/lib/gcc/arm-none-eabi/6.3.0/../../../../arm-none-eabi/lib/armv7e-m/fpu/libc_nano.a(lib_a-findfp.o)
                0x0000000008009c1c                __sfp
 .text._fwalk_reent
                0x0000000008009c94       0x3c /usr/lib/gcc/arm-none-eabi/6.3.0/../../../../arm-none-eabi/lib/armv7e-m/fpu/libc_nano.a(lib_a-fwalk.o)
                0x0000000008009c94                _fwalk_reent
 .text._localeconv_r
                0x0000000008009cd0       0x1c /usr/lib/gcc/arm-none-eabi/6.3.0/../../../../arm-none-eabi/lib/armv7e-m/fpu/libc_nano.a(lib_a-localeconv.o)
                0x0000000008009cd0                _localeconv_r
 .text.malloc   0x0000000008009cec       0x10 /usr/lib/gcc/arm-none-eabi/6.3.0/../../../../arm-none-eabi/lib/armv7e-m/fpu/libc_nano.a(lib_a-malloc.o)
                0x0000000008009cec                malloc
 .text._Balloc  0x0000000008009cfc       0x68 /usr/lib/gcc/arm-none-eabi/6.3.0/../../../../arm-none-eabi/lib/armv7e-m/fpu/libc_nano.a(lib_a-mprec.o)
                0x0000000008009cfc                _Balloc
 .text._Bfree   0x0000000008009d64       0x2e /usr/lib/gcc/arm-none-eabi/6.3.0/../../../../arm-none-eabi/lib/armv7e-m/fpu/libc_nano.a(lib_a-mprec.o)
                0x0000000008009d64                _Bfree
 .text.__multadd
                0x0000000008009d92       0x76 /usr/lib/gcc/arm-none-eabi/6.3.0/../../../../arm-none-eabi/lib/armv7e-m/fpu/libc_nano.a(lib_a-mprec.o)
                0x0000000008009d92                __multadd
 .text.__hi0bits
                0x0000000008009e08       0x3e /usr/lib/gcc/arm-none-eabi/6.3.0/../../../../arm-none-eabi/lib/armv7e-m/fpu/libc_nano.a(lib_a-mprec.o)
                0x0000000008009e08                __hi0bits
 .text.__lo0bits
                0x0000000008009e46       0x5e /usr/lib/gcc/arm-none-eabi/6.3.0/../../../../arm-none-eabi/lib/armv7e-m/fpu/libc_nano.a(lib_a-mprec.o)
                0x0000000008009e46                __lo0bits
 .text.__i2b    0x0000000008009ea4       0x12 /usr/lib/gcc/arm-none-eabi/6.3.0/../../../../arm-none-eabi/lib/armv7e-m/fpu/libc_nano.a(lib_a-mprec.o)
                0x0000000008009ea4                __i2b
 .text.__multiply
                0x0000000008009eb6      0x11a /usr/lib/gcc/arm-none-eabi/6.3.0/../../../../arm-none-eabi/lib/armv7e-m/fpu/libc_nano.a(lib_a-mprec.o)
                0x0000000008009eb6                __multiply
 .text.__pow5mult
                0x0000000008009fd0       0x9c /usr/lib/gcc/arm-none-eabi/6.3.0/../../../../arm-none-eabi/lib/armv7e-m/fpu/libc_nano.a(lib_a-mprec.o)
                0x0000000008009fd0                __pow5mult
 .text.__lshift
                0x000000000800a06c       0xa2 /usr/lib/gcc/arm-none-eabi/6.3.0/../../../../arm-none-eabi/lib/armv7e-m/fpu/libc_nano.a(lib_a-mprec.o)
                0x000000000800a06c                __lshift
 .text.__mcmp   0x000000000800a10e       0x34 /usr/lib/gcc/arm-none-eabi/6.3.0/../../../../arm-none-eabi/lib/armv7e-m/fpu/libc_nano.a(lib_a-mprec.o)
                0x000000000800a10e                __mcmp
 .text.__mdiff  0x000000000800a142       0xbc /usr/lib/gcc/arm-none-eabi/6.3.0/../../../../arm-none-eabi/lib/armv7e-m/fpu/libc_nano.a(lib_a-mprec.o)
                0x000000000800a142                __mdiff
 .text.__d2b    0x000000000800a1fe       0x9e /usr/lib/gcc/arm-none-eabi/6.3.0/../../../../arm-none-eabi/lib/armv7e-m/fpu/libc_nano.a(lib_a-mprec.o)
                0x000000000800a1fe                __d2b
 .text._calloc_r
                0x000000000800a29c       0x1c /usr/lib/gcc/arm-none-eabi/6.3.0/../../../../arm-none-eabi/lib/armv7e-m/fpu/libc_nano.a(lib_a-nano-callocr.o)
                0x000000000800a29c                _calloc_r
 .text._free_r  0x000000000800a2b8       0x9c /usr/lib/gcc/arm-none-eabi/6.3.0/../../../../arm-none-eabi/lib/armv7e-m/fpu/libc_nano.a(lib_a-nano-freer.o)
                0x000000000800a2b8                _free_r
 .text._malloc_r
                0x000000000800a354       0xbc /usr/lib/gcc/arm-none-eabi/6.3.0/../../../../arm-none-eabi/lib/armv7e-m/fpu/libc_nano.a(lib_a-nano-mallocr.o)
                0x000000000800a354                _malloc_r
 .text.__ssputs_r
                0x000000000800a410       0xb6 /usr/lib/gcc/arm-none-eabi/6.3.0/../../../../arm-none-eabi/lib/armv7e-m/fpu/libc_nano.a(lib_a-nano-svfprintf.o)
                0x000000000800a410                __ssputs_r
 *fill*         0x000000000800a4c6        0x2 
 .text._svfprintf_r
                0x000000000800a4c8      0x1e8 /usr/lib/gcc/arm-none-eabi/6.3.0/../../../../arm-none-eabi/lib/armv7e-m/fpu/libc_nano.a(lib_a-nano-svfprintf.o)
                0x000000000800a4c8                _svfprintf_r
                0x000000000800a4c8                _svfiprintf_r
 .text.__sfputc_r
                0x000000000800a6b0       0x30 /usr/lib/gcc/arm-none-eabi/6.3.0/../../../../arm-none-eabi/lib/armv7e-m/fpu/libc_nano.a(lib_a-nano-vfprintf.o)
 .text.__sfputs_r
                0x000000000800a6e0       0x24 /usr/lib/gcc/arm-none-eabi/6.3.0/../../../../arm-none-eabi/lib/armv7e-m/fpu/libc_nano.a(lib_a-nano-vfprintf.o)
                0x000000000800a6e0                __sfputs_r
 .text._vfprintf_r
                0x000000000800a704      0x22c /usr/lib/gcc/arm-none-eabi/6.3.0/../../../../arm-none-eabi/lib/armv7e-m/fpu/libc_nano.a(lib_a-nano-vfprintf.o)
                0x000000000800a704                _vfiprintf_r
                0x000000000800a704                _vfprintf_r
 .text._sbrk_r  0x000000000800a930       0x20 /usr/lib/gcc/arm-none-eabi/6.3.0/../../../../arm-none-eabi/lib/armv7e-m/fpu/libc_nano.a(lib_a-sbrkr.o)
                0x000000000800a930                _sbrk_r
 .text.__sread  0x000000000800a950       0x22 /usr/lib/gcc/arm-none-eabi/6.3.0/../../../../arm-none-eabi/lib/armv7e-m/fpu/libc_nano.a(lib_a-stdio.o)
                0x000000000800a950                __sread
 .text.__swrite
                0x000000000800a972       0x38 /usr/lib/gcc/arm-none-eabi/6.3.0/../../../../arm-none-eabi/lib/armv7e-m/fpu/libc_nano.a(lib_a-stdio.o)
                0x000000000800a972                __swrite
 .text.__sseek  0x000000000800a9aa       0x24 /usr/lib/gcc/arm-none-eabi/6.3.0/../../../../arm-none-eabi/lib/armv7e-m/fpu/libc_nano.a(lib_a-stdio.o)
                0x000000000800a9aa                __sseek
 .text.__sclose
                0x000000000800a9ce        0x8 /usr/lib/gcc/arm-none-eabi/6.3.0/../../../../arm-none-eabi/lib/armv7e-m/fpu/libc_nano.a(lib_a-stdio.o)
                0x000000000800a9ce                __sclose
 *fill*         0x000000000800a9d6        0x2 
 .text.__swbuf_r
                0x000000000800a9d8       0xa4 /usr/lib/gcc/arm-none-eabi/6.3.0/../../../../arm-none-eabi/lib/armv7e-m/fpu/libc_nano.a(lib_a-wbuf.o)
                0x000000000800a9d8                __swbuf_r
 .text._write_r
                0x000000000800aa7c       0x24 /usr/lib/gcc/arm-none-eabi/6.3.0/../../../../arm-none-eabi/lib/armv7e-m/fpu/libc_nano.a(lib_a-writer.o)
                0x000000000800aa7c                _write_r
 .text.__swsetup_r
                0x000000000800aaa0       0xdc /usr/lib/gcc/arm-none-eabi/6.3.0/../../../../arm-none-eabi/lib/armv7e-m/fpu/libc_nano.a(lib_a-wsetup.o)
                0x000000000800aaa0                __swsetup_r
 .text._close_r
                0x000000000800ab7c       0x20 /usr/lib/gcc/arm-none-eabi/6.3.0/../../../../arm-none-eabi/lib/armv7e-m/fpu/libc_nano.a(lib_a-closer.o)
                0x000000000800ab7c                _close_r
 .text.__sflush_r
                0x000000000800ab9c      0x110 /usr/lib/gcc/arm-none-eabi/6.3.0/../../../../arm-none-eabi/lib/armv7e-m/fpu/libc_nano.a(lib_a-fflush.o)
                0x000000000800ab9c                __sflush_r
 .text._fflush_r
                0x000000000800acac       0x54 /usr/lib/gcc/arm-none-eabi/6.3.0/../../../../arm-none-eabi/lib/armv7e-m/fpu/libc_nano.a(lib_a-fflush.o)
                0x000000000800acac                _fflush_r
 .text._lseek_r
                0x000000000800ad00       0x24 /usr/lib/gcc/arm-none-eabi/6.3.0/../../../../arm-none-eabi/lib/armv7e-m/fpu/libc_nano.a(lib_a-lseekr.o)
                0x000000000800ad00                _lseek_r
 .text.__swhatbuf_r
                0x000000000800ad24       0x48 /usr/lib/gcc/arm-none-eabi/6.3.0/../../../../arm-none-eabi/lib/armv7e-m/fpu/libc_nano.a(lib_a-makebuf.o)
                0x000000000800ad24                __swhatbuf_r
 .text.__smakebuf_r
                0x000000000800ad6c       0x80 /usr/lib/gcc/arm-none-eabi/6.3.0/../../../../arm-none-eabi/lib/armv7e-m/fpu/libc_nano.a(lib_a-makebuf.o)
                0x000000000800ad6c                __smakebuf_r
 .text.__ascii_mbtowc
                0x000000000800adec       0x24 /usr/lib/gcc/arm-none-eabi/6.3.0/../../../../arm-none-eabi/lib/armv7e-m/fpu/libc_nano.a(lib_a-mbtowc_r.o)
                0x000000000800adec                __ascii_mbtowc
 .text.memmove  0x000000000800ae10       0x34 /usr/lib/gcc/arm-none-eabi/6.3.0/../../../../arm-none-eabi/lib/armv7e-m/fpu/libc_nano.a(lib_a-memmove.o)
                0x000000000800ae10                memmove
 .text.__malloc_lock
                0x000000000800ae44        0x2 /usr/lib/gcc/arm-none-eabi/6.3.0/../../../../arm-none-eabi/lib/armv7e-m/fpu/libc_nano.a(lib_a-mlock.o)
                0x000000000800ae44                __malloc_lock
 .text.__malloc_unlock
                0x000000000800ae46        0x2 /usr/lib/gcc/arm-none-eabi/6.3.0/../../../../arm-none-eabi/lib/armv7e-m/fpu/libc_nano.a(lib_a-mlock.o)
                0x000000000800ae46                __malloc_unlock
 .text._realloc_r
                0x000000000800ae48       0x4c /usr/lib/gcc/arm-none-eabi/6.3.0/../../../../arm-none-eabi/lib/armv7e-m/fpu/libc_nano.a(lib_a-nano-reallocr.o)
                0x000000000800ae48                _realloc_r
 .text._read_r  0x000000000800ae94       0x24 /usr/lib/gcc/arm-none-eabi/6.3.0/../../../../arm-none-eabi/lib/armv7e-m/fpu/libc_nano.a(lib_a-readr.o)
                0x000000000800ae94                _read_r
 .text.__ascii_wctomb
                0x000000000800aeb8       0x1a /usr/lib/gcc/arm-none-eabi/6.3.0/../../../../arm-none-eabi/lib/armv7e-m/fpu/libc_nano.a(lib_a-wctomb_r.o)
                0x000000000800aeb8                __ascii_wctomb
 *fill*         0x000000000800aed2        0x2 
 .text._fstat_r
                0x000000000800aed4       0x24 /usr/lib/gcc/arm-none-eabi/6.3.0/../../../../arm-none-eabi/lib/armv7e-m/fpu/libc_nano.a(lib_a-fstatr.o)
                0x000000000800aed4                _fstat_r
 .text._isatty_r
                0x000000000800aef8       0x20 /usr/lib/gcc/arm-none-eabi/6.3.0/../../../../arm-none-eabi/lib/armv7e-m/fpu/libc_nano.a(lib_a-isattyr.o)
                0x000000000800aef8                _isatty_r
 .text._malloc_usable_size_r
                0x000000000800af18       0x12 /usr/lib/gcc/arm-none-eabi/6.3.0/../../../../arm-none-eabi/lib/armv7e-m/fpu/libc_nano.a(lib_a-nano-msizer.o)
                0x000000000800af18                _malloc_usable_size_r
 *fill*         0x000000000800af2a        0x6 
 .text.cos      0x000000000800af30       0xc0 /usr/lib/gcc/arm-none-eabi/6.3.0/../../../../arm-none-eabi/lib/armv7e-m/fpu/libm.a(lib_a-s_cos.o)
                0x000000000800af30                cos
 .text.sin      0x000000000800aff0       0xc0 /usr/lib/gcc/arm-none-eabi/6.3.0/../../../../arm-none-eabi/lib/armv7e-m/fpu/libm.a(lib_a-s_sin.o)
                0x000000000800aff0                sin
 .text.atan2    0x000000000800b0b0        0x4 /usr/lib/gcc/arm-none-eabi/6.3.0/../../../../arm-none-eabi/lib/armv7e-m/fpu/libm.a(lib_a-w_atan2.o)
                0x000000000800b0b0                atan2
 .text.sqrt     0x000000000800b0b4       0xb8 /usr/lib/gcc/arm-none-eabi/6.3.0/../../../../arm-none-eabi/lib/armv7e-m/fpu/libm.a(lib_a-w_sqrt.o)
                0x000000000800b0b4                sqrt
 *fill*         0x000000000800b16c        0x4 
 .text.__ieee754_atan2
                0x000000000800b170      0x1c4 /usr/lib/gcc/arm-none-eabi/6.3.0/../../../../arm-none-eabi/lib/armv7e-m/fpu/libm.a(lib_a-e_atan2.o)
                0x000000000800b170                __ieee754_atan2
 *fill*         0x000000000800b334        0x4 
 .text.__ieee754_rem_pio2
                0x000000000800b338      0x44c /usr/lib/gcc/arm-none-eabi/6.3.0/../../../../arm-none-eabi/lib/armv7e-m/fpu/libm.a(lib_a-e_rem_pio2.o)
                0x000000000800b338                __ieee754_rem_pio2
 .text.__ieee754_sqrt
                0x000000000800b784      0x198 /usr/lib/gcc/arm-none-eabi/6.3.0/../../../../arm-none-eabi/lib/armv7e-m/fpu/libm.a(lib_a-e_sqrt.o)
                0x000000000800b784                __ieee754_sqrt
 *fill*         0x000000000800b91c        0x4 
 .text.__kernel_cos
                0x000000000800b920      0x284 /usr/lib/gcc/arm-none-eabi/6.3.0/../../../../arm-none-eabi/lib/armv7e-m/fpu/libm.a(lib_a-k_cos.o)
                0x000000000800b920                __kernel_cos
 *fill*         0x000000000800bba4        0x4 
 .text.__kernel_rem_pio2
                0x000000000800bba8      0x870 /usr/lib/gcc/arm-none-eabi/6.3.0/../../../../arm-none-eabi/lib/armv7e-m/fpu/libm.a(lib_a-k_rem_pio2.o)
                0x000000000800bba8                __kernel_rem_pio2
 .text.__kernel_sin
                0x000000000800c418      0x194 /usr/lib/gcc/arm-none-eabi/6.3.0/../../../../arm-none-eabi/lib/armv7e-m/fpu/libm.a(lib_a-k_sin.o)
                0x000000000800c418                __kernel_sin
 *fill*         0x000000000800c5ac        0x4 
 .text.atan     0x000000000800c5b0      0x368 /usr/lib/gcc/arm-none-eabi/6.3.0/../../../../arm-none-eabi/lib/armv7e-m/fpu/libm.a(lib_a-s_atan.o)
                0x000000000800c5b0                atan
 .text.fabs     0x000000000800c918       0x10 /usr/lib/gcc/arm-none-eabi/6.3.0/../../../../arm-none-eabi/lib/armv7e-m/fpu/libm.a(lib_a-s_fabs.o)
                0x000000000800c918                fabs
 .text.floor    0x000000000800c928      0x120 /usr/lib/gcc/arm-none-eabi/6.3.0/../../../../arm-none-eabi/lib/armv7e-m/fpu/libm.a(lib_a-s_floor.o)
                0x000000000800c928                floor
 .text.matherr  0x000000000800ca48        0x4 /usr/lib/gcc/arm-none-eabi/6.3.0/../../../../arm-none-eabi/lib/armv7e-m/fpu/libm.a(lib_a-s_matherr.o)
                0x000000000800ca48                matherr
 *fill*         0x000000000800ca4c        0x4 
 .text.scalbn   0x000000000800ca50      0x10c /usr/lib/gcc/arm-none-eabi/6.3.0/../../../../arm-none-eabi/lib/armv7e-m/fpu/libm.a(lib_a-s_scalbn.o)
                0x000000000800ca50                scalbn
 .text.copysign
                0x000000000800cb5c       0x1c /usr/lib/gcc/arm-none-eabi/6.3.0/../../../../arm-none-eabi/lib/armv7e-m/fpu/libm.a(lib_a-s_copysign.o)
                0x000000000800cb5c                copysign
 .text._close   0x000000000800cb78       0x10 /usr/lib/gcc/arm-none-eabi/6.3.0/../../../../arm-none-eabi/lib/armv7e-m/fpu/libnosys.a(close.o)
                0x000000000800cb78                _close
 .text._fstat   0x000000000800cb88       0x10 /usr/lib/gcc/arm-none-eabi/6.3.0/../../../../arm-none-eabi/lib/armv7e-m/fpu/libnosys.a(fstat.o)
                0x000000000800cb88                _fstat
 .text._isatty  0x000000000800cb98       0x10 /usr/lib/gcc/arm-none-eabi/6.3.0/../../../../arm-none-eabi/lib/armv7e-m/fpu/libnosys.a(isatty.o)
                0x000000000800cb98                _isatty
 .text._lseek   0x000000000800cba8       0x10 /usr/lib/gcc/arm-none-eabi/6.3.0/../../../../arm-none-eabi/lib/armv7e-m/fpu/libnosys.a(lseek.o)
                0x000000000800cba8                _lseek
 .text._read    0x000000000800cbb8       0x10 /usr/lib/gcc/arm-none-eabi/6.3.0/../../../../arm-none-eabi/lib/armv7e-m/fpu/libnosys.a(read.o)
                0x000000000800cbb8                _read
 .text._sbrk    0x000000000800cbc8       0x1c /usr/lib/gcc/arm-none-eabi/6.3.0/../../../../arm-none-eabi/lib/armv7e-m/fpu/libnosys.a(sbrk.o)
                0x000000000800cbc8                _sbrk
 .text.__errno  0x000000000800cbe4        0xc /usr/lib/gcc/arm-none-eabi/6.3.0/../../../../arm-none-eabi/lib/armv7e-m/fpu/libc_nano.a(lib_a-errno.o)
                0x000000000800cbe4                __errno
 *(.glue_7)
 .glue_7        0x000000000800cbf0        0x0 linker stubs
 *(.glue_7t)
 .glue_7t       0x000000000800cbf0        0x0 linker stubs
 *(.eh_frame)
 .eh_frame      0x000000000800cbf0        0x0 /usr/lib/gcc/arm-none-eabi/6.3.0/armv7e-m/fpu/crtbegin.o
 *(.init)
 .init          0x000000000800cbf0        0x4 /usr/lib/gcc/arm-none-eabi/6.3.0/armv7e-m/fpu/crti.o
                0x000000000800cbf0                _init
 .init          0x000000000800cbf4        0x8 /usr/lib/gcc/arm-none-eabi/6.3.0/armv7e-m/fpu/crtn.o
 *(.fini)
 .fini          0x000000000800cbfc        0x4 /usr/lib/gcc/arm-none-eabi/6.3.0/armv7e-m/fpu/crti.o
                0x000000000800cbfc                _fini
 .fini          0x000000000800cc00        0x8 /usr/lib/gcc/arm-none-eabi/6.3.0/armv7e-m/fpu/crtn.o
                0x000000000800cc08                . = ALIGN (0x4)
                0x000000000800cc08                _etext = .

.vfp11_veneer   0x000000000800cc08        0x0
 .vfp11_veneer  0x000000000800cc08        0x0 linker stubs

.v4_bx          0x000000000800cc08        0x0
 .v4_bx         0x000000000800cc08        0x0 linker stubs

.iplt           0x000000000800cc08        0x0
 .iplt          0x000000000800cc08        0x0 /usr/lib/gcc/arm-none-eabi/6.3.0/armv7e-m/fpu/crtbegin.o

.rodata         0x000000000800cc08     0x41b8
                0x000000000800cc08                . = ALIGN (0x4)
 *(.rodata)
 *(.rodata*)
 .rodata.b_st.str1.4
                0x000000000800cc08        0xc build/app_main.o
 .rodata.b_time.str1.4
                0x000000000800cc14       0x57 build/app_main.o
 *fill*         0x000000000800cc6b        0x1 
 .rodata.str1.4
                0x000000000800cc6c      0x1d2 build/app_main.o
 *fill*         0x000000000800ce3e        0x2 
 .rodata.controls_595_init.str1.4
                0x000000000800ce40        0x7 build/controls_595.o
 *fill*         0x000000000800ce47        0x1 
 .rodata.compass_init.str1.4
                0x000000000800ce48        0x8 build/compass.o
 .rodata.flagBitshiftOffset.8851
                0x000000000800ce50        0x8 build/stm32f4xx_hal_dma.o
 .rodata.APBAHBPrescTable
                0x000000000800ce58       0x10 build/stm32f4xx_hal_rcc.o
                0x000000000800ce58                APBAHBPrescTable
 .rodata.gui_init.str1.4
                0x000000000800ce68        0x8 build/gui.o
                                          0x4 (size before relaxing)
 .rodata.gui_create_compass.str1.4
                0x000000000800ce68       0x14 build/gui_compass.o
 .rodata.inputs_input.str1.4
                0x000000000800ce7c        0x4 build/inputs.o
 .rodata.ArialNarrow_15_SymbolTable
                0x000000000800ce7c     0x1040 build/Arial15.o
                0x000000000800ce7c                ArialNarrow_15_SymbolTable
 .rodata.F_Arial15
                0x000000000800debc       0x18 build/Arial15.o
                0x000000000800debc                F_Arial15
 .rodata.ArialBold_24_OffsetTable
                0x000000000800ded4      0x1c0 build/Arial24.o
                0x000000000800ded4                ArialBold_24_OffsetTable
 .rodata.ArialBold_24_SymbolTable
                0x000000000800e094     0x2700 build/Arial24.o
                0x000000000800e094                ArialBold_24_SymbolTable
 .rodata.ArialBold_24_WidthTable
                0x0000000008010794       0xe0 build/Arial24.o
                0x0000000008010794                ArialBold_24_WidthTable
 .rodata.F_Arial24
                0x0000000008010874       0x18 build/Arial24.o
                0x0000000008010874                F_Arial24
 .rodata._m_button_input.str1.4
                0x000000000801088c       0x11 build/makise_e_buttons.o
 *fill*         0x000000000801089d        0x3 
 .rodata.m_create_button.str1.4
                0x00000000080108a0       0x13 build/makise_e_buttons.o
 *fill*         0x00000000080108b3        0x1 
 .rodata.m_create_text_field.str1.4
                0x00000000080108b4       0x17 build/makise_e_text_field.o
 *fill*         0x00000000080108cb        0x1 
 .rodata.SD_Driver
                0x00000000080108cc       0x14 build/sd_diskio.o
                0x00000000080108cc                SD_Driver
 .rodata._global_impure_ptr
                0x00000000080108e0        0x4 /usr/lib/gcc/arm-none-eabi/6.3.0/../../../../arm-none-eabi/lib/armv7e-m/fpu/libc_nano.a(lib_a-impure.o)
                0x00000000080108e0                _global_impure_ptr
 .rodata._printf_float.str1.1
                0x00000000080108e4       0x12 /usr/lib/gcc/arm-none-eabi/6.3.0/../../../../arm-none-eabi/lib/armv7e-m/fpu/libc_nano.a(lib_a-nano-vfprintf_float.o)
 .rodata._printf_i.str1.1
                0x00000000080108f6       0x22 /usr/lib/gcc/arm-none-eabi/6.3.0/../../../../arm-none-eabi/lib/armv7e-m/fpu/libc_nano.a(lib_a-nano-vfprintf_i.o)
 .rodata._dtoa_r.str1.1
                0x0000000008010918        0xd /usr/lib/gcc/arm-none-eabi/6.3.0/../../../../arm-none-eabi/lib/armv7e-m/fpu/libc_nano.a(lib_a-dtoa.o)
                                          0xf (size before relaxing)
 *fill*         0x0000000008010925        0x3 
 .rodata.__sf_fake_stderr
                0x0000000008010928       0x20 /usr/lib/gcc/arm-none-eabi/6.3.0/../../../../arm-none-eabi/lib/armv7e-m/fpu/libc_nano.a(lib_a-findfp.o)
                0x0000000008010928                __sf_fake_stderr
 .rodata.__sf_fake_stdin
                0x0000000008010948       0x20 /usr/lib/gcc/arm-none-eabi/6.3.0/../../../../arm-none-eabi/lib/armv7e-m/fpu/libc_nano.a(lib_a-findfp.o)
                0x0000000008010948                __sf_fake_stdin
 .rodata.__sf_fake_stdout
                0x0000000008010968       0x20 /usr/lib/gcc/arm-none-eabi/6.3.0/../../../../arm-none-eabi/lib/armv7e-m/fpu/libc_nano.a(lib_a-findfp.o)
                0x0000000008010968                __sf_fake_stdout
 .rodata.__mprec_bigtens
                0x0000000008010988       0x28 /usr/lib/gcc/arm-none-eabi/6.3.0/../../../../arm-none-eabi/lib/armv7e-m/fpu/libc_nano.a(lib_a-mprec.o)
                0x0000000008010988                __mprec_bigtens
 .rodata.__mprec_tens
                0x00000000080109b0       0xc8 /usr/lib/gcc/arm-none-eabi/6.3.0/../../../../arm-none-eabi/lib/armv7e-m/fpu/libc_nano.a(lib_a-mprec.o)
                0x00000000080109b0                __mprec_tens
 .rodata.p05.7151
                0x0000000008010a78        0xc /usr/lib/gcc/arm-none-eabi/6.3.0/../../../../arm-none-eabi/lib/armv7e-m/fpu/libc_nano.a(lib_a-mprec.o)
 .rodata._svfprintf_r.str1.1
                0x0000000008010a84       0x11 /usr/lib/gcc/arm-none-eabi/6.3.0/../../../../arm-none-eabi/lib/armv7e-m/fpu/libc_nano.a(lib_a-nano-svfprintf.o)
 .rodata._vfprintf_r.str1.1
                0x0000000008010a95       0x11 /usr/lib/gcc/arm-none-eabi/6.3.0/../../../../arm-none-eabi/lib/armv7e-m/fpu/libc_nano.a(lib_a-nano-vfprintf.o)
 .rodata._setlocale_r.str1.1
                0x0000000008010a95        0x8 /usr/lib/gcc/arm-none-eabi/6.3.0/../../../../arm-none-eabi/lib/armv7e-m/fpu/libc_nano.a(lib_a-locale.o)
                                          0x9 (size before relaxing)
 .rodata.str1.1
                0x0000000008010a9d        0x2 /usr/lib/gcc/arm-none-eabi/6.3.0/../../../../arm-none-eabi/lib/armv7e-m/fpu/libc_nano.a(lib_a-locale.o)
 .rodata._ctype_
                0x0000000008010a9f      0x101 /usr/lib/gcc/arm-none-eabi/6.3.0/../../../../arm-none-eabi/lib/armv7e-m/fpu/libc_nano.a(lib_a-ctype_.o)
                0x0000000008010a9f                _ctype_
 .rodata.sqrt.str1.4
                0x0000000008010ba0        0x8 /usr/lib/gcc/arm-none-eabi/6.3.0/../../../../arm-none-eabi/lib/armv7e-m/fpu/libm.a(lib_a-w_sqrt.o)
                                          0x5 (size before relaxing)
 .rodata.npio2_hw
                0x0000000008010ba8       0x80 /usr/lib/gcc/arm-none-eabi/6.3.0/../../../../arm-none-eabi/lib/armv7e-m/fpu/libm.a(lib_a-e_rem_pio2.o)
 .rodata.two_over_pi
                0x0000000008010c28      0x108 /usr/lib/gcc/arm-none-eabi/6.3.0/../../../../arm-none-eabi/lib/armv7e-m/fpu/libm.a(lib_a-e_rem_pio2.o)
 .rodata.PIo2   0x0000000008010d30       0x40 /usr/lib/gcc/arm-none-eabi/6.3.0/../../../../arm-none-eabi/lib/armv7e-m/fpu/libm.a(lib_a-k_rem_pio2.o)
 .rodata.init_jk
                0x0000000008010d70       0x10 /usr/lib/gcc/arm-none-eabi/6.3.0/../../../../arm-none-eabi/lib/armv7e-m/fpu/libm.a(lib_a-k_rem_pio2.o)
 .rodata.atanhi
                0x0000000008010d80       0x20 /usr/lib/gcc/arm-none-eabi/6.3.0/../../../../arm-none-eabi/lib/armv7e-m/fpu/libm.a(lib_a-s_atan.o)
 .rodata.atanlo
                0x0000000008010da0       0x20 /usr/lib/gcc/arm-none-eabi/6.3.0/../../../../arm-none-eabi/lib/armv7e-m/fpu/libm.a(lib_a-s_atan.o)
                0x0000000008010dc0                . = ALIGN (0x4)

.rel.dyn        0x0000000008010dc0        0x0
 .rel.iplt      0x0000000008010dc0        0x0 /usr/lib/gcc/arm-none-eabi/6.3.0/armv7e-m/fpu/crtbegin.o

.ARM.extab
 *(.ARM.extab* .gnu.linkonce.armextab.*)

.ARM            0x0000000008010dc0        0x0
                0x0000000008010dc0                __exidx_start = .
 *(.ARM.exidx*)
                0x0000000008010dc0                __exidx_end = .

.preinit_array  0x0000000008010dc0        0x0
                0x0000000008010dc0                PROVIDE (__preinit_array_start, .)
 *(.preinit_array*)
                0x0000000008010dc0                PROVIDE (__preinit_array_end, .)

.init_array     0x0000000008010dc0        0x4
                0x0000000008010dc0                PROVIDE (__init_array_start, .)
 *(SORT(.init_array.*))
 *(.init_array*)
 .init_array    0x0000000008010dc0        0x4 /usr/lib/gcc/arm-none-eabi/6.3.0/armv7e-m/fpu/crtbegin.o
                0x0000000008010dc4                PROVIDE (__init_array_end, .)

.fini_array     0x0000000008010dc4        0x4
                0x0000000008010dc4                PROVIDE (__fini_array_start, .)
 *(SORT(.fini_array.*))
 *(.fini_array*)
 .fini_array    0x0000000008010dc4        0x4 /usr/lib/gcc/arm-none-eabi/6.3.0/armv7e-m/fpu/crtbegin.o
                0x0000000008010dc8                PROVIDE (__fini_array_end, .)
                0x0000000008010dc8                _sidata = LOADADDR (.data)

.data           0x0000000020000000      0x654 load address 0x0000000008010dc8
                0x0000000020000000                . = ALIGN (0x4)
                0x0000000020000000                _sdata = .
 *(.data)
 *(.data*)
 .data.but_t    0x0000000020000000        0xc build/app_main.o
                0x0000000020000000                but_t
 .data.button_style
                0x000000002000000c       0x4c build/app_main.o
                0x000000002000000c                button_style
 .data.text_style
                0x0000000020000058       0x4c build/app_main.o
                0x0000000020000058                text_style
 .data.inputs_buttons
                0x00000000200000a4       0xc0 build/inputs.o
                0x00000000200000a4                inputs_buttons
 .data.inputs_outs
                0x0000000020000164       0x30 build/inputs.o
                0x0000000020000164                inputs_outs
 .data._makise_color_palette_default
                0x0000000020000194       0x40 build/makise_colors.o
                0x0000000020000194                _makise_color_palette_default
 .data.makise_color_palette
                0x00000000200001d4        0x4 build/makise_colors.o
                0x00000000200001d4                makise_color_palette
 .data.ArialNarrow_15_OffsetTable
                0x00000000200001d8      0x1c0 build/Arial15.o
                0x00000000200001d8                ArialNarrow_15_OffsetTable
 .data.ArialNarrow_15_WidthTable
                0x0000000020000398       0xe0 build/Arial15.o
                0x0000000020000398                ArialNarrow_15_WidthTable
 .data.Stat     0x0000000020000478        0x1 build/sd_diskio.o
 *fill*         0x0000000020000479        0x3 
 .data.SystemCoreClock
                0x000000002000047c        0x4 build/system_stm32f4xx.o
                0x000000002000047c                SystemCoreClock
 .data._impure_ptr
                0x0000000020000480        0x4 /usr/lib/gcc/arm-none-eabi/6.3.0/../../../../arm-none-eabi/lib/armv7e-m/fpu/libc_nano.a(lib_a-impure.o)
                0x0000000020000480                _impure_ptr
 .data.impure_data
                0x0000000020000484       0x60 /usr/lib/gcc/arm-none-eabi/6.3.0/../../../../arm-none-eabi/lib/armv7e-m/fpu/libc_nano.a(lib_a-impure.o)
 .data.__global_locale
                0x00000000200004e4      0x16c /usr/lib/gcc/arm-none-eabi/6.3.0/../../../../arm-none-eabi/lib/armv7e-m/fpu/libc_nano.a(lib_a-locale.o)
                0x00000000200004e4                __global_locale
 .data.__fdlib_version
                0x0000000020000650        0x1 /usr/lib/gcc/arm-none-eabi/6.3.0/../../../../arm-none-eabi/lib/armv7e-m/fpu/libm.a(lib_a-s_lib_ver.o)
                0x0000000020000650                __fdlib_version
                0x0000000020000654                . = ALIGN (0x4)
 *fill*         0x0000000020000651        0x3 
                0x0000000020000654                _edata = .

.jcr            0x0000000020000654        0x0 load address 0x000000000801141c
 .jcr           0x0000000020000654        0x0 /usr/lib/gcc/arm-none-eabi/6.3.0/armv7e-m/fpu/crtbegin.o

.igot.plt       0x0000000020000654        0x0 load address 0x000000000801141c
 .igot.plt      0x0000000020000654        0x0 /usr/lib/gcc/arm-none-eabi/6.3.0/armv7e-m/fpu/crtbegin.o
                0x0000000020000654                . = ALIGN (0x4)

.bss            0x0000000020000658    0x10158 load address 0x000000000801141c
                0x0000000020000658                _sbss = .
                0x0000000020000658                __bss_start__ = _sbss
 *(.bss)
 *(.bss*)
 .bss.completed.9708
                0x0000000020000658        0x1 /usr/lib/gcc/arm-none-eabi/6.3.0/armv7e-m/fpu/crtbegin.o
 *fill*         0x0000000020000659        0x3 
 .bss.object.9713
                0x000000002000065c       0x18 /usr/lib/gcc/arm-none-eabi/6.3.0/armv7e-m/fpu/crtbegin.o
 .bss.buf       0x0000000020000674      0x400 build/app_main.o
                0x0000000020000674                buf
 .bss.last_ch   0x0000000020000a74        0x4 build/app_main.o
                0x0000000020000a74                last_ch
 .bss.out       0x0000000020000a78     0x2358 build/app_main.o
                0x0000000020000a78                out
 .bss.ang       0x0000000020002dd0        0x4 build/compass.o
                0x0000000020002dd0                ang
 .bss.bb        0x0000000020002dd4     0x9600 build/gui.o
                0x0000000020002dd4                bb
 .bss.sb        0x000000002000c3d4     0x3d40 build/gui.o
                0x000000002000c3d4                sb
 .bss._makise_new_id
                0x0000000020010114        0x4 build/makise_gui.o
                0x0000000020010114                _makise_new_id
 .bss.disk      0x0000000020010118        0xc build/ff_gen_drv.o
                0x0000000020010118                disk
 .bss.__malloc_free_list
                0x0000000020010124        0x4 /usr/lib/gcc/arm-none-eabi/6.3.0/../../../../arm-none-eabi/lib/armv7e-m/fpu/libc_nano.a(lib_a-nano-mallocr.o)
                0x0000000020010124                __malloc_free_list
 .bss.__malloc_sbrk_start
                0x0000000020010128        0x4 /usr/lib/gcc/arm-none-eabi/6.3.0/../../../../arm-none-eabi/lib/armv7e-m/fpu/libc_nano.a(lib_a-nano-mallocr.o)
                0x0000000020010128                __malloc_sbrk_start
 .bss.heap_end.5215
                0x000000002001012c        0x4 /usr/lib/gcc/arm-none-eabi/6.3.0/../../../../arm-none-eabi/lib/armv7e-m/fpu/libnosys.a(sbrk.o)
 *(COMMON)
 COMMON         0x0000000020010130      0x218 build/app_main.o
                0x0000000020010130                comp
                0x00000000200101a8                tf
                0x0000000020010204                but
 COMMON         0x0000000020010348       0x14 build/controls_595.o
                0x0000000020010348                _controls_595_outs_len
                0x000000002001034c                _controls_595_buttons
                0x0000000020010350                _controls_595_buttons_len
                0x0000000020010354                _controls_595_outs
                0x0000000020010358                _controls_595_buttons_handler
 COMMON         0x000000002001035c        0x4 build/stm32f4xx_hal.o
                0x000000002001035c                uwTick
 COMMON         0x0000000020010360       0xf8 build/gui.o
                0x0000000020010360                host
                0x0000000020010364                hs
                0x00000000200103e0                mGui
                0x00000000200103e4                Bu
                0x00000000200103f8                co
                0x0000000020010414                Dr
                0x0000000020010444                Gu
 COMMON         0x0000000020010458        0xc build/makise.o
                0x0000000020010458                kpsett
                0x000000002001045c                kpset32
                0x0000000020010460                kpset
 COMMON         0x0000000020010464       0x60 build/dma.o
                0x0000000020010464                hdma_memtomem_dma2_stream0
 COMMON         0x00000000200104c4        0x8 build/fatfs.o
                0x00000000200104c4                retSD
                0x00000000200104c8                SD_Path
 COMMON         0x00000000200104cc       0x54 build/i2c.o
                0x00000000200104cc                hi2c1
 COMMON         0x0000000020010520       0xb8 build/sdio.o
                0x0000000020010520                SDCardInfo
                0x0000000020010578                hsd
 COMMON         0x00000000200105d8       0xb8 build/spi.o
                0x00000000200105d8                hspi1
                0x0000000020010630                hdma_spi1_tx
 COMMON         0x0000000020010690       0x3c build/tim.o
                0x0000000020010690                htim3
 COMMON         0x00000000200106cc       0xe0 build/usart.o
                0x00000000200106cc                hdma_usart1_rx
                0x000000002001072c                huart1
                0x000000002001076c                huart6
 COMMON         0x00000000200107ac        0x4 /usr/lib/gcc/arm-none-eabi/6.3.0/../../../../arm-none-eabi/lib/armv7e-m/fpu/libc_nano.a(lib_a-reent.o)
                0x00000000200107ac                errno
                0x00000000200107b0                . = ALIGN (0x4)
                0x00000000200107b0                _ebss = .
                0x00000000200107b0                __bss_end__ = _ebss

._user_heap_stack
                0x00000000200107b0     0x4000 load address 0x000000000801141c
                0x00000000200107b0                . = ALIGN (0x8)
                0x00000000200107b0                PROVIDE (end, .)
                [!provide]                        PROVIDE (_end, .)
                0x00000000200127b0                . = (. + _Min_Heap_Size)
 *fill*         0x00000000200107b0     0x2000 
                0x00000000200147b0                . = (. + _Min_Stack_Size)
 *fill*         0x00000000200127b0     0x2000 
                0x00000000200147b0                . = ALIGN (0x8)

/DISCARD/
 libc.a(*)
 libm.a(*)
 libgcc.a(*)

.ARM.attributes
                0x0000000000000000       0x30
 *(.ARM.attributes)
 .ARM.attributes
                0x0000000000000000       0x22 /usr/lib/gcc/arm-none-eabi/6.3.0/armv7e-m/fpu/crti.o
 .ARM.attributes
                0x0000000000000022       0x34 /usr/lib/gcc/arm-none-eabi/6.3.0/armv7e-m/fpu/crtbegin.o
 .ARM.attributes
                0x0000000000000056       0x35 build/app_main.o
 .ARM.attributes
                0x000000000000008b       0x35 build/controls_595.o
 .ARM.attributes
                0x00000000000000c0       0x35 build/compass.o
 .ARM.attributes
                0x00000000000000f5       0x35 build/stm32f4xx_hal.o
 .ARM.attributes
                0x000000000000012a       0x35 build/stm32f4xx_hal_cortex.o
 .ARM.attributes
                0x000000000000015f       0x35 build/stm32f4xx_hal_dma.o
 .ARM.attributes
                0x0000000000000194       0x35 build/stm32f4xx_hal_gpio.o
 .ARM.attributes
                0x00000000000001c9       0x35 build/stm32f4xx_hal_i2c.o
 .ARM.attributes
                0x00000000000001fe       0x35 build/stm32f4xx_hal_rcc.o
 .ARM.attributes
                0x0000000000000233       0x35 build/stm32f4xx_hal_sd.o
 .ARM.attributes
                0x0000000000000268       0x35 build/stm32f4xx_hal_spi.o
 .ARM.attributes
                0x000000000000029d       0x35 build/stm32f4xx_hal_tim.o
 .ARM.attributes
                0x00000000000002d2       0x35 build/stm32f4xx_hal_tim_ex.o
 .ARM.attributes
                0x0000000000000307       0x35 build/stm32f4xx_hal_uart.o
 .ARM.attributes
                0x000000000000033c       0x35 build/stm32f4xx_ll_sdmmc.o
 .ARM.attributes
                0x0000000000000371       0x35 build/gui.o
 .ARM.attributes
                0x00000000000003a6       0x35 build/gui_compass.o
 .ARM.attributes
                0x00000000000003db       0x35 build/inputs.o
 .ARM.attributes
                0x0000000000000410       0x35 build/makise.o
 .ARM.attributes
                0x0000000000000445       0x35 build/makise_colors.o
 .ARM.attributes
                0x000000000000047a       0x35 build/makise_primitives.o
 .ARM.attributes
                0x00000000000004af       0x35 build/makise_text.o
 .ARM.attributes
                0x00000000000004e4       0x35 build/Arial15.o
 .ARM.attributes
                0x0000000000000519       0x35 build/Arial24.o
 .ARM.attributes
                0x000000000000054e       0x35 build/makise_gui.o
 .ARM.attributes
                0x0000000000000583       0x35 build/makise_gui_container.o
 .ARM.attributes
                0x00000000000005b8       0x35 build/makise_gui_elements.o
 .ARM.attributes
                0x00000000000005ed       0x35 build/makise_e.o
 .ARM.attributes
                0x0000000000000622       0x35 build/makise_e_buttons.o
 .ARM.attributes
                0x0000000000000657       0x35 build/makise_e_text_field.o
 .ARM.attributes
                0x000000000000068c       0x35 build/ili9340.o
 .ARM.attributes
                0x00000000000006c1       0x35 build/ff_gen_drv.o
 .ARM.attributes
                0x00000000000006f6       0x35 build/sd_diskio.o
 .ARM.attributes
                0x000000000000072b       0x35 build/bsp_driver_sd.o
 .ARM.attributes
                0x0000000000000760       0x35 build/dma.o
 .ARM.attributes
                0x0000000000000795       0x35 build/fatfs.o
 .ARM.attributes
                0x00000000000007ca       0x35 build/gpio.o
 .ARM.attributes
                0x00000000000007ff       0x35 build/i2c.o
 .ARM.attributes
                0x0000000000000834       0x35 build/main.o
 .ARM.attributes
                0x0000000000000869       0x35 build/printf.o
 .ARM.attributes
                0x000000000000089e       0x35 build/sdio.o
 .ARM.attributes
                0x00000000000008d3       0x35 build/spi.o
 .ARM.attributes
                0x0000000000000908       0x35 build/stm32f4xx_hal_msp.o
 .ARM.attributes
                0x000000000000093d       0x35 build/stm32f4xx_it.o
 .ARM.attributes
                0x0000000000000972       0x35 build/system_stm32f4xx.o
 .ARM.attributes
                0x00000000000009a7       0x35 build/tim.o
 .ARM.attributes
                0x00000000000009dc       0x35 build/usart.o
 .ARM.attributes
                0x0000000000000a11       0x21 build/startup_stm32f401xe.o
 .ARM.attributes
                0x0000000000000a32       0x34 /usr/lib/gcc/arm-none-eabi/6.3.0/../../../../arm-none-eabi/lib/armv7e-m/fpu/libc_nano.a(lib_a-impure.o)
 .ARM.attributes
                0x0000000000000a66       0x34 /usr/lib/gcc/arm-none-eabi/6.3.0/../../../../arm-none-eabi/lib/armv7e-m/fpu/libc_nano.a(lib_a-init.o)
 .ARM.attributes
                0x0000000000000a9a       0x34 /usr/lib/gcc/arm-none-eabi/6.3.0/../../../../arm-none-eabi/lib/armv7e-m/fpu/libc_nano.a(lib_a-memcpy-stub.o)
 .ARM.attributes
                0x0000000000000ace       0x34 /usr/lib/gcc/arm-none-eabi/6.3.0/../../../../arm-none-eabi/lib/armv7e-m/fpu/libc_nano.a(lib_a-memset.o)
 .ARM.attributes
                0x0000000000000b02       0x34 /usr/lib/gcc/arm-none-eabi/6.3.0/../../../../arm-none-eabi/lib/armv7e-m/fpu/libc_nano.a(lib_a-nano-vfprintf_float.o)
 .ARM.attributes
                0x0000000000000b36       0x34 /usr/lib/gcc/arm-none-eabi/6.3.0/../../../../arm-none-eabi/lib/armv7e-m/fpu/libc_nano.a(lib_a-nano-vfprintf_i.o)
 .ARM.attributes
                0x0000000000000b6a       0x34 /usr/lib/gcc/arm-none-eabi/6.3.0/../../../../arm-none-eabi/lib/armv7e-m/fpu/libc_nano.a(lib_a-printf.o)
 .ARM.attributes
                0x0000000000000b9e       0x34 /usr/lib/gcc/arm-none-eabi/6.3.0/../../../../arm-none-eabi/lib/armv7e-m/fpu/libc_nano.a(lib_a-sprintf.o)
 .ARM.attributes
                0x0000000000000bd2       0x34 /usr/lib/gcc/arm-none-eabi/6.3.0/../../../../arm-none-eabi/lib/armv7e-m/fpu/libc_nano.a(lib_a-strcat.o)
 .ARM.attributes
                0x0000000000000c06       0x1b /usr/lib/gcc/arm-none-eabi/6.3.0/../../../../arm-none-eabi/lib/armv7e-m/fpu/libc_nano.a(lib_a-strlen.o)
 .ARM.attributes
                0x0000000000000c21       0x34 /usr/lib/gcc/arm-none-eabi/6.3.0/../../../../arm-none-eabi/lib/armv7e-m/fpu/libc_nano.a(lib_a-dtoa.o)
 .ARM.attributes
                0x0000000000000c55       0x34 /usr/lib/gcc/arm-none-eabi/6.3.0/../../../../arm-none-eabi/lib/armv7e-m/fpu/libc_nano.a(lib_a-findfp.o)
 .ARM.attributes
                0x0000000000000c89       0x34 /usr/lib/gcc/arm-none-eabi/6.3.0/../../../../arm-none-eabi/lib/armv7e-m/fpu/libc_nano.a(lib_a-fwalk.o)
 .ARM.attributes
                0x0000000000000cbd       0x34 /usr/lib/gcc/arm-none-eabi/6.3.0/../../../../arm-none-eabi/lib/armv7e-m/fpu/libc_nano.a(lib_a-localeconv.o)
 .ARM.attributes
                0x0000000000000cf1       0x34 /usr/lib/gcc/arm-none-eabi/6.3.0/../../../../arm-none-eabi/lib/armv7e-m/fpu/libc_nano.a(lib_a-malloc.o)
 .ARM.attributes
                0x0000000000000d25       0x20 /usr/lib/gcc/arm-none-eabi/6.3.0/../../../../arm-none-eabi/lib/armv7e-m/fpu/libc_nano.a(lib_a-memchr.o)
 .ARM.attributes
                0x0000000000000d45       0x34 /usr/lib/gcc/arm-none-eabi/6.3.0/../../../../arm-none-eabi/lib/armv7e-m/fpu/libc_nano.a(lib_a-mprec.o)
 .ARM.attributes
                0x0000000000000d79       0x34 /usr/lib/gcc/arm-none-eabi/6.3.0/../../../../arm-none-eabi/lib/armv7e-m/fpu/libc_nano.a(lib_a-nano-callocr.o)
 .ARM.attributes
                0x0000000000000dad       0x34 /usr/lib/gcc/arm-none-eabi/6.3.0/../../../../arm-none-eabi/lib/armv7e-m/fpu/libc_nano.a(lib_a-nano-freer.o)
 .ARM.attributes
                0x0000000000000de1       0x34 /usr/lib/gcc/arm-none-eabi/6.3.0/../../../../arm-none-eabi/lib/armv7e-m/fpu/libc_nano.a(lib_a-nano-mallocr.o)
 .ARM.attributes
                0x0000000000000e15       0x34 /usr/lib/gcc/arm-none-eabi/6.3.0/../../../../arm-none-eabi/lib/armv7e-m/fpu/libc_nano.a(lib_a-nano-svfprintf.o)
 .ARM.attributes
                0x0000000000000e49       0x34 /usr/lib/gcc/arm-none-eabi/6.3.0/../../../../arm-none-eabi/lib/armv7e-m/fpu/libc_nano.a(lib_a-nano-vfprintf.o)
 .ARM.attributes
                0x0000000000000e7d       0x34 /usr/lib/gcc/arm-none-eabi/6.3.0/../../../../arm-none-eabi/lib/armv7e-m/fpu/libc_nano.a(lib_a-sbrkr.o)
 .ARM.attributes
                0x0000000000000eb1       0x34 /usr/lib/gcc/arm-none-eabi/6.3.0/../../../../arm-none-eabi/lib/armv7e-m/fpu/libc_nano.a(lib_a-stdio.o)
 .ARM.attributes
                0x0000000000000ee5       0x34 /usr/lib/gcc/arm-none-eabi/6.3.0/../../../../arm-none-eabi/lib/armv7e-m/fpu/libc_nano.a(lib_a-wbuf.o)
 .ARM.attributes
                0x0000000000000f19       0x34 /usr/lib/gcc/arm-none-eabi/6.3.0/../../../../arm-none-eabi/lib/armv7e-m/fpu/libc_nano.a(lib_a-writer.o)
 .ARM.attributes
                0x0000000000000f4d       0x34 /usr/lib/gcc/arm-none-eabi/6.3.0/../../../../arm-none-eabi/lib/armv7e-m/fpu/libc_nano.a(lib_a-wsetup.o)
 .ARM.attributes
                0x0000000000000f81       0x34 /usr/lib/gcc/arm-none-eabi/6.3.0/../../../../arm-none-eabi/lib/armv7e-m/fpu/libc_nano.a(lib_a-closer.o)
 .ARM.attributes
                0x0000000000000fb5       0x34 /usr/lib/gcc/arm-none-eabi/6.3.0/../../../../arm-none-eabi/lib/armv7e-m/fpu/libc_nano.a(lib_a-fflush.o)
 .ARM.attributes
                0x0000000000000fe9       0x34 /usr/lib/gcc/arm-none-eabi/6.3.0/../../../../arm-none-eabi/lib/armv7e-m/fpu/libc_nano.a(lib_a-locale.o)
 .ARM.attributes
                0x000000000000101d       0x34 /usr/lib/gcc/arm-none-eabi/6.3.0/../../../../arm-none-eabi/lib/armv7e-m/fpu/libc_nano.a(lib_a-lseekr.o)
 .ARM.attributes
                0x0000000000001051       0x34 /usr/lib/gcc/arm-none-eabi/6.3.0/../../../../arm-none-eabi/lib/armv7e-m/fpu/libc_nano.a(lib_a-makebuf.o)
 .ARM.attributes
                0x0000000000001085       0x34 /usr/lib/gcc/arm-none-eabi/6.3.0/../../../../arm-none-eabi/lib/armv7e-m/fpu/libc_nano.a(lib_a-mbtowc_r.o)
 .ARM.attributes
                0x00000000000010b9       0x34 /usr/lib/gcc/arm-none-eabi/6.3.0/../../../../arm-none-eabi/lib/armv7e-m/fpu/libc_nano.a(lib_a-memmove.o)
 .ARM.attributes
                0x00000000000010ed       0x34 /usr/lib/gcc/arm-none-eabi/6.3.0/../../../../arm-none-eabi/lib/armv7e-m/fpu/libc_nano.a(lib_a-mlock.o)
 .ARM.attributes
                0x0000000000001121       0x34 /usr/lib/gcc/arm-none-eabi/6.3.0/../../../../arm-none-eabi/lib/armv7e-m/fpu/libc_nano.a(lib_a-nano-reallocr.o)
 .ARM.attributes
                0x0000000000001155       0x34 /usr/lib/gcc/arm-none-eabi/6.3.0/../../../../arm-none-eabi/lib/armv7e-m/fpu/libc_nano.a(lib_a-readr.o)
 .ARM.attributes
                0x0000000000001189       0x34 /usr/lib/gcc/arm-none-eabi/6.3.0/../../../../arm-none-eabi/lib/armv7e-m/fpu/libc_nano.a(lib_a-reent.o)
 .ARM.attributes
                0x00000000000011bd       0x34 /usr/lib/gcc/arm-none-eabi/6.3.0/../../../../arm-none-eabi/lib/armv7e-m/fpu/libc_nano.a(lib_a-wctomb_r.o)
 .ARM.attributes
                0x00000000000011f1       0x34 /usr/lib/gcc/arm-none-eabi/6.3.0/../../../../arm-none-eabi/lib/armv7e-m/fpu/libc_nano.a(lib_a-ctype_.o)
 .ARM.attributes
                0x0000000000001225       0x34 /usr/lib/gcc/arm-none-eabi/6.3.0/../../../../arm-none-eabi/lib/armv7e-m/fpu/libc_nano.a(lib_a-fstatr.o)
 .ARM.attributes
                0x0000000000001259       0x34 /usr/lib/gcc/arm-none-eabi/6.3.0/../../../../arm-none-eabi/lib/armv7e-m/fpu/libc_nano.a(lib_a-isattyr.o)
 .ARM.attributes
                0x000000000000128d       0x34 /usr/lib/gcc/arm-none-eabi/6.3.0/../../../../arm-none-eabi/lib/armv7e-m/fpu/libc_nano.a(lib_a-nano-msizer.o)
 .ARM.attributes
                0x00000000000012c1       0x34 /usr/lib/gcc/arm-none-eabi/6.3.0/../../../../arm-none-eabi/lib/armv7e-m/fpu/libm.a(lib_a-s_cos.o)
 .ARM.attributes
                0x00000000000012f5       0x34 /usr/lib/gcc/arm-none-eabi/6.3.0/../../../../arm-none-eabi/lib/armv7e-m/fpu/libm.a(lib_a-s_sin.o)
 .ARM.attributes
                0x0000000000001329       0x34 /usr/lib/gcc/arm-none-eabi/6.3.0/../../../../arm-none-eabi/lib/armv7e-m/fpu/libm.a(lib_a-w_atan2.o)
 .ARM.attributes
                0x000000000000135d       0x34 /usr/lib/gcc/arm-none-eabi/6.3.0/../../../../arm-none-eabi/lib/armv7e-m/fpu/libm.a(lib_a-w_sqrt.o)
 .ARM.attributes
                0x0000000000001391       0x34 /usr/lib/gcc/arm-none-eabi/6.3.0/../../../../arm-none-eabi/lib/armv7e-m/fpu/libm.a(lib_a-e_atan2.o)
 .ARM.attributes
                0x00000000000013c5       0x34 /usr/lib/gcc/arm-none-eabi/6.3.0/../../../../arm-none-eabi/lib/armv7e-m/fpu/libm.a(lib_a-e_rem_pio2.o)
 .ARM.attributes
                0x00000000000013f9       0x34 /usr/lib/gcc/arm-none-eabi/6.3.0/../../../../arm-none-eabi/lib/armv7e-m/fpu/libm.a(lib_a-e_sqrt.o)
 .ARM.attributes
                0x000000000000142d       0x34 /usr/lib/gcc/arm-none-eabi/6.3.0/../../../../arm-none-eabi/lib/armv7e-m/fpu/libm.a(lib_a-k_cos.o)
 .ARM.attributes
                0x0000000000001461       0x34 /usr/lib/gcc/arm-none-eabi/6.3.0/../../../../arm-none-eabi/lib/armv7e-m/fpu/libm.a(lib_a-k_rem_pio2.o)
 .ARM.attributes
                0x0000000000001495       0x34 /usr/lib/gcc/arm-none-eabi/6.3.0/../../../../arm-none-eabi/lib/armv7e-m/fpu/libm.a(lib_a-k_sin.o)
 .ARM.attributes
                0x00000000000014c9       0x34 /usr/lib/gcc/arm-none-eabi/6.3.0/../../../../arm-none-eabi/lib/armv7e-m/fpu/libm.a(lib_a-s_atan.o)
 .ARM.attributes
                0x00000000000014fd       0x34 /usr/lib/gcc/arm-none-eabi/6.3.0/../../../../arm-none-eabi/lib/armv7e-m/fpu/libm.a(lib_a-s_fabs.o)
 .ARM.attributes
                0x0000000000001531       0x34 /usr/lib/gcc/arm-none-eabi/6.3.0/../../../../arm-none-eabi/lib/armv7e-m/fpu/libm.a(lib_a-s_floor.o)
 .ARM.attributes
                0x0000000000001565       0x34 /usr/lib/gcc/arm-none-eabi/6.3.0/../../../../arm-none-eabi/lib/armv7e-m/fpu/libm.a(lib_a-s_lib_ver.o)
 .ARM.attributes
                0x0000000000001599       0x34 /usr/lib/gcc/arm-none-eabi/6.3.0/../../../../arm-none-eabi/lib/armv7e-m/fpu/libm.a(lib_a-s_matherr.o)
 .ARM.attributes
                0x00000000000015cd       0x34 /usr/lib/gcc/arm-none-eabi/6.3.0/../../../../arm-none-eabi/lib/armv7e-m/fpu/libm.a(lib_a-s_scalbn.o)
 .ARM.attributes
                0x0000000000001601       0x34 /usr/lib/gcc/arm-none-eabi/6.3.0/../../../../arm-none-eabi/lib/armv7e-m/fpu/libm.a(lib_a-s_copysign.o)
 .ARM.attributes
                0x0000000000001635       0x34 /usr/lib/gcc/arm-none-eabi/6.3.0/../../../../arm-none-eabi/lib/armv7e-m/fpu/libnosys.a(close.o)
 .ARM.attributes
                0x0000000000001669       0x34 /usr/lib/gcc/arm-none-eabi/6.3.0/../../../../arm-none-eabi/lib/armv7e-m/fpu/libnosys.a(fstat.o)
 .ARM.attributes
                0x000000000000169d       0x34 /usr/lib/gcc/arm-none-eabi/6.3.0/../../../../arm-none-eabi/lib/armv7e-m/fpu/libnosys.a(isatty.o)
 .ARM.attributes
                0x00000000000016d1       0x34 /usr/lib/gcc/arm-none-eabi/6.3.0/../../../../arm-none-eabi/lib/armv7e-m/fpu/libnosys.a(lseek.o)
 .ARM.attributes
                0x0000000000001705       0x34 /usr/lib/gcc/arm-none-eabi/6.3.0/../../../../arm-none-eabi/lib/armv7e-m/fpu/libnosys.a(read.o)
 .ARM.attributes
                0x0000000000001739       0x34 /usr/lib/gcc/arm-none-eabi/6.3.0/../../../../arm-none-eabi/lib/armv7e-m/fpu/libnosys.a(sbrk.o)
 .ARM.attributes
                0x000000000000176d       0x22 /usr/lib/gcc/arm-none-eabi/6.3.0/armv7e-m/fpu/libgcc.a(_arm_addsubdf3.o)
 .ARM.attributes
                0x000000000000178f       0x22 /usr/lib/gcc/arm-none-eabi/6.3.0/armv7e-m/fpu/libgcc.a(_arm_muldivdf3.o)
 .ARM.attributes
                0x00000000000017b1       0x22 /usr/lib/gcc/arm-none-eabi/6.3.0/armv7e-m/fpu/libgcc.a(_arm_cmpdf2.o)
 .ARM.attributes
                0x00000000000017d3       0x22 /usr/lib/gcc/arm-none-eabi/6.3.0/armv7e-m/fpu/libgcc.a(_arm_unorddf2.o)
 .ARM.attributes
                0x00000000000017f5       0x22 /usr/lib/gcc/arm-none-eabi/6.3.0/armv7e-m/fpu/libgcc.a(_arm_fixdfsi.o)
 .ARM.attributes
                0x0000000000001817       0x22 /usr/lib/gcc/arm-none-eabi/6.3.0/armv7e-m/fpu/libgcc.a(_arm_truncdfsf2.o)
 .ARM.attributes
                0x0000000000001839       0x34 /usr/lib/gcc/arm-none-eabi/6.3.0/../../../../arm-none-eabi/lib/armv7e-m/fpu/libc_nano.a(lib_a-errno.o)
 .ARM.attributes
                0x000000000000186d       0x22 /usr/lib/gcc/arm-none-eabi/6.3.0/armv7e-m/fpu/crtn.o
OUTPUT(build/gps_test.elf elf32-littlearm)

.comment        0x0000000000000000       0x1d
 .comment       0x0000000000000000       0x1d build/app_main.o
                                         0x1e (size before relaxing)
 .comment       0x000000000000001d       0x1e build/controls_595.o
 .comment       0x000000000000001d       0x1e build/compass.o