Archive member included to satisfy reference by file (symbol)

/usr/lib/gcc/arm-none-eabi/6.3.0/../../../../arm-none-eabi/lib/armv7e-m/fpu/libc_nano.a(lib_a-atexit.o)
                              /usr/lib/gcc/arm-none-eabi/6.3.0/../../../../arm-none-eabi/lib/armv7e-m/fpu/crt0.o (atexit)
/usr/lib/gcc/arm-none-eabi/6.3.0/../../../../arm-none-eabi/lib/armv7e-m/fpu/libc_nano.a(lib_a-exit.o)
                              /usr/lib/gcc/arm-none-eabi/6.3.0/../../../../arm-none-eabi/lib/armv7e-m/fpu/crt0.o (exit)
/usr/lib/gcc/arm-none-eabi/6.3.0/../../../../arm-none-eabi/lib/armv7e-m/fpu/libc_nano.a(lib_a-fini.o)
                              /usr/lib/gcc/arm-none-eabi/6.3.0/../../../../arm-none-eabi/lib/armv7e-m/fpu/crt0.o (__libc_fini_array)
/usr/lib/gcc/arm-none-eabi/6.3.0/../../../../arm-none-eabi/lib/armv7e-m/fpu/libc_nano.a(lib_a-impure.o)
                              /usr/lib/gcc/arm-none-eabi/6.3.0/../../../../arm-none-eabi/lib/armv7e-m/fpu/libc_nano.a(lib_a-exit.o) (_global_impure_ptr)
/usr/lib/gcc/arm-none-eabi/6.3.0/../../../../arm-none-eabi/lib/armv7e-m/fpu/libc_nano.a(lib_a-init.o)
                              /usr/lib/gcc/arm-none-eabi/6.3.0/../../../../arm-none-eabi/lib/armv7e-m/fpu/crt0.o (__libc_init_array)
/usr/lib/gcc/arm-none-eabi/6.3.0/../../../../arm-none-eabi/lib/armv7e-m/fpu/libc_nano.a(lib_a-memcpy-stub.o)
                              build/ff.o (memcpy)
/usr/lib/gcc/arm-none-eabi/6.3.0/../../../../arm-none-eabi/lib/armv7e-m/fpu/libc_nano.a(lib_a-memset.o)
                              /usr/lib/gcc/arm-none-eabi/6.3.0/../../../../arm-none-eabi/lib/armv7e-m/fpu/crt0.o (memset)
/usr/lib/gcc/arm-none-eabi/6.3.0/../../../../arm-none-eabi/lib/armv7e-m/fpu/libc_nano.a(lib_a-nano-vfprintf_float.o)
                              (_printf_float)
/usr/lib/gcc/arm-none-eabi/6.3.0/../../../../arm-none-eabi/lib/armv7e-m/fpu/libc_nano.a(lib_a-nano-vfprintf_i.o)
                              /usr/lib/gcc/arm-none-eabi/6.3.0/../../../../arm-none-eabi/lib/armv7e-m/fpu/libc_nano.a(lib_a-nano-vfprintf_float.o) (_printf_common)
/usr/lib/gcc/arm-none-eabi/6.3.0/../../../../arm-none-eabi/lib/armv7e-m/fpu/libc_nano.a(lib_a-printf.o)
                              build/app_main.o (printf)
/usr/lib/gcc/arm-none-eabi/6.3.0/../../../../arm-none-eabi/lib/armv7e-m/fpu/libc_nano.a(lib_a-strlen.o)
                              /usr/lib/gcc/arm-none-eabi/6.3.0/../../../../arm-none-eabi/lib/armv7e-m/fpu/libc_nano.a(lib_a-nano-vfprintf_float.o) (strlen)
/usr/lib/gcc/arm-none-eabi/6.3.0/../../../../arm-none-eabi/lib/armv7e-m/fpu/libc_nano.a(lib_a-__atexit.o)
                              /usr/lib/gcc/arm-none-eabi/6.3.0/../../../../arm-none-eabi/lib/armv7e-m/fpu/libc_nano.a(lib_a-atexit.o) (__register_exitproc)
/usr/lib/gcc/arm-none-eabi/6.3.0/../../../../arm-none-eabi/lib/armv7e-m/fpu/libc_nano.a(lib_a-__call_atexit.o)
                              /usr/lib/gcc/arm-none-eabi/6.3.0/../../../../arm-none-eabi/lib/armv7e-m/fpu/libc_nano.a(lib_a-__atexit.o) (__call_exitprocs)
/usr/lib/gcc/arm-none-eabi/6.3.0/../../../../arm-none-eabi/lib/armv7e-m/fpu/libc_nano.a(lib_a-dtoa.o)
                              /usr/lib/gcc/arm-none-eabi/6.3.0/../../../../arm-none-eabi/lib/armv7e-m/fpu/libc_nano.a(lib_a-nano-vfprintf_float.o) (_dtoa_r)
/usr/lib/gcc/arm-none-eabi/6.3.0/../../../../arm-none-eabi/lib/armv7e-m/fpu/libc_nano.a(lib_a-findfp.o)
                              /usr/lib/gcc/arm-none-eabi/6.3.0/../../../../arm-none-eabi/lib/armv7e-m/fpu/libc_nano.a(lib_a-printf.o) (__sinit)
/usr/lib/gcc/arm-none-eabi/6.3.0/../../../../arm-none-eabi/lib/armv7e-m/fpu/libc_nano.a(lib_a-fwalk.o)
                              /usr/lib/gcc/arm-none-eabi/6.3.0/../../../../arm-none-eabi/lib/armv7e-m/fpu/libc_nano.a(lib_a-findfp.o) (_fwalk)
/usr/lib/gcc/arm-none-eabi/6.3.0/../../../../arm-none-eabi/lib/armv7e-m/fpu/libc_nano.a(lib_a-localeconv.o)
                              /usr/lib/gcc/arm-none-eabi/6.3.0/../../../../arm-none-eabi/lib/armv7e-m/fpu/libc_nano.a(lib_a-nano-vfprintf_float.o) (_localeconv_r)
/usr/lib/gcc/arm-none-eabi/6.3.0/../../../../arm-none-eabi/lib/armv7e-m/fpu/libc_nano.a(lib_a-malloc.o)
                              /usr/lib/gcc/arm-none-eabi/6.3.0/../../../../arm-none-eabi/lib/armv7e-m/fpu/libc_nano.a(lib_a-dtoa.o) (malloc)
/usr/lib/gcc/arm-none-eabi/6.3.0/../../../../arm-none-eabi/lib/armv7e-m/fpu/libc_nano.a(lib_a-memchr.o)
                              /usr/lib/gcc/arm-none-eabi/6.3.0/../../../../arm-none-eabi/lib/armv7e-m/fpu/libc_nano.a(lib_a-nano-vfprintf_i.o) (memchr)
/usr/lib/gcc/arm-none-eabi/6.3.0/../../../../arm-none-eabi/lib/armv7e-m/fpu/libc_nano.a(lib_a-mprec.o)
                              /usr/lib/gcc/arm-none-eabi/6.3.0/../../../../arm-none-eabi/lib/armv7e-m/fpu/libc_nano.a(lib_a-dtoa.o) (_Balloc)
/usr/lib/gcc/arm-none-eabi/6.3.0/../../../../arm-none-eabi/lib/armv7e-m/fpu/libc_nano.a(lib_a-nano-callocr.o)
[...]
Memory Configuration

Name             Origin             Length             Attributes
RAM              0x0000000020000000 0x0000000000018000 xrw
FLASH            0x0000000008000000 0x0000000000080000 xr
*default*        0x0000000000000000 0xffffffffffffffff

Linker script and memory map

LOAD /usr/lib/gcc/arm-none-eabi/6.3.0/armv7e-m/fpu/crti.o
LOAD /usr/lib/gcc/arm-none-eabi/6.3.0/armv7e-m/fpu/crtbegin.o
LOAD /usr/lib/gcc/arm-none-eabi/6.3.0/../../../../arm-none-eabi/lib/armv7e-m/fpu/crt0.o
LOAD build/app_main.o
LOAD build/controls_595.o
LOAD build/compass.o
LOAD build/gps.o
LOAD build/stm32f4xx_hal.o
LOAD build/stm32f4xx_hal_cortex.o
LOAD build/stm32f4xx_hal_dma.o
LOAD build/stm32f4xx_hal_dma_ex.o
LOAD build/stm32f4xx_hal_flash.o
LOAD build/stm32f4xx_hal_flash_ex.o
LOAD build/stm32f4xx_hal_flash_ramfunc.o
LOAD build/stm32f4xx_hal_gpio.o
LOAD build/stm32f4xx_hal_i2c.o
LOAD build/stm32f4xx_hal_i2c_ex.o
LOAD build/stm32f4xx_hal_pwr.o
LOAD build/stm32f4xx_hal_pwr_ex.o
LOAD build/stm32f4xx_hal_rcc.o
LOAD build/stm32f4xx_hal_rcc_ex.o
LOAD build/stm32f4xx_hal_sd.o
LOAD build/stm32f4xx_hal_spi.o
LOAD build/stm32f4xx_hal_tim.o
LOAD build/stm32f4xx_hal_tim_ex.o
LOAD build/stm32f4xx_hal_uart.o
LOAD build/stm32f4xx_ll_sdmmc.o
LOAD build/gui.o
LOAD build/gui_compass.o
LOAD build/inputs.o
LOAD build/makise.o
LOAD build/makise_colors.o
LOAD build/makise_primitives.o
LOAD build/makise_text.o
LOAD build/Arial12.o
LOAD build/Arial15.o
LOAD build/Arial16.o
LOAD build/Arial24.o
LOAD build/fonts.o
LOAD build/makise_gui.o
LOAD build/makise_gui_container.o
LOAD build/makise_gui_elements.o
LOAD build/makise_gui_input.o
LOAD build/makise_e.o
LOAD build/makise_e_buttons.o
LOAD build/makise_e_canvas.o
LOAD build/makise_e_lable.o
LOAD build/makise_e_slider.o
LOAD build/makise_e_slist.o
LOAD build/makise_e_tabs.o
LOAD build/makise_e_text_field.o
LOAD build/ili9340.o
LOAD build/diskio.o
LOAD build/ff.o
LOAD build/ff_gen_drv.o
LOAD build/sd_diskio.o
LOAD build/syscall.o
LOAD build/bsp_driver_sd.o
LOAD build/dma.o
LOAD build/fatfs.o
LOAD build/gpio.o
LOAD build/i2c.o
LOAD build/main.o
LOAD build/printf.o
LOAD build/sdio.o
LOAD build/spi.o
LOAD build/stm32f4xx_hal_msp.o
LOAD build/stm32f4xx_it.o
LOAD build/system_stm32f4xx.o
LOAD build/tim.o
LOAD build/usart.o
LOAD build/startup_stm32f401xe.o
LOAD /usr/lib/gcc/arm-none-eabi/6.3.0/../../../../arm-none-eabi/lib/armv7e-m/fpu/libc_nano.a
LOAD /usr/lib/gcc/arm-none-eabi/6.3.0/../../../../arm-none-eabi/lib/armv7e-m/fpu/libm.a
LOAD /usr/lib/gcc/arm-none-eabi/6.3.0/../../../../arm-none-eabi/lib/armv7e-m/fpu/libnosys.a
START GROUP
LOAD /usr/lib/gcc/arm-none-eabi/6.3.0/armv7e-m/fpu/libgcc.a
LOAD /usr/lib/gcc/arm-none-eabi/6.3.0/../../../../arm-none-eabi/lib/armv7e-m/fpu/libc_nano.a
END GROUP
START GROUP
LOAD /usr/lib/gcc/arm-none-eabi/6.3.0/armv7e-m/fpu/libgcc.a
LOAD /usr/lib/gcc/arm-none-eabi/6.3.0/../../../../arm-none-eabi/lib/armv7e-m/fpu/libc_nano.a
END GROUP
LOAD /usr/lib/gcc/arm-none-eabi/6.3.0/armv7e-m/fpu/crtend.o
LOAD /usr/lib/gcc/arm-none-eabi/6.3.0/armv7e-m/fpu/crtn.o
                0x0000000020018000                _estack = 0x20018000
                0x0000000000002000                _Min_Heap_Size = 0x2000
                0x0000000000002000                _Min_Stack_Size = 0x2000

.isr_vector     0x0000000008000000      0x194
                0x0000000008000000                . = ALIGN (0x4)
 *(.isr_vector)
 .isr_vector    0x0000000008000000      0x194 build/startup_stm32f401xe.o
                0x0000000008000000                g_pfnVectors
                0x0000000008000194                . = ALIGN (0x4)

.text           0x00000000080001a0     0xbe20
                0x00000000080001a0                . = ALIGN (0x4)
 *(.text)
 .text          0x00000000080001a0       0x10 /usr/lib/gcc/arm-none-eabi/6.3.0/../../../../arm-none-eabi/lib/armv7e-m/fpu/libc_nano.a(lib_a-strlen.o)
                0x00000000080001a0                strlen
 .text          0x00000000080001b0       0xa0 /usr/lib/gcc/arm-none-eabi/6.3.0/../../../../arm-none-eabi/lib/armv7e-m/fpu/libc_nano.a(lib_a-memchr.o)
                0x00000000080001b0                memchr
 .text          0x0000000008000250      0x370 /usr/lib/gcc/arm-none-eabi/6.3.0/armv7e-m/fpu/libgcc.a(_arm_addsubdf3.o)
                0x0000000008000250                __aeabi_drsub
                0x0000000008000258                __aeabi_dsub
                0x0000000008000258                __subdf3
                0x000000000800025c                __adddf3
                0x000000000800025c                __aeabi_dadd
                0x00000000080004d4                __aeabi_ui2d
                0x00000000080004d4                __floatunsidf
                0x00000000080004f4                __floatsidf
                0x00000000080004f4                __aeabi_i2d
                0x0000000008000518                __extendsfdf2
                0x0000000008000518                __aeabi_f2d
                0x0000000008000554                __aeabi_ul2d
                0x0000000008000554                __floatundidf
                0x0000000008000564                __floatdidf
                0x0000000008000564                __aeabi_l2d
 .text          0x00000000080005c0      0x424 /usr/lib/gcc/arm-none-eabi/6.3.0/armv7e-m/fpu/libgcc.a(_arm_muldivdf3.o)
                0x00000000080005c0                __aeabi_dmul
                0x00000000080005c0                __muldf3
                0x0000000008000814                __aeabi_ddiv
                0x0000000008000814                __divdf3
 .text          0x00000000080009e4      0x110 /usr/lib/gcc/arm-none-eabi/6.3.0/armv7e-m/fpu/libgcc.a(_arm_cmpdf2.o)
                0x00000000080009e4                __gtdf2
                0x00000000080009e4                __gedf2
                0x00000000080009ec                __ltdf2
                0x00000000080009ec                __ledf2
                0x00000000080009f4                __cmpdf2
                0x00000000080009f4                __eqdf2
                0x00000000080009f4                __nedf2
                0x0000000008000a70                __aeabi_cdrcmple
                0x0000000008000a80                __aeabi_cdcmple
                0x0000000008000a80                __aeabi_cdcmpeq
                0x0000000008000a90                __aeabi_dcmpeq
                0x0000000008000aa4                __aeabi_dcmplt
                0x0000000008000ab8                __aeabi_dcmple
                0x0000000008000acc                __aeabi_dcmpge
                0x0000000008000ae0                __aeabi_dcmpgt
 .text          0x0000000008000af4       0x2c /usr/lib/gcc/arm-none-eabi/6.3.0/armv7e-m/fpu/libgcc.a(_arm_unorddf2.o)
                0x0000000008000af4                __aeabi_dcmpun
                0x0000000008000af4                __unorddf2
 .text          0x0000000008000b20       0x50 /usr/lib/gcc/arm-none-eabi/6.3.0/armv7e-m/fpu/libgcc.a(_arm_fixdfsi.o)
                0x0000000008000b20                __fixdfsi
                0x0000000008000b20                __aeabi_d2iz
 .text          0x0000000008000b70       0xa0 /usr/lib/gcc/arm-none-eabi/6.3.0/armv7e-m/fpu/libgcc.a(_arm_truncdfsf2.o)
                0x0000000008000b70                __aeabi_d2f
                0x0000000008000b70                __truncdfsf2
 *(.text*)
 .text.__do_global_dtors_aux
                0x0000000008000c10       0x24 /usr/lib/gcc/arm-none-eabi/6.3.0/armv7e-m/fpu/crtbegin.o
 .text.frame_dummy
                0x0000000008000c34       0x34 /usr/lib/gcc/arm-none-eabi/6.3.0/armv7e-m/fpu/crtbegin.o
 .text.b_rem    0x0000000008000c68       0x30 build/app_main.o
                0x0000000008000c68                b_rem
 .text.b_st     0x0000000008000c98       0x18 build/app_main.o
                0x0000000008000c98                b_st
 .text.b_time   0x0000000008000cb0       0x18 build/app_main.o
                0x0000000008000cb0                b_time
 .text.app_main_init
                0x0000000008000cc8       0xd0 build/app_main.o
                0x0000000008000cc8                app_main_init
 .text.HAL_UART_RxCpltCallback
                0x0000000008000d98        0xc build/app_main.o
                0x0000000008000d98                HAL_UART_RxCpltCallback
 .text.controls_595_init
                0x0000000008000da4      0x16c build/controls_595.o
                0x0000000008000da4                controls_595_init
 .text.controls_595_update
                0x0000000008000f10      0x274 build/controls_595.o
                0x0000000008000f10                controls_595_update
 .text.HAL_GPIO_EXTI_Callback
                0x0000000008001184      0x1a8 build/compass.o
                0x0000000008001184                HAL_GPIO_EXTI_Callback
 .text.compass_init
                0x000000000800132c      0x118 build/compass.o
                0x000000000800132c                compass_init
 .text.compass_get_angle
                0x0000000008001444        0x8 build/compass.o
                0x0000000008001444                compass_get_angle
 .text.HAL_InitTick
                0x000000000800144c       0x2c build/stm32f4xx_hal.o
                0x000000000800144c                HAL_InitTick
 .text.HAL_Init
                0x0000000008001478       0x34 build/stm32f4xx_hal.o
                0x0000000008001478                HAL_Init
 .text.HAL_IncTick
                0x00000000080014ac       0x10 build/stm32f4xx_hal.o
                0x00000000080014ac                HAL_IncTick
 .text.HAL_GetTick
                0x00000000080014bc        0xc build/stm32f4xx_hal.o
                0x00000000080014bc                HAL_GetTick
 .text.HAL_Delay
                0x00000000080014c8       0x1c build/stm32f4xx_hal.o
                0x00000000080014c8                HAL_Delay
 .text.HAL_NVIC_SetPriorityGrouping
                0x00000000080014e4       0x24 build/stm32f4xx_hal_cortex.o
                0x00000000080014e4                HAL_NVIC_SetPriorityGrouping
 .text.HAL_NVIC_SetPriority
                0x0000000008001508       0x6c build/stm32f4xx_hal_cortex.o
                0x0000000008001508                HAL_NVIC_SetPriority
 .text.HAL_NVIC_EnableIRQ
                0x0000000008001574       0x18 build/stm32f4xx_hal_cortex.o
                0x0000000008001574                HAL_NVIC_EnableIRQ
 .text.HAL_SYSTICK_Config
                0x000000000800158c       0x34 build/stm32f4xx_hal_cortex.o
                0x000000000800158c                HAL_SYSTICK_Config
 .text.HAL_SYSTICK_CLKSourceConfig
                0x00000000080015c0       0x18 build/stm32f4xx_hal_cortex.o
                0x00000000080015c0                HAL_SYSTICK_CLKSourceConfig
 .text.HAL_SYSTICK_Callback
                0x00000000080015d8        0x4 build/stm32f4xx_hal_cortex.o
                0x00000000080015d8                HAL_SYSTICK_Callback
 .text.HAL_SYSTICK_IRQHandler
                0x00000000080015dc        0x8 build/stm32f4xx_hal_cortex.o
                0x00000000080015dc                HAL_SYSTICK_IRQHandler
 .text.HAL_DMA_Init
                0x00000000080015e4      0x130 build/stm32f4xx_hal_dma.o
                0x00000000080015e4                HAL_DMA_Init
 .text.HAL_DMA_Start_IT
                0x0000000008001714       0x84 build/stm32f4xx_hal_dma.o
                0x0000000008001714                HAL_DMA_Start_IT
 .text.HAL_DMA_Abort_IT
                0x0000000008001798       0x24 build/stm32f4xx_hal_dma.o
                0x0000000008001798                HAL_DMA_Abort_IT
 .text.HAL_DMA_IRQHandler
                0x00000000080017bc      0x1a8 build/stm32f4xx_hal_dma.o
                0x00000000080017bc                HAL_DMA_IRQHandler
 .text.HAL_GPIO_Init
                0x0000000008001964      0x1dc build/stm32f4xx_hal_gpio.o
                0x0000000008001964                HAL_GPIO_Init
 .text.HAL_GPIO_ReadPin
                0x0000000008001b40        0xc build/stm32f4xx_hal_gpio.o
                0x0000000008001b40                HAL_GPIO_ReadPin
 .text.HAL_GPIO_WritePin
                0x0000000008001b4c        0x8 build/stm32f4xx_hal_gpio.o
                0x0000000008001b4c                HAL_GPIO_WritePin
 .text.HAL_GPIO_EXTI_IRQHandler
                0x0000000008001b54       0x18 build/stm32f4xx_hal_gpio.o
                0x0000000008001b54                HAL_GPIO_EXTI_IRQHandler
 .text.unlikely.I2C_WaitOnMasterAddressFlagUntilTimeout.constprop.10
                0x0000000008001b6c       0x64 build/stm32f4xx_hal_i2c.o
 .text.HAL_I2C_Init
                0x0000000008001bd0       0xf0 build/stm32f4xx_hal_i2c.o
                0x0000000008001bd0                HAL_I2C_Init
 .text.HAL_I2C_Master_Transmit
                0x0000000008001cc0      0x2f8 build/stm32f4xx_hal_i2c.o
                0x0000000008001cc0                HAL_I2C_Master_Transmit
 .text.HAL_I2C_Master_Receive
                0x0000000008001fb8      0x470 build/stm32f4xx_hal_i2c.o
                0x0000000008001fb8                HAL_I2C_Master_Receive
 .text.HAL_RCC_OscConfig
                0x0000000008002428      0x378 build/stm32f4xx_hal_rcc.o
                0x0000000008002428                HAL_RCC_OscConfig
 .text.HAL_RCC_GetSysClockFreq
                0x00000000080027a0       0x74 build/stm32f4xx_hal_rcc.o
                0x00000000080027a0                HAL_RCC_GetSysClockFreq
 .text.HAL_RCC_ClockConfig
                0x0000000008002814      0x170 build/stm32f4xx_hal_rcc.o
                0x0000000008002814                HAL_RCC_ClockConfig
 .text.HAL_RCC_GetHCLKFreq
                0x0000000008002984        0xc build/stm32f4xx_hal_rcc.o
                0x0000000008002984                HAL_RCC_GetHCLKFreq
 .text.HAL_RCC_GetPCLK1Freq
                0x0000000008002990       0x30 build/stm32f4xx_hal_rcc.o
                0x0000000008002990                HAL_RCC_GetPCLK1Freq
 .text.HAL_RCC_GetPCLK2Freq
                0x00000000080029c0       0x30 build/stm32f4xx_hal_rcc.o
                0x00000000080029c0                HAL_RCC_GetPCLK2Freq
 .text.SD_IsCardProgramming
                0x00000000080029f0      0x14c build/stm32f4xx_hal_sd.o
 .text.SD_CmdResp1Error.part.0
                0x0000000008002b3c       0xbc build/stm32f4xx_hal_sd.o
 .text.SD_CmdResp1Error
                0x0000000008002bf8       0x44 build/stm32f4xx_hal_sd.o
 .text.SD_FindSCR
                0x0000000008002c3c      0x17c build/stm32f4xx_hal_sd.o
 .text.HAL_SD_ReadBlocks
                0x0000000008002db8      0x27c build/stm32f4xx_hal_sd.o
                0x0000000008002db8                HAL_SD_ReadBlocks
 .text.HAL_SD_WriteBlocks
                0x0000000008003034      0x2d8 build/stm32f4xx_hal_sd.o
                0x0000000008003034                HAL_SD_WriteBlocks
 .text.HAL_SD_Get_CardInfo
                0x000000000800330c      0x278 build/stm32f4xx_hal_sd.o
                0x000000000800330c                HAL_SD_Get_CardInfo
 .text.HAL_SD_Init
                0x0000000008003584      0x4c0 build/stm32f4xx_hal_sd.o
                0x0000000008003584                HAL_SD_Init
 .text.HAL_SD_WideBusOperation_Config
                0x0000000008003a44      0x15c build/stm32f4xx_hal_sd.o
                0x0000000008003a44                HAL_SD_WideBusOperation_Config
 .text.HAL_SD_GetStatus
                0x0000000008003ba0       0x70 build/stm32f4xx_hal_sd.o
                0x0000000008003ba0                HAL_SD_GetStatus
 .text.HAL_SPI_Init
                0x0000000008003c10       0x80 build/stm32f4xx_hal_spi.o
                0x0000000008003c10                HAL_SPI_Init
 .text.HAL_SPI_Transmit
                0x0000000008003c90      0x2e8 build/stm32f4xx_hal_spi.o
                0x0000000008003c90                HAL_SPI_Transmit
 .text.HAL_SPI_Transmit_DMA
                0x0000000008003f78       0xac build/stm32f4xx_hal_spi.o
                0x0000000008003f78                HAL_SPI_Transmit_DMA
 .text.SPI_DMAHalfTransmitCplt
                0x0000000008004024        0xc build/stm32f4xx_hal_spi.o
 .text.HAL_SPI_ErrorCallback
                0x0000000008004030        0x4 build/stm32f4xx_hal_spi.o
                0x0000000008004030                HAL_SPI_ErrorCallback
 .text.SPI_DMAError
                0x0000000008004034       0x24 build/stm32f4xx_hal_spi.o
 .text.SPI_DMATransmitCplt
                0x0000000008004058       0xcc build/stm32f4xx_hal_spi.o
 .text.HAL_TIM_Base_Start
                0x0000000008004124       0x20 build/stm32f4xx_hal_tim.o
                0x0000000008004124                HAL_TIM_Base_Start
 .text.HAL_TIM_PWM_Init
                0x0000000008004144       0xc0 build/stm32f4xx_hal_tim.o
                0x0000000008004144                HAL_TIM_PWM_Init
 .text.HAL_TIM_PWM_Start
                0x0000000008004204       0x3c build/stm32f4xx_hal_tim.o
                0x0000000008004204                HAL_TIM_PWM_Start
 .text.HAL_TIM_PWM_ConfigChannel
                0x0000000008004240      0x1fc build/stm32f4xx_hal_tim.o
                0x0000000008004240                HAL_TIM_PWM_ConfigChannel
 .text.HAL_TIMEx_MasterConfigSynchronization
                0x000000000800443c       0x4c build/stm32f4xx_hal_tim_ex.o
                0x000000000800443c                HAL_TIMEx_MasterConfigSynchronization
 .text.UART_SetConfig
                0x0000000008004488      0x300 build/stm32f4xx_hal_uart.o
 .text.HAL_UART_Init
                0x0000000008004788       0x60 build/stm32f4xx_hal_uart.o
                0x0000000008004788                HAL_UART_Init
 .text.HAL_UART_Transmit
                0x00000000080047e8      0x108 build/stm32f4xx_hal_uart.o
                0x00000000080047e8                HAL_UART_Transmit
 .text.HAL_UART_Receive_DMA
                0x00000000080048f0       0x84 build/stm32f4xx_hal_uart.o
                0x00000000080048f0                HAL_UART_Receive_DMA
 .text.HAL_UART_TxCpltCallback
                0x0000000008004974        0x4 build/stm32f4xx_hal_uart.o
                0x0000000008004974                HAL_UART_TxCpltCallback
 .text.UART_DMAReceiveCplt
                0x0000000008004978       0x38 build/stm32f4xx_hal_uart.o
 .text.HAL_UART_RxHalfCpltCallback
                0x00000000080049b0        0x4 build/stm32f4xx_hal_uart.o
                0x00000000080049b0                HAL_UART_RxHalfCpltCallback
 .text.UART_DMARxHalfCplt
                0x00000000080049b4        0xc build/stm32f4xx_hal_uart.o
 .text.HAL_UART_ErrorCallback
                0x00000000080049c0        0x4 build/stm32f4xx_hal_uart.o
                0x00000000080049c0                HAL_UART_ErrorCallback
 .text.UART_DMAError
                0x00000000080049c4       0x60 build/stm32f4xx_hal_uart.o
 .text.HAL_UART_IRQHandler
                0x0000000008004a24      0x284 build/stm32f4xx_hal_uart.o
                0x0000000008004a24                HAL_UART_IRQHandler
 .text.UART_DMAAbortOnError
                0x0000000008004ca8       0x14 build/stm32f4xx_hal_uart.o
 .text.SDIO_Init
                0x0000000008004cbc       0x38 build/stm32f4xx_ll_sdmmc.o
                0x0000000008004cbc                SDIO_Init
 .text.SDIO_ReadFIFO
                0x0000000008004cf4        0x8 build/stm32f4xx_ll_sdmmc.o
                0x0000000008004cf4                SDIO_ReadFIFO
 .text.SDIO_WriteFIFO
                0x0000000008004cfc        0xc build/stm32f4xx_ll_sdmmc.o
                0x0000000008004cfc                SDIO_WriteFIFO
 .text.SDIO_PowerState_ON
                0x0000000008004d08        0x8 build/stm32f4xx_ll_sdmmc.o
                0x0000000008004d08                SDIO_PowerState_ON
 .text.SDIO_GetPowerState
                0x0000000008004d10        0x8 build/stm32f4xx_ll_sdmmc.o
                0x0000000008004d10                SDIO_GetPowerState
 .text.SDIO_SendCommand
                0x0000000008004d18       0x28 build/stm32f4xx_ll_sdmmc.o
                0x0000000008004d18                SDIO_SendCommand
 .text.SDIO_GetCommandResponse
                0x0000000008004d40        0x8 build/stm32f4xx_ll_sdmmc.o
                0x0000000008004d40                SDIO_GetCommandResponse
 .text.SDIO_GetResponse
                0x0000000008004d48       0x18 build/stm32f4xx_ll_sdmmc.o
                0x0000000008004d48                SDIO_GetResponse
 .text.SDIO_DataConfig
                0x0000000008004d60       0x28 build/stm32f4xx_ll_sdmmc.o
                0x0000000008004d60                SDIO_DataConfig
 .text.gui_predraw
                0x0000000008004d88       0x10 build/gui.o
                0x0000000008004d88                gui_predraw
 .text.gui_draw
                0x0000000008004d98       0x44 build/gui.o
                0x0000000008004d98                gui_draw
 .text.HAL_SPI_TxHalfCpltCallback
                0x0000000008004ddc       0x1c build/gui.o
                0x0000000008004ddc                HAL_SPI_TxHalfCpltCallback
 .text.HAL_SPI_TxCpltCallback
                0x0000000008004df8       0x1c build/gui.o
                0x0000000008004df8                HAL_SPI_TxCpltCallback
 .text.gui_init
                0x0000000008004e14       0x94 build/gui.o
                0x0000000008004e14                gui_init
 .text._m_compass_draw
                0x0000000008004ea8       0xfc build/gui_compass.o
                0x0000000008004ea8                _m_compass_draw
 .text.gui_create_compass
                0x0000000008004fa4       0x70 build/gui_compass.o
                0x0000000008004fa4                gui_create_compass
 .text.inputs_input
                0x0000000008005014      0x22c build/inputs.o
                0x0000000008005014                inputs_input
 .text.inputs_init
                0x0000000008005240       0x28 build/inputs.o
                0x0000000008005240                inputs_init
 .text.inputs_update
                0x0000000008005268        0x4 build/inputs.o
                0x0000000008005268                inputs_update
 .text.makise_init
                0x000000000800526c       0x3c build/makise.o
                0x000000000800526c                makise_init
 .text.makise_start
                0x00000000080052a8        0x8 build/makise.o
                0x00000000080052a8                makise_start
 .text.makise_pset
                0x00000000080052b0       0x5c build/makise.o
                0x00000000080052b0                makise_pset
 .text.makise_render
                0x000000000800530c       0xdc build/makise.o
                0x000000000800530c                makise_render
 .text.makise_color_get
                0x00000000080053e8       0x10 build/makise_colors.o
                0x00000000080053e8                makise_color_get
 .text.makise_d_circle.part.0
                0x00000000080053f8      0x16c build/makise_primitives.o
 .text.makise_d_circle
                0x0000000008005564       0x18 build/makise_primitives.o
                0x0000000008005564                makise_d_circle
 .text.makise_d_line
                0x000000000800557c      0x1fc build/makise_primitives.o
                0x000000000800557c                makise_d_line
 .text.makise_d_rect
                0x0000000008005778       0xd4 build/makise_primitives.o
                0x0000000008005778                makise_d_rect
 .text.makise_d_rect_filled
                0x000000000800584c      0x14c build/makise_primitives.o
                0x000000000800584c                makise_d_rect_filled
 .text.makise_d_char
                0x0000000008005998       0xb0 build/makise_text.o
                0x0000000008005998                makise_d_char
 .text.makise_d_string
                0x0000000008005a48      0x24c build/makise_text.o
                0x0000000008005a48                makise_d_string
 .text.makise_g_newid
                0x0000000008005c94       0x10 build/makise_gui.o
                0x0000000008005c94                makise_g_newid
 .text.makise_g_host_call
                0x0000000008005ca4        0x8 build/makise_gui.o
                0x0000000008005ca4                makise_g_host_call
 .text.makise_g_host_input
                0x0000000008005cac       0x1c build/makise_gui.o
                0x0000000008005cac                makise_g_host_input
 .text.makise_g_focus
                0x0000000008005cc8       0x64 build/makise_gui.o
                0x0000000008005cc8                makise_g_focus
 .text.makise_g_cont_add
                0x0000000008005d2c       0x34 build/makise_gui_container.o
                0x0000000008005d2c                makise_g_cont_add
 .text.makise_g_cont_call
                0x0000000008005d60       0x8c build/makise_gui_container.o
                0x0000000008005d60                makise_g_cont_call
 .text.makise_g_cont_input
                0x0000000008005dec       0x30 build/makise_gui_container.o
                0x0000000008005dec                makise_g_cont_input
 .text.makise_g_cont_focus_next
                0x0000000008005e1c       0x8c build/makise_gui_container.o
                0x0000000008005e1c                makise_g_cont_focus_next
 .text.makise_g_cont_focus_prev
                0x0000000008005ea8       0x8c build/makise_gui_container.o
                0x0000000008005ea8                makise_g_cont_focus_prev
 .text.m_element_call
                0x0000000008005f34       0x30 build/makise_gui_elements.o
                0x0000000008005f34                m_element_call
 .text._m_e_helper_draw_box
                0x0000000008005f64       0x50 build/makise_e.o
                0x0000000008005f64                _m_e_helper_draw_box
 .text._m_button_focus
                0x0000000008005fb4       0x54 build/makise_e_buttons.o
                0x0000000008005fb4                _m_button_focus
 .text._m_button_input
                0x0000000008006008       0x54 build/makise_e_buttons.o
                0x0000000008006008                _m_button_input
 .text._m_button_draw
                0x000000000800605c       0x78 build/makise_e_buttons.o
                0x000000000800605c                _m_button_draw
 .text.m_create_button
                0x00000000080060d4       0x88 build/makise_e_buttons.o
                0x00000000080060d4                m_create_button
 .text.ili9340_awake
                0x000000000800615c        0x4 build/ili9340.o
                0x000000000800615c                ili9340_awake
 .text.ili9340_set_backlight
                0x0000000008006160       0x10 build/ili9340.o
                0x0000000008006160                ili9340_set_backlight
 .text.ili9340_sleep
                0x0000000008006170        0x4 build/ili9340.o
                0x0000000008006170                ili9340_sleep
 .text.ili9340_start
                0x0000000008006174      0x148 build/ili9340.o
                0x0000000008006174                ili9340_start
 .text.ili9340_init
                0x00000000080062bc      0xcb0 build/ili9340.o
                0x00000000080062bc                ili9340_init
 .text.ili9340_driver
                0x0000000008006f6c       0x54 build/ili9340.o
                0x0000000008006f6c                ili9340_driver
 .text.ili9340_spi_txhalfcplt
                0x0000000008006fc0       0x18 build/ili9340.o
                0x0000000008006fc0                ili9340_spi_txhalfcplt
 .text.ili9340_spi_txcplt
                0x0000000008006fd8      0x1ec build/ili9340.o
                0x0000000008006fd8                ili9340_spi_txcplt
 .text.FATFS_LinkDriver
                0x00000000080071c4       0x48 build/ff_gen_drv.o
                0x00000000080071c4                FATFS_LinkDriver
 .text.SD_initialize
                0x000000000800720c       0x20 build/sd_diskio.o
                0x000000000800720c                SD_initialize
 .text.SD_status
                0x000000000800722c       0x20 build/sd_diskio.o
                0x000000000800722c                SD_status
 .text.SD_read  0x000000000800724c       0x20 build/sd_diskio.o
                0x000000000800724c                SD_read
 .text.SD_write
                0x000000000800726c       0x20 build/sd_diskio.o
                0x000000000800726c                SD_write
 .text.SD_ioctl
                0x000000000800728c       0x58 build/sd_diskio.o
                0x000000000800728c                SD_ioctl
 .text.BSP_SD_Init
                0x00000000080072e4       0x40 build/bsp_driver_sd.o
                0x00000000080072e4                BSP_SD_Init
 .text.BSP_SD_ReadBlocks
                0x0000000008007324       0x24 build/bsp_driver_sd.o
                0x0000000008007324                BSP_SD_ReadBlocks
 .text.BSP_SD_WriteBlocks
                0x0000000008007348       0x24 build/bsp_driver_sd.o
                0x0000000008007348                BSP_SD_WriteBlocks
 .text.BSP_SD_GetStatus
                0x000000000800736c        0xc build/bsp_driver_sd.o
                0x000000000800736c                BSP_SD_GetStatus
 .text.BSP_SD_GetCardInfo
                0x0000000008007378        0xc build/bsp_driver_sd.o
                0x0000000008007378                BSP_SD_GetCardInfo
 .text.MX_DMA_Init
                0x0000000008007384       0x84 build/dma.o
                0x0000000008007384                MX_DMA_Init
 .text.MX_FATFS_Init
                0x0000000008007408       0x1c build/fatfs.o
                0x0000000008007408                MX_FATFS_Init
 .text.MX_GPIO_Init
                0x0000000008007424      0x104 build/gpio.o
                0x0000000008007424                MX_GPIO_Init
 .text.MX_I2C1_Init
                0x0000000008007528       0x40 build/i2c.o
                0x0000000008007528                MX_I2C1_Init
 .text.HAL_I2C_MspInit
                0x0000000008007568       0x58 build/i2c.o
                0x0000000008007568                HAL_I2C_MspInit
 .text.SystemClock_Config
                0x00000000080075c0       0xb4 build/main.o
                0x00000000080075c0                SystemClock_Config
 .text.startup.main
                0x0000000008007674       0x80 build/main.o
                0x0000000008007674                main
 .text.Error_Handler
                0x00000000080076f4        0x4 build/main.o
                0x00000000080076f4                Error_Handler
 .text._write   0x00000000080076f8       0x18 build/printf.o
                0x00000000080076f8                _write
 .text.MX_SDIO_SD_Init
                0x0000000008007710       0x20 build/sdio.o
                0x0000000008007710                MX_SDIO_SD_Init
 .text.HAL_SD_MspInit
                0x0000000008007730       0x68 build/sdio.o
                0x0000000008007730                HAL_SD_MspInit
 .text.MX_SPI1_Init
                0x0000000008007798       0x44 build/spi.o
                0x0000000008007798                MX_SPI1_Init
 .text.HAL_SPI_MspInit
                0x00000000080077dc       0x90 build/spi.o
                0x00000000080077dc                HAL_SPI_MspInit
 .text.HAL_MspInit
                0x000000000800786c       0x60 build/stm32f4xx_hal_msp.o
                0x000000000800786c                HAL_MspInit
 .text.NMI_Handler
                0x00000000080078cc        0x4 build/stm32f4xx_it.o
                0x00000000080078cc                NMI_Handler
 .text.HardFault_Handler
                0x00000000080078d0        0x4 build/stm32f4xx_it.o
                0x00000000080078d0                HardFault_Handler
 .text.MemManage_Handler
                0x00000000080078d4        0x4 build/stm32f4xx_it.o
                0x00000000080078d4                MemManage_Handler
 .text.BusFault_Handler
                0x00000000080078d8        0x4 build/stm32f4xx_it.o
                0x00000000080078d8                BusFault_Handler
 .text.UsageFault_Handler
                0x00000000080078dc        0x4 build/stm32f4xx_it.o
                0x00000000080078dc                UsageFault_Handler
 .text.SVC_Handler
                0x00000000080078e0        0x4 build/stm32f4xx_it.o
                0x00000000080078e0                SVC_Handler
 .text.DebugMon_Handler
                0x00000000080078e4        0x4 build/stm32f4xx_it.o
                0x00000000080078e4                DebugMon_Handler
 .text.PendSV_Handler
                0x00000000080078e8        0x4 build/stm32f4xx_it.o
                0x00000000080078e8                PendSV_Handler
 .text.SysTick_Handler
                0x00000000080078ec       0x10 build/stm32f4xx_it.o
                0x00000000080078ec                SysTick_Handler
 .text.USART1_IRQHandler
                0x00000000080078fc        0xc build/stm32f4xx_it.o
                0x00000000080078fc                USART1_IRQHandler
 .text.EXTI15_10_IRQHandler
                0x0000000008007908       0x18 build/stm32f4xx_it.o
                0x0000000008007908                EXTI15_10_IRQHandler
 .text.DMA2_Stream2_IRQHandler
                0x0000000008007920        0xc build/stm32f4xx_it.o
                0x0000000008007920                DMA2_Stream2_IRQHandler
 .text.DMA2_Stream3_IRQHandler
                0x000000000800792c        0xc build/stm32f4xx_it.o
                0x000000000800792c                DMA2_Stream3_IRQHandler
 .text.SystemInit
                0x0000000008007938       0x50 build/system_stm32f4xx.o
                0x0000000008007938                SystemInit
 .text.MX_TIM3_Init
                0x0000000008007988       0x94 build/tim.o
                0x0000000008007988                MX_TIM3_Init
 .text.HAL_TIM_PWM_MspInit
                0x0000000008007a1c       0x30 build/tim.o
                0x0000000008007a1c                HAL_TIM_PWM_MspInit
 .text.MX_USART1_UART_Init
                0x0000000008007a4c       0x38 build/usart.o
                0x0000000008007a4c                MX_USART1_UART_Init
 .text.MX_USART6_UART_Init
                0x0000000008007a84       0x38 build/usart.o
                0x0000000008007a84                MX_USART6_UART_Init
 .text.HAL_UART_MspInit
                0x0000000008007abc       0xf0 build/usart.o
                0x0000000008007abc                HAL_UART_MspInit
 .text.Reset_Handler
                0x0000000008007bac       0x50 build/startup_stm32f401xe.o
                0x0000000008007bac                Reset_Handler
 .text.Default_Handler
                0x0000000008007bfc        0x2 build/startup_stm32f401xe.o
                0x0000000008007bfc                RTC_Alarm_IRQHandler
                0x0000000008007bfc                EXTI2_IRQHandler
                0x0000000008007bfc                SPI4_IRQHandler
                0x0000000008007bfc                TIM1_CC_IRQHandler
                0x0000000008007bfc                DMA2_Stream5_IRQHandler
                0x0000000008007bfc                DMA1_Stream5_IRQHandler
                0x0000000008007bfc                PVD_IRQHandler
                0x0000000008007bfc                SDIO_IRQHandler
                0x0000000008007bfc                TAMP_STAMP_IRQHandler
                0x0000000008007bfc                EXTI3_IRQHandler
                0x0000000008007bfc                TIM1_UP_TIM10_IRQHandler
                0x0000000008007bfc                I2C3_ER_IRQHandler
                0x0000000008007bfc                EXTI0_IRQHandler
                0x0000000008007bfc                I2C2_EV_IRQHandler
                0x0000000008007bfc                DMA1_Stream2_IRQHandler
                0x0000000008007bfc                FPU_IRQHandler
                0x0000000008007bfc                SPI1_IRQHandler
                0x0000000008007bfc                TIM1_BRK_TIM9_IRQHandler
                0x0000000008007bfc                USART6_IRQHandler
                0x0000000008007bfc                DMA2_Stream0_IRQHandler
                0x0000000008007bfc                TIM4_IRQHandler
                0x0000000008007bfc                I2C1_EV_IRQHandler
                0x0000000008007bfc                DMA1_Stream6_IRQHandler
                0x0000000008007bfc                DMA1_Stream1_IRQHandler
                0x0000000008007bfc                TIM3_IRQHandler
                0x0000000008007bfc                RCC_IRQHandler
                0x0000000008007bfc                Default_Handler
                0x0000000008007bfc                ADC_IRQHandler
                0x0000000008007bfc                DMA1_Stream7_IRQHandler
                0x0000000008007bfc                TIM5_IRQHandler
                0x0000000008007bfc                DMA2_Stream7_IRQHandler
                0x0000000008007bfc                I2C3_EV_IRQHandler
                0x0000000008007bfc                EXTI9_5_IRQHandler
                0x0000000008007bfc                RTC_WKUP_IRQHandler
                0x0000000008007bfc                SPI2_IRQHandler
                0x0000000008007bfc                DMA1_Stream0_IRQHandler
                0x0000000008007bfc                EXTI4_IRQHandler
                0x0000000008007bfc                WWDG_IRQHandler
                0x0000000008007bfc                TIM2_IRQHandler
                0x0000000008007bfc                OTG_FS_WKUP_IRQHandler
                0x0000000008007bfc                TIM1_TRG_COM_TIM11_IRQHandler
                0x0000000008007bfc                EXTI1_IRQHandler
                0x0000000008007bfc                USART2_IRQHandler
                0x0000000008007bfc                I2C2_ER_IRQHandler
                0x0000000008007bfc                DMA2_Stream1_IRQHandler
                0x0000000008007bfc                FLASH_IRQHandler
                0x0000000008007bfc                DMA2_Stream4_IRQHandler
                0x0000000008007bfc                OTG_FS_IRQHandler
                0x0000000008007bfc                SPI3_IRQHandler
                0x0000000008007bfc                DMA1_Stream4_IRQHandler
                0x0000000008007bfc                I2C1_ER_IRQHandler
                0x0000000008007bfc                DMA2_Stream6_IRQHandler
                0x0000000008007bfc                DMA1_Stream3_IRQHandler
 *fill*         0x0000000008007bfe        0x2 
 .text.__libc_init_array
                0x0000000008007c00       0x48 /usr/lib/gcc/arm-none-eabi/6.3.0/../../../../arm-none-eabi/lib/armv7e-m/fpu/libc_nano.a(lib_a-init.o)
                0x0000000008007c00                __libc_init_array
 .text.memcpy   0x0000000008007c48       0x16 /usr/lib/gcc/arm-none-eabi/6.3.0/../../../../arm-none-eabi/lib/armv7e-m/fpu/libc_nano.a(lib_a-memcpy-stub.o)
                0x0000000008007c48                memcpy
 .text.memset   0x0000000008007c5e       0x10 /usr/lib/gcc/arm-none-eabi/6.3.0/../../../../arm-none-eabi/lib/armv7e-m/fpu/libc_nano.a(lib_a-memset.o)
                0x0000000008007c5e                memset
 .text.__cvt    0x0000000008007c6e       0xc2 /usr/lib/gcc/arm-none-eabi/6.3.0/../../../../arm-none-eabi/lib/armv7e-m/fpu/libc_nano.a(lib_a-nano-vfprintf_float.o)
                0x0000000008007c6e                __cvt
 .text.__exponent
                0x0000000008007d30       0x6a /usr/lib/gcc/arm-none-eabi/6.3.0/../../../../arm-none-eabi/lib/armv7e-m/fpu/libc_nano.a(lib_a-nano-vfprintf_float.o)
                0x0000000008007d30                __exponent
 *fill*         0x0000000008007d9a        0x2 
 .text._printf_float
                0x0000000008007d9c      0x480 /usr/lib/gcc/arm-none-eabi/6.3.0/../../../../arm-none-eabi/lib/armv7e-m/fpu/libc_nano.a(lib_a-nano-vfprintf_float.o)
                0x0000000008007d9c                _printf_float
 .text._printf_common
                0x000000000800821c       0xec /usr/lib/gcc/arm-none-eabi/6.3.0/../../../../arm-none-eabi/lib/armv7e-m/fpu/libc_nano.a(lib_a-nano-vfprintf_i.o)
                0x000000000800821c                _printf_common
 .text._printf_i
                0x0000000008008308      0x240 /usr/lib/gcc/arm-none-eabi/6.3.0/../../../../arm-none-eabi/lib/armv7e-m/fpu/libc_nano.a(lib_a-nano-vfprintf_i.o)
                0x0000000008008308                _printf_i
 .text.printf   0x0000000008008548       0x30 /usr/lib/gcc/arm-none-eabi/6.3.0/../../../../arm-none-eabi/lib/armv7e-m/fpu/libc_nano.a(lib_a-printf.o)
                0x0000000008008548                printf
                0x0000000008008548                iprintf
 .text.quorem   0x0000000008008578      0x118 /usr/lib/gcc/arm-none-eabi/6.3.0/../../../../arm-none-eabi/lib/armv7e-m/fpu/libc_nano.a(lib_a-dtoa.o)
 .text._dtoa_r  0x0000000008008690      0xb9c /usr/lib/gcc/arm-none-eabi/6.3.0/../../../../arm-none-eabi/lib/armv7e-m/fpu/libc_nano.a(lib_a-dtoa.o)
                0x0000000008008690                _dtoa_r
 .text._cleanup_r
                0x000000000800922c        0xc /usr/lib/gcc/arm-none-eabi/6.3.0/../../../../arm-none-eabi/lib/armv7e-m/fpu/libc_nano.a(lib_a-findfp.o)
                0x000000000800922c                _cleanup_r
 .text.std.isra.0
                0x0000000008009238       0x48 /usr/lib/gcc/arm-none-eabi/6.3.0/../../../../arm-none-eabi/lib/armv7e-m/fpu/libc_nano.a(lib_a-findfp.o)
 .text.__sfmoreglue
                0x0000000008009280       0x2c /usr/lib/gcc/arm-none-eabi/6.3.0/../../../../arm-none-eabi/lib/armv7e-m/fpu/libc_nano.a(lib_a-findfp.o)
                0x0000000008009280                __sfmoreglue
 .text.__sinit  0x00000000080092ac       0x60 /usr/lib/gcc/arm-none-eabi/6.3.0/../../../../arm-none-eabi/lib/armv7e-m/fpu/libc_nano.a(lib_a-findfp.o)
                0x00000000080092ac                __sinit
 .text.__sfp    0x000000000800930c       0x78 /usr/lib/gcc/arm-none-eabi/6.3.0/../../../../arm-none-eabi/lib/armv7e-m/fpu/libc_nano.a(lib_a-findfp.o)
                0x000000000800930c                __sfp
 .text._fwalk_reent
                0x0000000008009384       0x3c /usr/lib/gcc/arm-none-eabi/6.3.0/../../../../arm-none-eabi/lib/armv7e-m/fpu/libc_nano.a(lib_a-fwalk.o)
                0x0000000008009384                _fwalk_reent
 .text._localeconv_r
                0x00000000080093c0       0x1c /usr/lib/gcc/arm-none-eabi/6.3.0/../../../../arm-none-eabi/lib/armv7e-m/fpu/libc_nano.a(lib_a-localeconv.o)
                0x00000000080093c0                _localeconv_r
 .text.malloc   0x00000000080093dc       0x10 /usr/lib/gcc/arm-none-eabi/6.3.0/../../../../arm-none-eabi/lib/armv7e-m/fpu/libc_nano.a(lib_a-malloc.o)
                0x00000000080093dc                malloc
 .text._Balloc  0x00000000080093ec       0x68 /usr/lib/gcc/arm-none-eabi/6.3.0/../../../../arm-none-eabi/lib/armv7e-m/fpu/libc_nano.a(lib_a-mprec.o)
                0x00000000080093ec                _Balloc
 .text._Bfree   0x0000000008009454       0x2e /usr/lib/gcc/arm-none-eabi/6.3.0/../../../../arm-none-eabi/lib/armv7e-m/fpu/libc_nano.a(lib_a-mprec.o)
                0x0000000008009454                _Bfree
 .text.__multadd
                0x0000000008009482       0x76 /usr/lib/gcc/arm-none-eabi/6.3.0/../../../../arm-none-eabi/lib/armv7e-m/fpu/libc_nano.a(lib_a-mprec.o)
                0x0000000008009482                __multadd
 .text.__hi0bits
                0x00000000080094f8       0x3e /usr/lib/gcc/arm-none-eabi/6.3.0/../../../../arm-none-eabi/lib/armv7e-m/fpu/libc_nano.a(lib_a-mprec.o)
                0x00000000080094f8                __hi0bits
 .text.__lo0bits
                0x0000000008009536       0x5e /usr/lib/gcc/arm-none-eabi/6.3.0/../../../../arm-none-eabi/lib/armv7e-m/fpu/libc_nano.a(lib_a-mprec.o)
                0x0000000008009536                __lo0bits
 .text.__i2b    0x0000000008009594       0x12 /usr/lib/gcc/arm-none-eabi/6.3.0/../../../../arm-none-eabi/lib/armv7e-m/fpu/libc_nano.a(lib_a-mprec.o)
                0x0000000008009594                __i2b
 .text.__multiply
                0x00000000080095a6      0x11a /usr/lib/gcc/arm-none-eabi/6.3.0/../../../../arm-none-eabi/lib/armv7e-m/fpu/libc_nano.a(lib_a-mprec.o)
                0x00000000080095a6                __multiply
 .text.__pow5mult
                0x00000000080096c0       0x9c /usr/lib/gcc/arm-none-eabi/6.3.0/../../../../arm-none-eabi/lib/armv7e-m/fpu/libc_nano.a(lib_a-mprec.o)
                0x00000000080096c0                __pow5mult
 .text.__lshift
                0x000000000800975c       0xa2 /usr/lib/gcc/arm-none-eabi/6.3.0/../../../../arm-none-eabi/lib/armv7e-m/fpu/libc_nano.a(lib_a-mprec.o)
                0x000000000800975c                __lshift
 .text.__mcmp   0x00000000080097fe       0x34 /usr/lib/gcc/arm-none-eabi/6.3.0/../../../../arm-none-eabi/lib/armv7e-m/fpu/libc_nano.a(lib_a-mprec.o)
                0x00000000080097fe                __mcmp
 .text.__mdiff  0x0000000008009832       0xbc /usr/lib/gcc/arm-none-eabi/6.3.0/../../../../arm-none-eabi/lib/armv7e-m/fpu/libc_nano.a(lib_a-mprec.o)
                0x0000000008009832                __mdiff
 .text.__d2b    0x00000000080098ee       0x9e /usr/lib/gcc/arm-none-eabi/6.3.0/../../../../arm-none-eabi/lib/armv7e-m/fpu/libc_nano.a(lib_a-mprec.o)
                0x00000000080098ee                __d2b
 .text._calloc_r
                0x000000000800998c       0x1c /usr/lib/gcc/arm-none-eabi/6.3.0/../../../../arm-none-eabi/lib/armv7e-m/fpu/libc_nano.a(lib_a-nano-callocr.o)
                0x000000000800998c                _calloc_r
 .text._free_r  0x00000000080099a8       0x9c /usr/lib/gcc/arm-none-eabi/6.3.0/../../../../arm-none-eabi/lib/armv7e-m/fpu/libc_nano.a(lib_a-nano-freer.o)
                0x00000000080099a8                _free_r
 .text._malloc_r
                0x0000000008009a44       0xbc /usr/lib/gcc/arm-none-eabi/6.3.0/../../../../arm-none-eabi/lib/armv7e-m/fpu/libc_nano.a(lib_a-nano-mallocr.o)
                0x0000000008009a44                _malloc_r
 .text.__sfputc_r
                0x0000000008009b00       0x30 /usr/lib/gcc/arm-none-eabi/6.3.0/../../../../arm-none-eabi/lib/armv7e-m/fpu/libc_nano.a(lib_a-nano-vfprintf.o)
 .text.__sfputs_r
                0x0000000008009b30       0x24 /usr/lib/gcc/arm-none-eabi/6.3.0/../../../../arm-none-eabi/lib/armv7e-m/fpu/libc_nano.a(lib_a-nano-vfprintf.o)
                0x0000000008009b30                __sfputs_r
 .text._vfprintf_r
                0x0000000008009b54      0x22c /usr/lib/gcc/arm-none-eabi/6.3.0/../../../../arm-none-eabi/lib/armv7e-m/fpu/libc_nano.a(lib_a-nano-vfprintf.o)
                0x0000000008009b54                _vfiprintf_r
                0x0000000008009b54                _vfprintf_r
 .text._sbrk_r  0x0000000008009d80       0x20 /usr/lib/gcc/arm-none-eabi/6.3.0/../../../../arm-none-eabi/lib/armv7e-m/fpu/libc_nano.a(lib_a-sbrkr.o)
                0x0000000008009d80                _sbrk_r
 .text.__sread  0x0000000008009da0       0x22 /usr/lib/gcc/arm-none-eabi/6.3.0/../../../../arm-none-eabi/lib/armv7e-m/fpu/libc_nano.a(lib_a-stdio.o)
                0x0000000008009da0                __sread
 .text.__swrite
                0x0000000008009dc2       0x38 /usr/lib/gcc/arm-none-eabi/6.3.0/../../../../arm-none-eabi/lib/armv7e-m/fpu/libc_nano.a(lib_a-stdio.o)
                0x0000000008009dc2                __swrite
 .text.__sseek  0x0000000008009dfa       0x24 /usr/lib/gcc/arm-none-eabi/6.3.0/../../../../arm-none-eabi/lib/armv7e-m/fpu/libc_nano.a(lib_a-stdio.o)
                0x0000000008009dfa                __sseek
 .text.__sclose
                0x0000000008009e1e        0x8 /usr/lib/gcc/arm-none-eabi/6.3.0/../../../../arm-none-eabi/lib/armv7e-m/fpu/libc_nano.a(lib_a-stdio.o)
                0x0000000008009e1e                __sclose
 *fill*         0x0000000008009e26        0x2 
 .text.__swbuf_r
                0x0000000008009e28       0xa4 /usr/lib/gcc/arm-none-eabi/6.3.0/../../../../arm-none-eabi/lib/armv7e-m/fpu/libc_nano.a(lib_a-wbuf.o)
                0x0000000008009e28                __swbuf_r
 .text._write_r
                0x0000000008009ecc       0x24 /usr/lib/gcc/arm-none-eabi/6.3.0/../../../../arm-none-eabi/lib/armv7e-m/fpu/libc_nano.a(lib_a-writer.o)
                0x0000000008009ecc                _write_r
 .text.__swsetup_r
                0x0000000008009ef0       0xdc /usr/lib/gcc/arm-none-eabi/6.3.0/../../../../arm-none-eabi/lib/armv7e-m/fpu/libc_nano.a(lib_a-wsetup.o)
                0x0000000008009ef0                __swsetup_r
 .text._close_r
                0x0000000008009fcc       0x20 /usr/lib/gcc/arm-none-eabi/6.3.0/../../../../arm-none-eabi/lib/armv7e-m/fpu/libc_nano.a(lib_a-closer.o)
                0x0000000008009fcc                _close_r
 .text.__sflush_r
                0x0000000008009fec      0x110 /usr/lib/gcc/arm-none-eabi/6.3.0/../../../../arm-none-eabi/lib/armv7e-m/fpu/libc_nano.a(lib_a-fflush.o)
                0x0000000008009fec                __sflush_r
 .text._fflush_r
                0x000000000800a0fc       0x54 /usr/lib/gcc/arm-none-eabi/6.3.0/../../../../arm-none-eabi/lib/armv7e-m/fpu/libc_nano.a(lib_a-fflush.o)
                0x000000000800a0fc                _fflush_r
 .text._lseek_r
                0x000000000800a150       0x24 /usr/lib/gcc/arm-none-eabi/6.3.0/../../../../arm-none-eabi/lib/armv7e-m/fpu/libc_nano.a(lib_a-lseekr.o)
                0x000000000800a150                _lseek_r
 .text.__swhatbuf_r
                0x000000000800a174       0x48 /usr/lib/gcc/arm-none-eabi/6.3.0/../../../../arm-none-eabi/lib/armv7e-m/fpu/libc_nano.a(lib_a-makebuf.o)
                0x000000000800a174                __swhatbuf_r
 .text.__smakebuf_r
                0x000000000800a1bc       0x80 /usr/lib/gcc/arm-none-eabi/6.3.0/../../../../arm-none-eabi/lib/armv7e-m/fpu/libc_nano.a(lib_a-makebuf.o)
                0x000000000800a1bc                __smakebuf_r
 .text.__ascii_mbtowc
                0x000000000800a23c       0x24 /usr/lib/gcc/arm-none-eabi/6.3.0/../../../../arm-none-eabi/lib/armv7e-m/fpu/libc_nano.a(lib_a-mbtowc_r.o)
                0x000000000800a23c                __ascii_mbtowc
 .text.__malloc_lock
                0x000000000800a260        0x2 /usr/lib/gcc/arm-none-eabi/6.3.0/../../../../arm-none-eabi/lib/armv7e-m/fpu/libc_nano.a(lib_a-mlock.o)
                0x000000000800a260                __malloc_lock
 .text.__malloc_unlock
                0x000000000800a262        0x2 /usr/lib/gcc/arm-none-eabi/6.3.0/../../../../arm-none-eabi/lib/armv7e-m/fpu/libc_nano.a(lib_a-mlock.o)
                0x000000000800a262                __malloc_unlock
 .text._read_r  0x000000000800a264       0x24 /usr/lib/gcc/arm-none-eabi/6.3.0/../../../../arm-none-eabi/lib/armv7e-m/fpu/libc_nano.a(lib_a-readr.o)
                0x000000000800a264                _read_r
 .text.__ascii_wctomb
                0x000000000800a288       0x1a /usr/lib/gcc/arm-none-eabi/6.3.0/../../../../arm-none-eabi/lib/armv7e-m/fpu/libc_nano.a(lib_a-wctomb_r.o)
                0x000000000800a288                __ascii_wctomb
 *fill*         0x000000000800a2a2        0x2 
 .text._fstat_r
                0x000000000800a2a4       0x24 /usr/lib/gcc/arm-none-eabi/6.3.0/../../../../arm-none-eabi/lib/armv7e-m/fpu/libc_nano.a(lib_a-fstatr.o)
                0x000000000800a2a4                _fstat_r
 .text._isatty_r
                0x000000000800a2c8       0x20 /usr/lib/gcc/arm-none-eabi/6.3.0/../../../../arm-none-eabi/lib/armv7e-m/fpu/libc_nano.a(lib_a-isattyr.o)
                0x000000000800a2c8                _isatty_r
 .text.cos      0x000000000800a2e8       0xc0 /usr/lib/gcc/arm-none-eabi/6.3.0/../../../../arm-none-eabi/lib/armv7e-m/fpu/libm.a(lib_a-s_cos.o)
                0x000000000800a2e8                cos
 .text.sin      0x000000000800a3a8       0xc0 /usr/lib/gcc/arm-none-eabi/6.3.0/../../../../arm-none-eabi/lib/armv7e-m/fpu/libm.a(lib_a-s_sin.o)
                0x000000000800a3a8                sin
 .text.atan2    0x000000000800a468        0x4 /usr/lib/gcc/arm-none-eabi/6.3.0/../../../../arm-none-eabi/lib/armv7e-m/fpu/libm.a(lib_a-w_atan2.o)
                0x000000000800a468                atan2
 .text.sqrt     0x000000000800a46c       0xb8 /usr/lib/gcc/arm-none-eabi/6.3.0/../../../../arm-none-eabi/lib/armv7e-m/fpu/libm.a(lib_a-w_sqrt.o)
                0x000000000800a46c                sqrt
 *fill*         0x000000000800a524        0x4 
 .text.__ieee754_atan2
                0x000000000800a528      0x1c4 /usr/lib/gcc/arm-none-eabi/6.3.0/../../../../arm-none-eabi/lib/armv7e-m/fpu/libm.a(lib_a-e_atan2.o)
                0x000000000800a528                __ieee754_atan2
 *fill*         0x000000000800a6ec        0x4 
 .text.__ieee754_rem_pio2
                0x000000000800a6f0      0x44c /usr/lib/gcc/arm-none-eabi/6.3.0/../../../../arm-none-eabi/lib/armv7e-m/fpu/libm.a(lib_a-e_rem_pio2.o)
                0x000000000800a6f0                __ieee754_rem_pio2
 .text.__ieee754_sqrt
                0x000000000800ab3c      0x198 /usr/lib/gcc/arm-none-eabi/6.3.0/../../../../arm-none-eabi/lib/armv7e-m/fpu/libm.a(lib_a-e_sqrt.o)
                0x000000000800ab3c                __ieee754_sqrt
 *fill*         0x000000000800acd4        0x4 
 .text.__kernel_cos
                0x000000000800acd8      0x284 /usr/lib/gcc/arm-none-eabi/6.3.0/../../../../arm-none-eabi/lib/armv7e-m/fpu/libm.a(lib_a-k_cos.o)
                0x000000000800acd8                __kernel_cos
 *fill*         0x000000000800af5c        0x4 
 .text.__kernel_rem_pio2
                0x000000000800af60      0x870 /usr/lib/gcc/arm-none-eabi/6.3.0/../../../../arm-none-eabi/lib/armv7e-m/fpu/libm.a(lib_a-k_rem_pio2.o)
                0x000000000800af60                __kernel_rem_pio2
 .text.__kernel_sin
                0x000000000800b7d0      0x194 /usr/lib/gcc/arm-none-eabi/6.3.0/../../../../arm-none-eabi/lib/armv7e-m/fpu/libm.a(lib_a-k_sin.o)
                0x000000000800b7d0                __kernel_sin
 *fill*         0x000000000800b964        0x4 
 .text.atan     0x000000000800b968      0x368 /usr/lib/gcc/arm-none-eabi/6.3.0/../../../../arm-none-eabi/lib/armv7e-m/fpu/libm.a(lib_a-s_atan.o)
                0x000000000800b968                atan
 .text.fabs     0x000000000800bcd0       0x10 /usr/lib/gcc/arm-none-eabi/6.3.0/../../../../arm-none-eabi/lib/armv7e-m/fpu/libm.a(lib_a-s_fabs.o)
                0x000000000800bcd0                fabs
 .text.floor    0x000000000800bce0      0x120 /usr/lib/gcc/arm-none-eabi/6.3.0/../../../../arm-none-eabi/lib/armv7e-m/fpu/libm.a(lib_a-s_floor.o)
                0x000000000800bce0                floor
 .text.matherr  0x000000000800be00        0x4 /usr/lib/gcc/arm-none-eabi/6.3.0/../../../../arm-none-eabi/lib/armv7e-m/fpu/libm.a(lib_a-s_matherr.o)
                0x000000000800be00                matherr
 *fill*         0x000000000800be04        0x4 
 .text.scalbn   0x000000000800be08      0x10c /usr/lib/gcc/arm-none-eabi/6.3.0/../../../../arm-none-eabi/lib/armv7e-m/fpu/libm.a(lib_a-s_scalbn.o)
                0x000000000800be08                scalbn
 .text.copysign
                0x000000000800bf14       0x1c /usr/lib/gcc/arm-none-eabi/6.3.0/../../../../arm-none-eabi/lib/armv7e-m/fpu/libm.a(lib_a-s_copysign.o)
                0x000000000800bf14                copysign
 .text._close   0x000000000800bf30       0x10 /usr/lib/gcc/arm-none-eabi/6.3.0/../../../../arm-none-eabi/lib/armv7e-m/fpu/libnosys.a(close.o)
                0x000000000800bf30                _close
 .text._fstat   0x000000000800bf40       0x10 /usr/lib/gcc/arm-none-eabi/6.3.0/../../../../arm-none-eabi/lib/armv7e-m/fpu/libnosys.a(fstat.o)
                0x000000000800bf40                _fstat
 .text._isatty  0x000000000800bf50       0x10 /usr/lib/gcc/arm-none-eabi/6.3.0/../../../../arm-none-eabi/lib/armv7e-m/fpu/libnosys.a(isatty.o)
                0x000000000800bf50                _isatty
 .text._lseek   0x000000000800bf60       0x10 /usr/lib/gcc/arm-none-eabi/6.3.0/../../../../arm-none-eabi/lib/armv7e-m/fpu/libnosys.a(lseek.o)
                0x000000000800bf60                _lseek
 .text._read    0x000000000800bf70       0x10 /usr/lib/gcc/arm-none-eabi/6.3.0/../../../../arm-none-eabi/lib/armv7e-m/fpu/libnosys.a(read.o)
                0x000000000800bf70                _read
 .text._sbrk    0x000000000800bf80       0x1c /usr/lib/gcc/arm-none-eabi/6.3.0/../../../../arm-none-eabi/lib/armv7e-m/fpu/libnosys.a(sbrk.o)
                0x000000000800bf80                _sbrk
 .text.__errno  0x000000000800bf9c        0xc /usr/lib/gcc/arm-none-eabi/6.3.0/../../../../arm-none-eabi/lib/armv7e-m/fpu/libc_nano.a(lib_a-errno.o)
                0x000000000800bf9c                __errno
 *(.glue_7)
 .glue_7        0x000000000800bfa8        0x0 linker stubs
 *(.glue_7t)
 .glue_7t       0x000000000800bfa8        0x0 linker stubs
 *(.eh_frame)
 .eh_frame      0x000000000800bfa8        0x0 /usr/lib/gcc/arm-none-eabi/6.3.0/armv7e-m/fpu/crtbegin.o
 *(.init)
 .init          0x000000000800bfa8        0x4 /usr/lib/gcc/arm-none-eabi/6.3.0/armv7e-m/fpu/crti.o
                0x000000000800bfa8                _init
 .init          0x000000000800bfac        0x8 /usr/lib/gcc/arm-none-eabi/6.3.0/armv7e-m/fpu/crtn.o
 *(.fini)
 .fini          0x000000000800bfb4        0x4 /usr/lib/gcc/arm-none-eabi/6.3.0/armv7e-m/fpu/crti.o
                0x000000000800bfb4                _fini
 .fini          0x000000000800bfb8        0x8 /usr/lib/gcc/arm-none-eabi/6.3.0/armv7e-m/fpu/crtn.o
                0x000000000800bfc0                . = ALIGN (0x4)
                0x000000000800bfc0                _etext = .

.vfp11_veneer   0x000000000800bfc0        0x0
 .vfp11_veneer  0x000000000800bfc0        0x0 linker stubs

.v4_bx          0x000000000800bfc0        0x0
 .v4_bx         0x000000000800bfc0        0x0 linker stubs

.iplt           0x000000000800bfc0        0x0
 .iplt          0x000000000800bfc0        0x0 /usr/lib/gcc/arm-none-eabi/6.3.0/armv7e-m/fpu/crtbegin.o

.rodata         0x000000000800bfc0     0x4160
                0x000000000800bfc0                . = ALIGN (0x4)
 *(.rodata)
 *(.rodata*)
 .rodata.b_st.str1.4
                0x000000000800bfc0        0xc build/app_main.o
 .rodata.b_time.str1.4
                0x000000000800bfcc       0x12 build/app_main.o
 *fill*         0x000000000800bfde        0x2 
 .rodata.str1.4
                0x000000000800bfe0      0x1d6 build/app_main.o
 *fill*         0x000000000800c1b6        0x2 
 .rodata.controls_595_init.str1.4
                0x000000000800c1b8        0x7 build/controls_595.o
 *fill*         0x000000000800c1bf        0x1 
 .rodata.compass_init.str1.4
                0x000000000800c1c0        0x8 build/compass.o
 .rodata.flagBitshiftOffset.8851
                0x000000000800c1c8        0x8 build/stm32f4xx_hal_dma.o
 .rodata.APBAHBPrescTable
                0x000000000800c1d0       0x10 build/stm32f4xx_hal_rcc.o
                0x000000000800c1d0                APBAHBPrescTable
 .rodata.gui_init.str1.4
                0x000000000800c1e0        0x8 build/gui.o
                                          0x4 (size before relaxing)
 .rodata.gui_create_compass.str1.4
                0x000000000800c1e0       0x14 build/gui_compass.o
 .rodata.ArialNarrow_15_SymbolTable
                0x000000000800c1f4     0x1040 build/Arial15.o
                0x000000000800c1f4                ArialNarrow_15_SymbolTable
 .rodata.F_Arial15
                0x000000000800d234       0x18 build/Arial15.o
                0x000000000800d234                F_Arial15
 .rodata.ArialBold_24_OffsetTable
                0x000000000800d24c      0x1c0 build/Arial24.o
                0x000000000800d24c                ArialBold_24_OffsetTable
 .rodata.ArialBold_24_SymbolTable
                0x000000000800d40c     0x2700 build/Arial24.o
                0x000000000800d40c                ArialBold_24_SymbolTable
 .rodata.ArialBold_24_WidthTable
                0x000000000800fb0c       0xe0 build/Arial24.o
                0x000000000800fb0c                ArialBold_24_WidthTable
 .rodata.F_Arial24
                0x000000000800fbec       0x18 build/Arial24.o
                0x000000000800fbec                F_Arial24
 .rodata._m_button_input.str1.4
                0x000000000800fc04       0x11 build/makise_e_buttons.o
 *fill*         0x000000000800fc15        0x3 
 .rodata.m_create_button.str1.4
                0x000000000800fc18       0x13 build/makise_e_buttons.o
 *fill*         0x000000000800fc2b        0x1 
 .rodata.SD_Driver
                0x000000000800fc2c       0x14 build/sd_diskio.o
                0x000000000800fc2c                SD_Driver
 .rodata._global_impure_ptr
                0x000000000800fc40        0x4 /usr/lib/gcc/arm-none-eabi/6.3.0/../../../../arm-none-eabi/lib/armv7e-m/fpu/libc_nano.a(lib_a-impure.o)
                0x000000000800fc40                _global_impure_ptr
 .rodata._printf_float.str1.1
                0x000000000800fc44       0x12 /usr/lib/gcc/arm-none-eabi/6.3.0/../../../../arm-none-eabi/lib/armv7e-m/fpu/libc_nano.a(lib_a-nano-vfprintf_float.o)
 .rodata._printf_i.str1.1
                0x000000000800fc56       0x22 /usr/lib/gcc/arm-none-eabi/6.3.0/../../../../arm-none-eabi/lib/armv7e-m/fpu/libc_nano.a(lib_a-nano-vfprintf_i.o)
 .rodata._dtoa_r.str1.1
                0x000000000800fc78        0xd /usr/lib/gcc/arm-none-eabi/6.3.0/../../../../arm-none-eabi/lib/armv7e-m/fpu/libc_nano.a(lib_a-dtoa.o)
                                          0xf (size before relaxing)
 *fill*         0x000000000800fc85        0x3 
 .rodata.__sf_fake_stderr
                0x000000000800fc88       0x20 /usr/lib/gcc/arm-none-eabi/6.3.0/../../../../arm-none-eabi/lib/armv7e-m/fpu/libc_nano.a(lib_a-findfp.o)
                0x000000000800fc88                __sf_fake_stderr
 .rodata.__sf_fake_stdin
                0x000000000800fca8       0x20 /usr/lib/gcc/arm-none-eabi/6.3.0/../../../../arm-none-eabi/lib/armv7e-m/fpu/libc_nano.a(lib_a-findfp.o)
                0x000000000800fca8                __sf_fake_stdin
 .rodata.__sf_fake_stdout
                0x000000000800fcc8       0x20 /usr/lib/gcc/arm-none-eabi/6.3.0/../../../../arm-none-eabi/lib/armv7e-m/fpu/libc_nano.a(lib_a-findfp.o)
                0x000000000800fcc8                __sf_fake_stdout
 .rodata.__mprec_bigtens
                0x000000000800fce8       0x28 /usr/lib/gcc/arm-none-eabi/6.3.0/../../../../arm-none-eabi/lib/armv7e-m/fpu/libc_nano.a(lib_a-mprec.o)
                0x000000000800fce8                __mprec_bigtens
 .rodata.__mprec_tens
                0x000000000800fd10       0xc8 /usr/lib/gcc/arm-none-eabi/6.3.0/../../../../arm-none-eabi/lib/armv7e-m/fpu/libc_nano.a(lib_a-mprec.o)
                0x000000000800fd10                __mprec_tens
 .rodata.p05.7151
                0x000000000800fdd8        0xc /usr/lib/gcc/arm-none-eabi/6.3.0/../../../../arm-none-eabi/lib/armv7e-m/fpu/libc_nano.a(lib_a-mprec.o)
 .rodata._vfprintf_r.str1.1
                0x000000000800fde4       0x11 /usr/lib/gcc/arm-none-eabi/6.3.0/../../../../arm-none-eabi/lib/armv7e-m/fpu/libc_nano.a(lib_a-nano-vfprintf.o)
 .rodata._setlocale_r.str1.1
                0x000000000800fdf5        0x8 /usr/lib/gcc/arm-none-eabi/6.3.0/../../../../arm-none-eabi/lib/armv7e-m/fpu/libc_nano.a(lib_a-locale.o)
                                          0x9 (size before relaxing)
 .rodata.str1.1
                0x000000000800fdfd        0x2 /usr/lib/gcc/arm-none-eabi/6.3.0/../../../../arm-none-eabi/lib/armv7e-m/fpu/libc_nano.a(lib_a-locale.o)
 .rodata._ctype_
                0x000000000800fdff      0x101 /usr/lib/gcc/arm-none-eabi/6.3.0/../../../../arm-none-eabi/lib/armv7e-m/fpu/libc_nano.a(lib_a-ctype_.o)
                0x000000000800fdff                _ctype_
 .rodata.sqrt.str1.4
                0x000000000800ff00        0x8 /usr/lib/gcc/arm-none-eabi/6.3.0/../../../../arm-none-eabi/lib/armv7e-m/fpu/libm.a(lib_a-w_sqrt.o)
                                          0x5 (size before relaxing)
 .rodata.npio2_hw
                0x000000000800ff08       0x80 /usr/lib/gcc/arm-none-eabi/6.3.0/../../../../arm-none-eabi/lib/armv7e-m/fpu/libm.a(lib_a-e_rem_pio2.o)
 .rodata.two_over_pi
                0x000000000800ff88      0x108 /usr/lib/gcc/arm-none-eabi/6.3.0/../../../../arm-none-eabi/lib/armv7e-m/fpu/libm.a(lib_a-e_rem_pio2.o)
 .rodata.PIo2   0x0000000008010090       0x40 /usr/lib/gcc/arm-none-eabi/6.3.0/../../../../arm-none-eabi/lib/armv7e-m/fpu/libm.a(lib_a-k_rem_pio2.o)
 .rodata.init_jk
                0x00000000080100d0       0x10 /usr/lib/gcc/arm-none-eabi/6.3.0/../../../../arm-none-eabi/lib/armv7e-m/fpu/libm.a(lib_a-k_rem_pio2.o)
 .rodata.atanhi
                0x00000000080100e0       0x20 /usr/lib/gcc/arm-none-eabi/6.3.0/../../../../arm-none-eabi/lib/armv7e-m/fpu/libm.a(lib_a-s_atan.o)
 .rodata.atanlo
                0x0000000008010100       0x20 /usr/lib/gcc/arm-none-eabi/6.3.0/../../../../arm-none-eabi/lib/armv7e-m/fpu/libm.a(lib_a-s_atan.o)
                0x0000000008010120                . = ALIGN (0x4)

.rel.dyn        0x0000000008010120        0x0
 .rel.iplt      0x0000000008010120        0x0 /usr/lib/gcc/arm-none-eabi/6.3.0/armv7e-m/fpu/crtbegin.o

.ARM.extab
 *(.ARM.extab* .gnu.linkonce.armextab.*)

.ARM            0x0000000008010120        0x0
                0x0000000008010120                __exidx_start = .
 *(.ARM.exidx*)
                0x0000000008010120                __exidx_end = .

.preinit_array  0x0000000008010120        0x0
                0x0000000008010120                PROVIDE (__preinit_array_start, .)
 *(.preinit_array*)
                0x0000000008010120                PROVIDE (__preinit_array_end, .)

.init_array     0x0000000008010120        0x4
                0x0000000008010120                PROVIDE (__init_array_start, .)
 *(SORT(.init_array.*))
 *(.init_array*)
 .init_array    0x0000000008010120        0x4 /usr/lib/gcc/arm-none-eabi/6.3.0/armv7e-m/fpu/crtbegin.o
                0x0000000008010124                PROVIDE (__init_array_end, .)

.fini_array     0x0000000008010124        0x4
                0x0000000008010124                PROVIDE (__fini_array_start, .)
 *(SORT(.fini_array.*))
 *(.fini_array*)
 .fini_array    0x0000000008010124        0x4 /usr/lib/gcc/arm-none-eabi/6.3.0/armv7e-m/fpu/crtbegin.o
                0x0000000008010128                PROVIDE (__fini_array_end, .)
                0x0000000008010128                _sidata = LOADADDR (.data)

.data           0x0000000020000000      0x608 load address 0x0000000008010128
                0x0000000020000000                . = ALIGN (0x4)
                0x0000000020000000                _sdata = .
 *(.data)
 *(.data*)
 .data.but_t    0x0000000020000000        0xc build/app_main.o
                0x0000000020000000                but_t
 .data.button_style
                0x000000002000000c       0x4c build/app_main.o
                0x000000002000000c                button_style
 .data.inputs_buttons
                0x0000000020000058       0xc0 build/inputs.o
                0x0000000020000058                inputs_buttons
 .data.inputs_outs
                0x0000000020000118       0x30 build/inputs.o
                0x0000000020000118                inputs_outs
 .data._makise_color_palette_default
                0x0000000020000148       0x40 build/makise_colors.o
                0x0000000020000148                _makise_color_palette_default
 .data.makise_color_palette
                0x0000000020000188        0x4 build/makise_colors.o
                0x0000000020000188                makise_color_palette
 .data.ArialNarrow_15_OffsetTable
                0x000000002000018c      0x1c0 build/Arial15.o
                0x000000002000018c                ArialNarrow_15_OffsetTable
 .data.ArialNarrow_15_WidthTable
                0x000000002000034c       0xe0 build/Arial15.o
                0x000000002000034c                ArialNarrow_15_WidthTable
 .data.Stat     0x000000002000042c        0x1 build/sd_diskio.o
 *fill*         0x000000002000042d        0x3 
 .data.SystemCoreClock
                0x0000000020000430        0x4 build/system_stm32f4xx.o
                0x0000000020000430                SystemCoreClock
 .data._impure_ptr
                0x0000000020000434        0x4 /usr/lib/gcc/arm-none-eabi/6.3.0/../../../../arm-none-eabi/lib/armv7e-m/fpu/libc_nano.a(lib_a-impure.o)
                0x0000000020000434                _impure_ptr
 .data.impure_data
                0x0000000020000438       0x60 /usr/lib/gcc/arm-none-eabi/6.3.0/../../../../arm-none-eabi/lib/armv7e-m/fpu/libc_nano.a(lib_a-impure.o)
 .data.__global_locale
                0x0000000020000498      0x16c /usr/lib/gcc/arm-none-eabi/6.3.0/../../../../arm-none-eabi/lib/armv7e-m/fpu/libc_nano.a(lib_a-locale.o)
                0x0000000020000498                __global_locale
 .data.__fdlib_version
                0x0000000020000604        0x1 /usr/lib/gcc/arm-none-eabi/6.3.0/../../../../arm-none-eabi/lib/armv7e-m/fpu/libm.a(lib_a-s_lib_ver.o)
                0x0000000020000604                __fdlib_version
                0x0000000020000608                . = ALIGN (0x4)
 *fill*         0x0000000020000605        0x3 
                0x0000000020000608                _edata = .

.jcr            0x0000000020000608        0x0 load address 0x0000000008010730
 .jcr           0x0000000020000608        0x0 /usr/lib/gcc/arm-none-eabi/6.3.0/armv7e-m/fpu/crtbegin.o

.igot.plt       0x0000000020000608        0x0 load address 0x0000000008010730
 .igot.plt      0x0000000020000608        0x0 /usr/lib/gcc/arm-none-eabi/6.3.0/armv7e-m/fpu/crtbegin.o
                0x0000000020000608                . = ALIGN (0x4)

.bss            0x0000000020000608     0xfd48 load address 0x0000000008010730
                0x0000000020000608                _sbss = .
                0x0000000020000608                __bss_start__ = _sbss
 *(.bss)
 *(.bss*)
 .bss.completed.9708
                0x0000000020000608        0x1 /usr/lib/gcc/arm-none-eabi/6.3.0/armv7e-m/fpu/crtbegin.o
 *fill*         0x0000000020000609        0x3 
 .bss.object.9713
                0x000000002000060c       0x18 /usr/lib/gcc/arm-none-eabi/6.3.0/armv7e-m/fpu/crtbegin.o
 .bss.last_ch   0x0000000020000624        0x4 build/app_main.o
                0x0000000020000624                last_ch
 .bss.out       0x0000000020000628     0x2358 build/app_main.o
                0x0000000020000628                out
 .bss.ang       0x0000000020002980        0x4 build/compass.o
                0x0000000020002980                ang
 .bss.bb        0x0000000020002984     0x9600 build/gui.o
                0x0000000020002984                bb
 .bss.sb        0x000000002000bf84     0x3d40 build/gui.o
                0x000000002000bf84                sb
 .bss._makise_new_id
                0x000000002000fcc4        0x4 build/makise_gui.o
                0x000000002000fcc4                _makise_new_id
 .bss.disk      0x000000002000fcc8        0xc build/ff_gen_drv.o
                0x000000002000fcc8                disk
 .bss.__malloc_free_list
                0x000000002000fcd4        0x4 /usr/lib/gcc/arm-none-eabi/6.3.0/../../../../arm-none-eabi/lib/armv7e-m/fpu/libc_nano.a(lib_a-nano-mallocr.o)
                0x000000002000fcd4                __malloc_free_list
 .bss.__malloc_sbrk_start
                0x000000002000fcd8        0x4 /usr/lib/gcc/arm-none-eabi/6.3.0/../../../../arm-none-eabi/lib/armv7e-m/fpu/libc_nano.a(lib_a-nano-mallocr.o)
                0x000000002000fcd8                __malloc_sbrk_start
 .bss.heap_end.5215
                0x000000002000fcdc        0x4 /usr/lib/gcc/arm-none-eabi/6.3.0/../../../../arm-none-eabi/lib/armv7e-m/fpu/libnosys.a(sbrk.o)
 *(COMMON)
 COMMON         0x000000002000fce0      0x204 build/app_main.o
                0x000000002000fce0                comp
                0x000000002000fd44                tf
                0x000000002000fda0                but
 COMMON         0x000000002000fee4       0x14 build/controls_595.o
                0x000000002000fee4                _controls_595_outs_len
                0x000000002000fee8                _controls_595_buttons
                0x000000002000feec                _controls_595_buttons_len
                0x000000002000fef0                _controls_595_outs
                0x000000002000fef4                _controls_595_buttons_handler
 COMMON         0x000000002000fef8        0x4 build/stm32f4xx_hal.o
                0x000000002000fef8                uwTick
 COMMON         0x000000002000fefc       0xf8 build/gui.o
                0x000000002000fefc                host
                0x000000002000ff00                hs
                0x000000002000ff7c                mGui
                0x000000002000ff80                Bu
                0x000000002000ff94                co
                0x000000002000ffb0                Dr
                0x000000002000ffe0                Gu
 COMMON         0x000000002000fff4        0xc build/makise.o
                0x000000002000fff4                kpsett
                0x000000002000fff8                kpset32
                0x000000002000fffc                kpset
 COMMON         0x0000000020010000       0x60 build/dma.o
                0x0000000020010000                hdma_memtomem_dma2_stream0
 COMMON         0x0000000020010060        0x8 build/fatfs.o
                0x0000000020010060                retSD
                0x0000000020010064                SD_Path
 COMMON         0x0000000020010068       0x54 build/i2c.o
                0x0000000020010068                hi2c1
 *fill*         0x00000000200100bc        0x4 
 COMMON         0x00000000200100c0       0xb8 build/sdio.o
                0x00000000200100c0                SDCardInfo
                0x0000000020010118                hsd
 COMMON         0x0000000020010178       0xb8 build/spi.o
                0x0000000020010178                hspi1
                0x00000000200101d0                hdma_spi1_tx
 COMMON         0x0000000020010230       0x3c build/tim.o
                0x0000000020010230                htim3
 COMMON         0x000000002001026c       0xe0 build/usart.o
                0x000000002001026c                hdma_usart1_rx
                0x00000000200102cc                huart1
                0x000000002001030c                huart6
 COMMON         0x000000002001034c        0x4 /usr/lib/gcc/arm-none-eabi/6.3.0/../../../../arm-none-eabi/lib/armv7e-m/fpu/libc_nano.a(lib_a-reent.o)
                0x000000002001034c                errno
                0x0000000020010350                . = ALIGN (0x4)
                0x0000000020010350                _ebss = .
                0x0000000020010350                __bss_end__ = _ebss

._user_heap_stack
                0x0000000020010350     0x4000 load address 0x0000000008010730
                0x0000000020010350                . = ALIGN (0x8)
                0x0000000020010350                PROVIDE (end, .)
                [!provide]                        PROVIDE (_end, .)
                0x0000000020012350                . = (. + _Min_Heap_Size)
 *fill*         0x0000000020010350     0x2000 
                0x0000000020014350                . = (. + _Min_Stack_Size)
 *fill*         0x0000000020012350     0x2000 
                0x0000000020014350                . = ALIGN (0x8)

/DISCARD/
 libc.a(*)
 libm.a(*)
 libgcc.a(*)

.ARM.attributes
                0x0000000000000000       0x30
 *(.ARM.attributes)
 .ARM.attributes
                0x0000000000000000       0x22 /usr/lib/gcc/arm-none-eabi/6.3.0/armv7e-m/fpu/crti.o
 .ARM.attributes
                0x0000000000000022       0x34 /usr/lib/gcc/arm-none-eabi/6.3.0/armv7e-m/fpu/crtbegin.o
 .ARM.attributes
                0x0000000000000056       0x35 build/app_main.o
 .ARM.attributes
                0x000000000000008b       0x35 build/controls_595.o
 .ARM.attributes
                0x00000000000000c0       0x35 build/compass.o
 .ARM.attributes
                0x00000000000000f5       0x35 build/stm32f4xx_hal.o
 .ARM.attributes
                0x000000000000012a       0x35 build/stm32f4xx_hal_cortex.o
 .ARM.attributes
                0x000000000000015f       0x35 build/stm32f4xx_hal_dma.o
 .ARM.attributes
                0x0000000000000194       0x35 build/stm32f4xx_hal_gpio.o
 .ARM.attributes
                0x00000000000001c9       0x35 build/stm32f4xx_hal_i2c.o
 .ARM.attributes
                0x00000000000001fe       0x35 build/stm32f4xx_hal_rcc.o
 .ARM.attributes
                0x0000000000000233       0x35 build/stm32f4xx_hal_sd.o
 .ARM.attributes
                0x0000000000000268       0x35 build/stm32f4xx_hal_spi.o
 .ARM.attributes
                0x000000000000029d       0x35 build/stm32f4xx_hal_tim.o
 .ARM.attributes
                0x00000000000002d2       0x35 build/stm32f4xx_hal_tim_ex.o
 .ARM.attributes
                0x0000000000000307       0x35 build/stm32f4xx_hal_uart.o
 .ARM.attributes
                0x000000000000033c       0x35 build/stm32f4xx_ll_sdmmc.o
 .ARM.attributes
                0x0000000000000371       0x35 build/gui.o
 .ARM.attributes
                0x00000000000003a6       0x35 build/gui_compass.o
 .ARM.attributes
                0x00000000000003db       0x35 build/inputs.o
 .ARM.attributes
                0x0000000000000410       0x35 build/makise.o
 .ARM.attributes
                0x0000000000000445       0x35 build/makise_colors.o
 .ARM.attributes
                0x000000000000047a       0x35 build/makise_primitives.o
 .ARM.attributes
                0x00000000000004af       0x35 build/makise_text.o
 .ARM.attributes
                0x00000000000004e4       0x35 build/Arial15.o
 .ARM.attributes
                0x0000000000000519       0x35 build/Arial24.o
 .ARM.attributes
                0x000000000000054e       0x35 build/makise_gui.o
 .ARM.attributes
                0x0000000000000583       0x35 build/makise_gui_container.o
 .ARM.attributes
                0x00000000000005b8       0x35 build/makise_gui_elements.o
 .ARM.attributes
                0x00000000000005ed       0x35 build/makise_e.o
 .ARM.attributes
                0x0000000000000622       0x35 build/makise_e_buttons.o
 .ARM.attributes
                0x0000000000000657       0x35 build/ili9340.o
 .ARM.attributes
                0x000000000000068c       0x35 build/ff_gen_drv.o
 .ARM.attributes
                0x00000000000006c1       0x35 build/sd_diskio.o
 .ARM.attributes
                0x00000000000006f6       0x35 build/bsp_driver_sd.o
 .ARM.attributes
                0x000000000000072b       0x35 build/dma.o
 .ARM.attributes
                0x0000000000000760       0x35 build/fatfs.o
 .ARM.attributes
                0x0000000000000795       0x35 build/gpio.o
 .ARM.attributes
                0x00000000000007ca       0x35 build/i2c.o
 .ARM.attributes
                0x00000000000007ff       0x35 build/main.o
 .ARM.attributes
                0x0000000000000834       0x35 build/printf.o
 .ARM.attributes
                0x0000000000000869       0x35 build/sdio.o
 .ARM.attributes
                0x000000000000089e       0x35 build/spi.o
 .ARM.attributes
                0x00000000000008d3       0x35 build/stm32f4xx_hal_msp.o
 .ARM.attributes
                0x0000000000000908       0x35 build/stm32f4xx_it.o
 .ARM.attributes
                0x000000000000093d       0x35 build/system_stm32f4xx.o
 .ARM.attributes
                0x0000000000000972       0x35 build/tim.o
 .ARM.attributes
                0x00000000000009a7       0x35 build/usart.o
 .ARM.attributes
                0x00000000000009dc       0x21 build/startup_stm32f401xe.o
 .ARM.attributes
                0x00000000000009fd       0x34 /usr/lib/gcc/arm-none-eabi/6.3.0/../../../../arm-none-eabi/lib/armv7e-m/fpu/libc_nano.a(lib_a-impure.o)
 .ARM.attributes
                0x0000000000000a31       0x34 /usr/lib/gcc/arm-none-eabi/6.3.0/../../../../arm-none-eabi/lib/armv7e-m/fpu/libc_nano.a(lib_a-init.o)
 .ARM.attributes
                0x0000000000000a65       0x34 /usr/lib/gcc/arm-none-eabi/6.3.0/../../../../arm-none-eabi/lib/armv7e-m/fpu/libc_nano.a(lib_a-memcpy-stub.o)
 .ARM.attributes
                0x0000000000000a99       0x34 /usr/lib/gcc/arm-none-eabi/6.3.0/../../../../arm-none-eabi/lib/armv7e-m/fpu/libc_nano.a(lib_a-memset.o)
 .ARM.attributes
                0x0000000000000acd       0x34 /usr/lib/gcc/arm-none-eabi/6.3.0/../../../../arm-none-eabi/lib/armv7e-m/fpu/libc_nano.a(lib_a-nano-vfprintf_float.o)
 .ARM.attributes
                0x0000000000000b01       0x34 /usr/lib/gcc/arm-none-eabi/6.3.0/../../../../arm-none-eabi/lib/armv7e-m/fpu/libc_nano.a(lib_a-nano-vfprintf_i.o)
 .ARM.attributes
                0x0000000000000b35       0x34 /usr/lib/gcc/arm-none-eabi/6.3.0/../../../../arm-none-eabi/lib/armv7e-m/fpu/libc_nano.a(lib_a-printf.o)
 .ARM.attributes
                0x0000000000000b69       0x1b /usr/lib/gcc/arm-none-eabi/6.3.0/../../../../arm-none-eabi/lib/armv7e-m/fpu/libc_nano.a(lib_a-strlen.o)
 .ARM.attributes
                0x0000000000000b84       0x34 /usr/lib/gcc/arm-none-eabi/6.3.0/../../../../arm-none-eabi/lib/armv7e-m/fpu/libc_nano.a(lib_a-dtoa.o)
 .ARM.attributes
                0x0000000000000bb8       0x34 /usr/lib/gcc/arm-none-eabi/6.3.0/../../../../arm-none-eabi/lib/armv7e-m/fpu/libc_nano.a(lib_a-findfp.o)
 .ARM.attributes
                0x0000000000000bec       0x34 /usr/lib/gcc/arm-none-eabi/6.3.0/../../../../arm-none-eabi/lib/armv7e-m/fpu/libc_nano.a(lib_a-fwalk.o)
 .ARM.attributes
                0x0000000000000c20       0x34 /usr/lib/gcc/arm-none-eabi/6.3.0/../../../../arm-none-eabi/lib/armv7e-m/fpu/libc_nano.a(lib_a-localeconv.o)
 .ARM.attributes
                0x0000000000000c54       0x34 /usr/lib/gcc/arm-none-eabi/6.3.0/../../../../arm-none-eabi/lib/armv7e-m/fpu/libc_nano.a(lib_a-malloc.o)
 .ARM.attributes
                0x0000000000000c88       0x20 /usr/lib/gcc/arm-none-eabi/6.3.0/../../../../arm-none-eabi/lib/armv7e-m/fpu/libc_nano.a(lib_a-memchr.o)
 .ARM.attributes
                0x0000000000000ca8       0x34 /usr/lib/gcc/arm-none-eabi/6.3.0/../../../../arm-none-eabi/lib/armv7e-m/fpu/libc_nano.a(lib_a-mprec.o)
 .ARM.attributes
                0x0000000000000cdc       0x34 /usr/lib/gcc/arm-none-eabi/6.3.0/../../../../arm-none-eabi/lib/armv7e-m/fpu/libc_nano.a(lib_a-nano-callocr.o)
 .ARM.attributes
                0x0000000000000d10       0x34 /usr/lib/gcc/arm-none-eabi/6.3.0/../../../../arm-none-eabi/lib/armv7e-m/fpu/libc_nano.a(lib_a-nano-freer.o)
 .ARM.attributes
                0x0000000000000d44       0x34 /usr/lib/gcc/arm-none-eabi/6.3.0/../../../../arm-none-eabi/lib/armv7e-m/fpu/libc_nano.a(lib_a-nano-mallocr.o)
 .ARM.attributes
                0x0000000000000d78       0x34 /usr/lib/gcc/arm-none-eabi/6.3.0/../../../../arm-none-eabi/lib/armv7e-m/fpu/libc_nano.a(lib_a-nano-vfprintf.o)
 .ARM.attributes
                0x0000000000000dac       0x34 /usr/lib/gcc/arm-none-eabi/6.3.0/../../../../arm-none-eabi/lib/armv7e-m/fpu/libc_nano.a(lib_a-sbrkr.o)
 .ARM.attributes
                0x0000000000000de0       0x34 /usr/lib/gcc/arm-none-eabi/6.3.0/../../../../arm-none-eabi/lib/armv7e-m/fpu/libc_nano.a(lib_a-stdio.o)
 .ARM.attributes
                0x0000000000000e14       0x34 /usr/lib/gcc/arm-none-eabi/6.3.0/../../../../arm-none-eabi/lib/armv7e-m/fpu/libc_nano.a(lib_a-wbuf.o)
 .ARM.attributes
                0x0000000000000e48       0x34 /usr/lib/gcc/arm-none-eabi/6.3.0/../../../../arm-none-eabi/lib/armv7e-m/fpu/libc_nano.a(lib_a-writer.o)
 .ARM.attributes
                0x0000000000000e7c       0x34 /usr/lib/gcc/arm-none-eabi/6.3.0/../../../../arm-none-eabi/lib/armv7e-m/fpu/libc_nano.a(lib_a-wsetup.o)
 .ARM.attributes
                0x0000000000000eb0       0x34 /usr/lib/gcc/arm-none-eabi/6.3.0/../../../../arm-none-eabi/lib/armv7e-m/fpu/libc_nano.a(lib_a-closer.o)
 .ARM.attributes
                0x0000000000000ee4       0x34 /usr/lib/gcc/arm-none-eabi/6.3.0/../../../../arm-none-eabi/lib/armv7e-m/fpu/libc_nano.a(lib_a-fflush.o)
 .ARM.attributes
                0x0000000000000f18       0x34 /usr/lib/gcc/arm-none-eabi/6.3.0/../../../../arm-none-eabi/lib/armv7e-m/fpu/libc_nano.a(lib_a-locale.o)
 .ARM.attributes
                0x0000000000000f4c       0x34 /usr/lib/gcc/arm-none-eabi/6.3.0/../../../../arm-none-eabi/lib/armv7e-m/fpu/libc_nano.a(lib_a-lseekr.o)
 .ARM.attributes
                0x0000000000000f80       0x34 /usr/lib/gcc/arm-none-eabi/6.3.0/../../../../arm-none-eabi/lib/armv7e-m/fpu/libc_nano.a(lib_a-makebuf.o)
 .ARM.attributes
                0x0000000000000fb4       0x34 /usr/lib/gcc/arm-none-eabi/6.3.0/../../../../arm-none-eabi/lib/armv7e-m/fpu/libc_nano.a(lib_a-mbtowc_r.o)
 .ARM.attributes
                0x0000000000000fe8       0x34 /usr/lib/gcc/arm-none-eabi/6.3.0/../../../../arm-none-eabi/lib/armv7e-m/fpu/libc_nano.a(lib_a-mlock.o)
 .ARM.attributes
                0x000000000000101c       0x34 /usr/lib/gcc/arm-none-eabi/6.3.0/../../../../arm-none-eabi/lib/armv7e-m/fpu/libc_nano.a(lib_a-readr.o)
 .ARM.attributes
                0x0000000000001050       0x34 /usr/lib/gcc/arm-none-eabi/6.3.0/../../../../arm-none-eabi/lib/armv7e-m/fpu/libc_nano.a(lib_a-reent.o)
 .ARM.attributes
                0x0000000000001084       0x34 /usr/lib/gcc/arm-none-eabi/6.3.0/../../../../arm-none-eabi/lib/armv7e-m/fpu/libc_nano.a(lib_a-wctomb_r.o)
 .ARM.attributes
                0x00000000000010b8       0x34 /usr/lib/gcc/arm-none-eabi/6.3.0/../../../../arm-none-eabi/lib/armv7e-m/fpu/libc_nano.a(lib_a-ctype_.o)
 .ARM.attributes
                0x00000000000010ec       0x34 /usr/lib/gcc/arm-none-eabi/6.3.0/../../../../arm-none-eabi/lib/armv7e-m/fpu/libc_nano.a(lib_a-fstatr.o)
 .ARM.attributes
                0x0000000000001120       0x34 /usr/lib/gcc/arm-none-eabi/6.3.0/../../../../arm-none-eabi/lib/armv7e-m/fpu/libc_nano.a(lib_a-isattyr.o)
 .ARM.attributes
                0x0000000000001154       0x34 /usr/lib/gcc/arm-none-eabi/6.3.0/../../../../arm-none-eabi/lib/armv7e-m/fpu/libm.a(lib_a-s_cos.o)
 .ARM.attributes
                0x0000000000001188       0x34 /usr/lib/gcc/arm-none-eabi/6.3.0/../../../../arm-none-eabi/lib/armv7e-m/fpu/libm.a(lib_a-s_sin.o)
 .ARM.attributes
                0x00000000000011bc       0x34 /usr/lib/gcc/arm-none-eabi/6.3.0/../../../../arm-none-eabi/lib/armv7e-m/fpu/libm.a(lib_a-w_atan2.o)
 .ARM.attributes
                0x00000000000011f0       0x34 /usr/lib/gcc/arm-none-eabi/6.3.0/../../../../arm-none-eabi/lib/armv7e-m/fpu/libm.a(lib_a-w_sqrt.o)
 .ARM.attributes
                0x0000000000001224       0x34 /usr/lib/gcc/arm-none-eabi/6.3.0/../../../../arm-none-eabi/lib/armv7e-m/fpu/libm.a(lib_a-e_atan2.o)
 .ARM.attributes
                0x0000000000001258       0x34 /usr/lib/gcc/arm-none-eabi/6.3.0/../../../../arm-none-eabi/lib/armv7e-m/fpu/libm.a(lib_a-e_rem_pio2.o)
 .ARM.attributes
                0x000000000000128c       0x34 /usr/lib/gcc/arm-none-eabi/6.3.0/../../../../arm-none-eabi/lib/armv7e-m/fpu/libm.a(lib_a-e_sqrt.o)
 .ARM.attributes
                0x00000000000012c0       0x34 /usr/lib/gcc/arm-none-eabi/6.3.0/../../../../arm-none-eabi/lib/armv7e-m/fpu/libm.a(lib_a-k_cos.o)
 .ARM.attributes
                0x00000000000012f4       0x34 /usr/lib/gcc/arm-none-eabi/6.3.0/../../../../arm-none-eabi/lib/armv7e-m/fpu/libm.a(lib_a-k_rem_pio2.o)
 .ARM.attributes
                0x0000000000001328       0x34 /usr/lib/gcc/arm-none-eabi/6.3.0/../../../../arm-none-eabi/lib/armv7e-m/fpu/libm.a(lib_a-k_sin.o)
 .ARM.attributes
                0x000000000000135c       0x34 /usr/lib/gcc/arm-none-eabi/6.3.0/../../../../arm-none-eabi/lib/armv7e-m/fpu/libm.a(lib_a-s_atan.o)
 .ARM.attributes
                0x0000000000001390       0x34 /usr/lib/gcc/arm-none-eabi/6.3.0/../../../../arm-none-eabi/lib/armv7e-m/fpu/libm.a(lib_a-s_fabs.o)
 .ARM.attributes
                0x00000000000013c4       0x34 /usr/lib/gcc/arm-none-eabi/6.3.0/../../../../arm-none-eabi/lib/armv7e-m/fpu/libm.a(lib_a-s_floor.o)
 .ARM.attributes
                0x00000000000013f8       0x34 /usr/lib/gcc/arm-none-eabi/6.3.0/../../../../arm-none-eabi/lib/armv7e-m/fpu/libm.a(lib_a-s_lib_ver.o)
 .ARM.attributes
                0x000000000000142c       0x34 /usr/lib/gcc/arm-none-eabi/6.3.0/../../../../arm-none-eabi/lib/armv7e-m/fpu/libm.a(lib_a-s_matherr.o)
 .ARM.attributes
                0x0000000000001460       0x34 /usr/lib/gcc/arm-none-eabi/6.3.0/../../../../arm-none-eabi/lib/armv7e-m/fpu/libm.a(lib_a-s_scalbn.o)
 .ARM.attributes
                0x0000000000001494       0x34 /usr/lib/gcc/arm-none-eabi/6.3.0/../../../../arm-none-eabi/lib/armv7e-m/fpu/libm.a(lib_a-s_copysign.o)
 .ARM.attributes
                0x00000000000014c8       0x34 /usr/lib/gcc/arm-none-eabi/6.3.0/../../../../arm-none-eabi/lib/armv7e-m/fpu/libnosys.a(close.o)
 .ARM.attributes
                0x00000000000014fc       0x34 /usr/lib/gcc/arm-none-eabi/6.3.0/../../../../arm-none-eabi/lib/armv7e-m/fpu/libnosys.a(fstat.o)
 .ARM.attributes
                0x0000000000001530       0x34 /usr/lib/gcc/arm-none-eabi/6.3.0/../../../../arm-none-eabi/lib/armv7e-m/fpu/libnosys.a(isatty.o)
 .ARM.attributes
                0x0000000000001564       0x34 /usr/lib/gcc/arm-none-eabi/6.3.0/../../../../arm-none-eabi/lib/armv7e-m/fpu/libnosys.a(lseek.o)
 .ARM.attributes
                0x0000000000001598       0x34 /usr/lib/gcc/arm-none-eabi/6.3.0/../../../../arm-none-eabi/lib/armv7e-m/fpu/libnosys.a(read.o)
 .ARM.attributes
                0x00000000000015cc       0x34 /usr/lib/gcc/arm-none-eabi/6.3.0/../../../../arm-none-eabi/lib/armv7e-m/fpu/libnosys.a(sbrk.o)
 .ARM.attributes
                0x0000000000001600       0x22 /usr/lib/gcc/arm-none-eabi/6.3.0/armv7e-m/fpu/libgcc.a(_arm_addsubdf3.o)
 .ARM.attributes
                0x0000000000001622       0x22 /usr/lib/gcc/arm-none-eabi/6.3.0/armv7e-m/fpu/libgcc.a(_arm_muldivdf3.o)
 .ARM.attributes
                0x0000000000001644       0x22 /usr/lib/gcc/arm-none-eabi/6.3.0/armv7e-m/fpu/libgcc.a(_arm_cmpdf2.o)
 .ARM.attributes
                0x0000000000001666       0x22 /usr/lib/gcc/arm-none-eabi/6.3.0/armv7e-m/fpu/libgcc.a(_arm_unorddf2.o)
 .ARM.attributes
                0x0000000000001688       0x22 /usr/lib/gcc/arm-none-eabi/6.3.0/armv7e-m/fpu/libgcc.a(_arm_fixdfsi.o)
 .ARM.attributes
                0x00000000000016aa       0x22 /usr/lib/gcc/arm-none-eabi/6.3.0/armv7e-m/fpu/libgcc.a(_arm_truncdfsf2.o)
 .ARM.attributes
                0x00000000000016cc       0x34 /usr/lib/gcc/arm-none-eabi/6.3.0/../../../../arm-none-eabi/lib/armv7e-m/fpu/libc_nano.a(lib_a-errno.o)
 .ARM.attributes
                0x0000000000001700       0x22 /usr/lib/gcc/arm-none-eabi/6.3.0/armv7e-m/fpu/crtn.o
OUTPUT(build/gps_test.elf elf32-littlearm)

.debug_info     0x0000000000000000    0x4fd7a
 .debug_info    0x0000000000000000     0x24ce build/app_main.o
 .debug_info    0x00000000000024ce     0x132c build/controls_595.o
 .debug_info    0x00000000000037fa     0x190d build/compass.o
 .debug_info    0x0000000000005107     0x1284 build/stm32f4xx_hal.o
 .debug_info    0x000000000000638b     0x17eb build/stm32f4xx_hal_cortex.o
 .debug_info    0x0000000000007b76     0x1444 build/stm32f4xx_hal_dma.o
 .debug_info    0x0000000000008fba     0x1134 build/stm32f4xx_hal_gpio.o
 .debug_info    0x000000000000a0ee     0x4295 build/stm32f4xx_hal_i2c.o
 .debug_info    0x000000000000e383     0x16dd build/stm32f4xx_hal_rcc.o
 .debug_info    0x000000000000fa60     0x3fc4 build/stm32f4xx_hal_sd.o
 .debug_info    0x0000000000013a24     0x2941 build/stm32f4xx_hal_spi.o
 .debug_info    0x0000000000016365     0x45e5 build/stm32f4xx_hal_tim.o
 .debug_info    0x000000000001a94a     0x1dcf build/stm32f4xx_hal_tim_ex.o
 .debug_info    0x000000000001c719     0x21b3 build/stm32f4xx_hal_uart.o
 .debug_info    0x000000000001e8cc      0xfd2 build/stm32f4xx_ll_sdmmc.o
 .debug_info    0x000000000001f89e     0x1c79 build/gui.o
 .debug_info    0x0000000000021517     0x1c02 build/gui_compass.o
 .debug_info    0x0000000000023119     0x1c74 build/inputs.o
 .debug_info    0x0000000000024d8d     0x175c build/makise.o
 .debug_info    0x00000000000264e9     0x1371 build/makise_colors.o
 .debug_info    0x000000000002785a     0x268f build/makise_primitives.o
 .debug_info    0x0000000000029ee9     0x1b97 build/makise_text.o
 .debug_info    0x000000000002ba80     0x1398 build/Arial15.o
 .debug_info    0x000000000002ce18     0x13a2 build/Arial24.o
 .debug_info    0x000000000002e1ba     0x1ad0 build/makise_gui.o
 .debug_info    0x000000000002fc8a     0x1c0e build/makise_gui_container.o
 .debug_info    0x0000000000031898     0x1948 build/makise_gui_elements.o
 .debug_info    0x00000000000331e0     0x1692 build/makise_e.o
 .debug_info    0x0000000000034872     0x1d16 build/makise_e_buttons.o
 .debug_info    0x0000000000036588     0x5820 build/ili9340.o
 .debug_info    0x000000000003bda8      0xea3 build/ff_gen_drv.o
 .debug_info    0x000000000003cc4b     0x1194 build/sd_diskio.o
 .debug_info    0x000000000003dddf     0x196f build/bsp_driver_sd.o
 .debug_info    0x000000000003f74e     0x116e build/dma.o
 .debug_info    0x00000000000408bc      0xc0a build/fatfs.o
 .debug_info    0x00000000000414c6     0x10bb build/gpio.o
 .debug_info    0x0000000000042581     0x141d build/i2c.o
 .debug_info    0x000000000004399e     0x3031 build/main.o
 .debug_info    0x00000000000469cf      0xf74 build/printf.o
 .debug_info    0x0000000000047943     0x1712 build/sdio.o
 .debug_info    0x0000000000049055     0x144f build/spi.o
 .debug_info    0x000000000004a4a4      0xcbe build/stm32f4xx_hal_msp.o
 .debug_info    0x000000000004b162     0x10b6 build/stm32f4xx_it.o
 .debug_info    0x000000000004c218      0xea7 build/system_stm32f4xx.o
 .debug_info    0x000000000004d0bf     0x15a7 build/tim.o
 .debug_info    0x000000000004e666     0x1679 build/usart.o
 .debug_info    0x000000000004fcdf       0x9b build/startup_stm32f401xe.o

.debug_abbrev   0x0000000000000000     0x8398
 .debug_abbrev  0x0000000000000000      0x2d9 build/app_main.o
 .debug_abbrev  0x00000000000002d9      0x320 build/controls_595.o
 .debug_abbrev  0x00000000000005f9      0x33c build/compass.o
 .debug_abbrev  0x0000000000000935      0x33d build/stm32f4xx_hal.o
 .debug_abbrev  0x0000000000000c72      0x3cb build/stm32f4xx_hal_cortex.o
 .debug_abbrev  0x000000000000103d      0x38f build/stm32f4xx_hal_dma.o
 .debug_abbrev  0x00000000000013cc      0x2ba build/stm32f4xx_hal_gpio.o
 .debug_abbrev  0x0000000000001686      0x41f build/stm32f4xx_hal_i2c.o
 .debug_abbrev  0x0000000000001aa5      0x3fd build/stm32f4xx_hal_rcc.o
 .debug_abbrev  0x0000000000001ea2      0x425 build/stm32f4xx_hal_sd.o
 .debug_abbrev  0x00000000000022c7      0x3f8 build/stm32f4xx_hal_spi.o
 .debug_abbrev  0x00000000000026bf      0x41f build/stm32f4xx_hal_tim.o
 .debug_abbrev  0x0000000000002ade      0x392 build/stm32f4xx_hal_tim_ex.o
 .debug_abbrev  0x0000000000002e70      0x3ce build/stm32f4xx_hal_uart.o
 .debug_abbrev  0x000000000000323e      0x2ac build/stm32f4xx_ll_sdmmc.o
 .debug_abbrev  0x00000000000034ea      0x2dd build/gui.o
 .debug_abbrev  0x00000000000037c7      0x285 build/gui_compass.o
 .debug_abbrev  0x0000000000003a4c      0x27d build/inputs.o
 .debug_abbrev  0x0000000000003cc9      0x2b1 build/makise.o
 .debug_abbrev  0x0000000000003f7a      0x1ea build/makise_colors.o
 .debug_abbrev  0x0000000000004164      0x3e3 build/makise_primitives.o
 .debug_abbrev  0x0000000000004547      0x2ec build/makise_text.o
 .debug_abbrev  0x0000000000004833      0x1e2 build/Arial15.o