Archive member included to satisfy reference by file (symbol)

/usr/lib/gcc/arm-none-eabi/6.3.0/../../../../arm-none-eabi/lib/armv7e-m/fpu/libc_nano.a(lib_a-atexit.o)
                              /usr/lib/gcc/arm-none-eabi/6.3.0/../../../../arm-none-eabi/lib/armv7e-m/fpu/crt0.o (atexit)
/usr/lib/gcc/arm-none-eabi/6.3.0/../../../../arm-none-eabi/lib/armv7e-m/fpu/libc_nano.a(lib_a-exit.o)
                              /usr/lib/gcc/arm-none-eabi/6.3.0/../../../../arm-none-eabi/lib/armv7e-m/fpu/crt0.o (exit)
/usr/lib/gcc/arm-none-eabi/6.3.0/../../../../arm-none-eabi/lib/armv7e-m/fpu/libc_nano.a(lib_a-fini.o)
                              /usr/lib/gcc/arm-none-eabi/6.3.0/../../../../arm-none-eabi/lib/armv7e-m/fpu/crt0.o (__libc_fini_array)
/usr/lib/gcc/arm-none-eabi/6.3.0/../../../../arm-none-eabi/lib/armv7e-m/fpu/libc_nano.a(lib_a-impure.o)
                              /usr/lib/gcc/arm-none-eabi/6.3.0/../../../../arm-none-eabi/lib/armv7e-m/fpu/libc_nano.a(lib_a-exit.o) (_global_impure_ptr)
/usr/lib/gcc/arm-none-eabi/6.3.0/../../../../arm-none-eabi/lib/armv7e-m/fpu/libc_nano.a(lib_a-init.o)
                              /usr/lib/gcc/arm-none-eabi/6.3.0/../../../../arm-none-eabi/lib/armv7e-m/fpu/crt0.o (__libc_init_array)
/usr/lib/gcc/arm-none-eabi/6.3.0/../../../../arm-none-eabi/lib/armv7e-m/fpu/libc_nano.a(lib_a-memcpy-stub.o)
                              build/ff.o (memcpy)
/usr/lib/gcc/arm-none-eabi/6.3.0/../../../../arm-none-eabi/lib/armv7e-m/fpu/libc_nano.a(lib_a-memset.o)
                              /usr/lib/gcc/arm-none-eabi/6.3.0/../../../../arm-none-eabi/lib/armv7e-m/fpu/crt0.o (memset)
/usr/lib/gcc/arm-none-eabi/6.3.0/../../../../arm-none-eabi/lib/armv7e-m/fpu/libc_nano.a(lib_a-nano-vfprintf_float.o)
                              (_printf_float)
/usr/lib/gcc/arm-none-eabi/6.3.0/../../../../arm-none-eabi/lib/armv7e-m/fpu/libc_nano.a(lib_a-nano-vfprintf_i.o)
                              /usr/lib/gcc/arm-none-eabi/6.3.0/../../../../arm-none-eabi/lib/armv7e-m/fpu/libc_nano.a(lib_a-nano-vfprintf_float.o) (_printf_common)
/usr/lib/gcc/arm-none-eabi/6.3.0/../../../../arm-none-eabi/lib/armv7e-m/fpu/libc_nano.a(lib_a-printf.o)
                              build/makise_e_slist.o (printf)
/usr/lib/gcc/arm-none-eabi/6.3.0/../../../../arm-none-eabi/lib/armv7e-m/fpu/libc_nano.a(lib_a-sprintf.o)
                              build/app_main.o (sprintf)
/usr/lib/gcc/arm-none-eabi/6.3.0/../../../../arm-none-eabi/lib/armv7e-m/fpu/libc_nano.a(lib_a-strcat.o)
                              build/app_main.o (strcat)
/usr/lib/gcc/arm-none-eabi/6.3.0/../../../../arm-none-eabi/lib/armv7e-m/fpu/libc_nano.a(lib_a-strlen.o)
                              build/app_main.o (strlen)
/usr/lib/gcc/arm-none-eabi/6.3.0/../../../../arm-none-eabi/lib/armv7e-m/fpu/libc_nano.a(lib_a-__atexit.o)
                              /usr/lib/gcc/arm-none-eabi/6.3.0/../../../../arm-none-eabi/lib/armv7e-m/fpu/libc_nano.a(lib_a-atexit.o) (__register_exitproc)
/usr/lib/gcc/arm-none-eabi/6.3.0/../../../../arm-none-eabi/lib/armv7e-m/fpu/libc_nano.a(lib_a-__call_atexit.o)
                              /usr/lib/gcc/arm-none-eabi/6.3.0/../../../../arm-none-eabi/lib/armv7e-m/fpu/libc_nano.a(lib_a-__atexit.o) (__call_exitprocs)
/usr/lib/gcc/arm-none-eabi/6.3.0/../../../../arm-none-eabi/lib/armv7e-m/fpu/libc_nano.a(lib_a-dtoa.o)
                              /usr/lib/gcc/arm-none-eabi/6.3.0/../../../../arm-none-eabi/lib/armv7e-m/fpu/libc_nano.a(lib_a-nano-vfprintf_float.o) (_dtoa_r)
/usr/lib/gcc/arm-none-eabi/6.3.0/../../../../arm-none-eabi/lib/armv7e-m/fpu/libc_nano.a(lib_a-findfp.o)
                              /usr/lib/gcc/arm-none-eabi/6.3.0/../../../../arm-none-eabi/lib/armv7e-m/fpu/libc_nano.a(lib_a-printf.o) (__sinit)
/usr/lib/gcc/arm-none-eabi/6.3.0/../../../../arm-none-eabi/lib/armv7e-m/fpu/libc_nano.a(lib_a-fwalk.o)
                              /usr/lib/gcc/arm-none-eabi/6.3.0/../../../../arm-none-eabi/lib/armv7e-m/fpu/libc_nano.a(lib_a-findfp.o) (_fwalk)
/usr/lib/gcc/arm-none-eabi/6.3.0/../../../../arm-none-eabi/lib/armv7e-m/fpu/libc_nano.a(lib_a-localeconv.o)
                              /usr/lib/gcc/arm-none-eabi/6.3.0/../../../../arm-none-eabi/lib/armv7e-m/fpu/libc_nano.a(lib_a-nano-vfprintf_float.o) (_localeconv_r)
/usr/lib/gcc/arm-none-eabi/6.3.0/../../../../arm-none-eabi/lib/armv7e-m/fpu/libc_nano.a(lib_a-malloc.o)
                              /usr/lib/gcc/arm-none-eabi/6.3.0/../../../../arm-none-eabi/lib/armv7e-m/fpu/libc_nano.a(lib_a-dtoa.o) (malloc)
/usr/lib/gcc/arm-none-eabi/6.3.0/../../../../arm-none-eabi/lib/armv7e-m/fpu/libc_nano.a(lib_a-memchr.o)
                              /usr/lib/gcc/arm-none-eabi/6.3.0/../../../../arm-none-eabi/lib/armv7e-m/fpu/libc_nano.a(lib_a-nano-vfprintf_i.o) (memchr)
/usr/lib/gcc/arm-none-eabi/6.3.0/../../../../arm-none-eabi/lib/armv7e-m/fpu/libc_nano.a(lib_a-mprec.o)
[...]
Memory Configuration

Name             Origin             Length             Attributes
RAM              0x0000000020000000 0x0000000000018000 xrw
FLASH            0x0000000008000000 0x0000000000080000 xr
*default*        0x0000000000000000 0xffffffffffffffff

Linker script and memory map

LOAD /usr/lib/gcc/arm-none-eabi/6.3.0/armv7e-m/fpu/crti.o
LOAD /usr/lib/gcc/arm-none-eabi/6.3.0/armv7e-m/fpu/crtbegin.o
LOAD /usr/lib/gcc/arm-none-eabi/6.3.0/../../../../arm-none-eabi/lib/armv7e-m/fpu/crt0.o
LOAD build/main.o
LOAD build/dma.o
LOAD build/stm32f4xx_it.o
LOAD build/usart.o
LOAD build/i2c.o
LOAD build/sdio.o
LOAD build/fatfs.o
LOAD build/system_stm32f4xx.o
LOAD build/spi.o
LOAD build/tim.o
LOAD build/printf.o
LOAD build/gpio.o
LOAD build/stm32f4xx_hal_msp.o
LOAD build/bsp_driver_sd.o
LOAD build/stm32f4xx_ll_sdmmc.o
LOAD build/stm32f4xx_hal_i2c_ex.o
LOAD build/stm32f4xx_hal_rcc_ex.o
LOAD build/stm32f4xx_hal_cortex.o
LOAD build/stm32f4xx_hal_spi.o
LOAD build/stm32f4xx_hal_i2c.o
LOAD build/stm32f4xx_hal_sd.o
LOAD build/stm32f4xx_hal_flash_ramfunc.o
LOAD build/stm32f4xx_hal_flash.o
LOAD build/stm32f4xx_hal_dma_ex.o
LOAD build/stm32f4xx_hal_rcc.o
LOAD build/stm32f4xx_hal_pwr.o
LOAD build/stm32f4xx_hal_gpio.o
LOAD build/stm32f4xx_hal_tim.o
LOAD build/stm32f4xx_hal_uart.o
LOAD build/stm32f4xx_hal_dma.o
LOAD build/stm32f4xx_hal_pwr_ex.o
LOAD build/stm32f4xx_hal_tim_ex.o
LOAD build/stm32f4xx_hal_flash_ex.o
LOAD build/stm32f4xx_hal.o
LOAD build/makise_colors.o
LOAD build/makise_text.o
LOAD build/makise_primitives.o
LOAD build/makise.o
LOAD build/ili9340.o
LOAD build/fonts.o
LOAD build/Arial12.o
LOAD build/Arial24.o
LOAD build/Arial16.o
LOAD build/Arial15.o
LOAD build/makise_gui.o
LOAD build/makise_gui_container.o
LOAD build/makise_gui_elements.o
LOAD build/makise_gui_input.o
LOAD build/makise_e_slist.o
LOAD build/makise_e_tabs.o
LOAD build/makise_e_text_field.o
LOAD build/makise_e_slider.o
LOAD build/makise_e.o
LOAD build/makise_e_buttons.o
LOAD build/makise_e_canvas.o
LOAD build/makise_e_lable.o
LOAD build/compass.o
LOAD build/gps.o
LOAD build/app_main.o
LOAD build/controls_595.o
LOAD build/ff.o
LOAD build/ff_gen_drv.o
LOAD build/diskio.o
LOAD build/sd_diskio.o
LOAD build/syscall.o
LOAD build/inputs.o
LOAD build/gui_compass.o
LOAD build/gui.o
LOAD build/startup_stm32f401xe.o
LOAD /usr/lib/gcc/arm-none-eabi/6.3.0/../../../../arm-none-eabi/lib/armv7e-m/fpu/libc_nano.a
LOAD /usr/lib/gcc/arm-none-eabi/6.3.0/../../../../arm-none-eabi/lib/armv7e-m/fpu/libm.a
LOAD /usr/lib/gcc/arm-none-eabi/6.3.0/../../../../arm-none-eabi/lib/armv7e-m/fpu/libnosys.a
START GROUP
LOAD /usr/lib/gcc/arm-none-eabi/6.3.0/armv7e-m/fpu/libgcc.a
LOAD /usr/lib/gcc/arm-none-eabi/6.3.0/../../../../arm-none-eabi/lib/armv7e-m/fpu/libc_nano.a
END GROUP
START GROUP
LOAD /usr/lib/gcc/arm-none-eabi/6.3.0/armv7e-m/fpu/libgcc.a
LOAD /usr/lib/gcc/arm-none-eabi/6.3.0/../../../../arm-none-eabi/lib/armv7e-m/fpu/libc_nano.a
END GROUP
LOAD /usr/lib/gcc/arm-none-eabi/6.3.0/armv7e-m/fpu/crtend.o
LOAD /usr/lib/gcc/arm-none-eabi/6.3.0/armv7e-m/fpu/crtn.o
                0x0000000020018000                _estack = 0x20018000
                0x0000000000002000                _Min_Heap_Size = 0x2000
                0x0000000000002000                _Min_Stack_Size = 0x2000

.isr_vector     0x0000000008000000      0x194
                0x0000000008000000                . = ALIGN (0x4)
 *(.isr_vector)
 .isr_vector    0x0000000008000000      0x194 build/startup_stm32f401xe.o
                0x0000000008000000                g_pfnVectors
                0x0000000008000194                . = ALIGN (0x4)

.text           0x00000000080001a0     0xc9e0
                0x00000000080001a0                . = ALIGN (0x4)
 *(.text)
 .text          0x00000000080001a0       0x10 /usr/lib/gcc/arm-none-eabi/6.3.0/../../../../arm-none-eabi/lib/armv7e-m/fpu/libc_nano.a(lib_a-strlen.o)
                0x00000000080001a0                strlen
 .text          0x00000000080001b0       0xa0 /usr/lib/gcc/arm-none-eabi/6.3.0/../../../../arm-none-eabi/lib/armv7e-m/fpu/libc_nano.a(lib_a-memchr.o)
                0x00000000080001b0                memchr
 .text          0x0000000008000250      0x370 /usr/lib/gcc/arm-none-eabi/6.3.0/armv7e-m/fpu/libgcc.a(_arm_addsubdf3.o)
                0x0000000008000250                __aeabi_drsub
                0x0000000008000258                __aeabi_dsub
                0x0000000008000258                __subdf3
                0x000000000800025c                __adddf3
                0x000000000800025c                __aeabi_dadd
                0x00000000080004d4                __aeabi_ui2d
                0x00000000080004d4                __floatunsidf
                0x00000000080004f4                __floatsidf
                0x00000000080004f4                __aeabi_i2d
                0x0000000008000518                __extendsfdf2
                0x0000000008000518                __aeabi_f2d
                0x0000000008000554                __aeabi_ul2d
                0x0000000008000554                __floatundidf
                0x0000000008000564                __floatdidf
                0x0000000008000564                __aeabi_l2d
 .text          0x00000000080005c0      0x424 /usr/lib/gcc/arm-none-eabi/6.3.0/armv7e-m/fpu/libgcc.a(_arm_muldivdf3.o)
                0x00000000080005c0                __aeabi_dmul
                0x00000000080005c0                __muldf3
                0x0000000008000814                __aeabi_ddiv
                0x0000000008000814                __divdf3
 .text          0x00000000080009e4      0x110 /usr/lib/gcc/arm-none-eabi/6.3.0/armv7e-m/fpu/libgcc.a(_arm_cmpdf2.o)
                0x00000000080009e4                __gtdf2
                0x00000000080009e4                __gedf2
                0x00000000080009ec                __ltdf2
                0x00000000080009ec                __ledf2
                0x00000000080009f4                __cmpdf2
                0x00000000080009f4                __eqdf2
                0x00000000080009f4                __nedf2
                0x0000000008000a70                __aeabi_cdrcmple
                0x0000000008000a80                __aeabi_cdcmple
                0x0000000008000a80                __aeabi_cdcmpeq
                0x0000000008000a90                __aeabi_dcmpeq
                0x0000000008000aa4                __aeabi_dcmplt
                0x0000000008000ab8                __aeabi_dcmple
                0x0000000008000acc                __aeabi_dcmpge
                0x0000000008000ae0                __aeabi_dcmpgt
 .text          0x0000000008000af4       0x2c /usr/lib/gcc/arm-none-eabi/6.3.0/armv7e-m/fpu/libgcc.a(_arm_unorddf2.o)
                0x0000000008000af4                __aeabi_dcmpun
                0x0000000008000af4                __unorddf2
 .text          0x0000000008000b20       0x50 /usr/lib/gcc/arm-none-eabi/6.3.0/armv7e-m/fpu/libgcc.a(_arm_fixdfsi.o)
                0x0000000008000b20                __fixdfsi
                0x0000000008000b20                __aeabi_d2iz
 .text          0x0000000008000b70       0xa0 /usr/lib/gcc/arm-none-eabi/6.3.0/armv7e-m/fpu/libgcc.a(_arm_truncdfsf2.o)
                0x0000000008000b70                __aeabi_d2f
                0x0000000008000b70                __truncdfsf2
 *(.text*)
 .text.__do_global_dtors_aux
                0x0000000008000c10       0x24 /usr/lib/gcc/arm-none-eabi/6.3.0/armv7e-m/fpu/crtbegin.o
 .text.frame_dummy
                0x0000000008000c34       0x34 /usr/lib/gcc/arm-none-eabi/6.3.0/armv7e-m/fpu/crtbegin.o
 .text.SystemClock_Config
                0x0000000008000c68       0xb4 build/main.o
                0x0000000008000c68                SystemClock_Config
 .text.startup.main
                0x0000000008000d1c       0x80 build/main.o
                0x0000000008000d1c                main
 .text.Error_Handler
                0x0000000008000d9c        0x4 build/main.o
                0x0000000008000d9c                Error_Handler
 .text.MX_DMA_Init
                0x0000000008000da0       0x84 build/dma.o
                0x0000000008000da0                MX_DMA_Init
 .text.NMI_Handler
                0x0000000008000e24        0x4 build/stm32f4xx_it.o
                0x0000000008000e24                NMI_Handler
 .text.HardFault_Handler
                0x0000000008000e28        0x4 build/stm32f4xx_it.o
                0x0000000008000e28                HardFault_Handler
 .text.MemManage_Handler
                0x0000000008000e2c        0x4 build/stm32f4xx_it.o
                0x0000000008000e2c                MemManage_Handler
 .text.BusFault_Handler
                0x0000000008000e30        0x4 build/stm32f4xx_it.o
                0x0000000008000e30                BusFault_Handler
 .text.UsageFault_Handler
                0x0000000008000e34        0x4 build/stm32f4xx_it.o
                0x0000000008000e34                UsageFault_Handler
 .text.SVC_Handler
                0x0000000008000e38        0x4 build/stm32f4xx_it.o
                0x0000000008000e38                SVC_Handler
 .text.DebugMon_Handler
                0x0000000008000e3c        0x4 build/stm32f4xx_it.o
                0x0000000008000e3c                DebugMon_Handler
 .text.PendSV_Handler
                0x0000000008000e40        0x4 build/stm32f4xx_it.o
                0x0000000008000e40                PendSV_Handler
 .text.SysTick_Handler
                0x0000000008000e44       0x10 build/stm32f4xx_it.o
                0x0000000008000e44                SysTick_Handler
 .text.USART1_IRQHandler
                0x0000000008000e54        0xc build/stm32f4xx_it.o
                0x0000000008000e54                USART1_IRQHandler
 .text.EXTI15_10_IRQHandler
                0x0000000008000e60       0x18 build/stm32f4xx_it.o
                0x0000000008000e60                EXTI15_10_IRQHandler
 .text.DMA2_Stream2_IRQHandler
                0x0000000008000e78        0xc build/stm32f4xx_it.o
                0x0000000008000e78                DMA2_Stream2_IRQHandler
 .text.DMA2_Stream3_IRQHandler
                0x0000000008000e84        0xc build/stm32f4xx_it.o
                0x0000000008000e84                DMA2_Stream3_IRQHandler
 .text.MX_USART1_UART_Init
                0x0000000008000e90       0x38 build/usart.o
                0x0000000008000e90                MX_USART1_UART_Init
 .text.MX_USART6_UART_Init
                0x0000000008000ec8       0x38 build/usart.o
                0x0000000008000ec8                MX_USART6_UART_Init
 .text.HAL_UART_MspInit
                0x0000000008000f00       0xf0 build/usart.o
                0x0000000008000f00                HAL_UART_MspInit
 .text.MX_I2C1_Init
                0x0000000008000ff0       0x40 build/i2c.o
                0x0000000008000ff0                MX_I2C1_Init
 .text.HAL_I2C_MspInit
                0x0000000008001030       0x58 build/i2c.o
                0x0000000008001030                HAL_I2C_MspInit
 .text.MX_SDIO_SD_Init
                0x0000000008001088       0x20 build/sdio.o
                0x0000000008001088                MX_SDIO_SD_Init
 .text.HAL_SD_MspInit
                0x00000000080010a8       0x68 build/sdio.o
                0x00000000080010a8                HAL_SD_MspInit
 .text.MX_FATFS_Init
                0x0000000008001110       0x1c build/fatfs.o
                0x0000000008001110                MX_FATFS_Init
 .text.SystemInit
                0x000000000800112c       0x50 build/system_stm32f4xx.o
                0x000000000800112c                SystemInit
 .text.MX_SPI1_Init
                0x000000000800117c       0x44 build/spi.o
                0x000000000800117c                MX_SPI1_Init
 .text.HAL_SPI_MspInit
                0x00000000080011c0       0x90 build/spi.o
                0x00000000080011c0                HAL_SPI_MspInit
 .text.MX_TIM3_Init
                0x0000000008001250       0x94 build/tim.o
                0x0000000008001250                MX_TIM3_Init
 .text.HAL_TIM_PWM_MspInit
                0x00000000080012e4       0x30 build/tim.o
                0x00000000080012e4                HAL_TIM_PWM_MspInit
 .text._write   0x0000000008001314       0x18 build/printf.o
                0x0000000008001314                _write
 .text.MX_GPIO_Init
                0x000000000800132c      0x104 build/gpio.o
                0x000000000800132c                MX_GPIO_Init
 .text.HAL_MspInit
                0x0000000008001430       0x60 build/stm32f4xx_hal_msp.o
                0x0000000008001430                HAL_MspInit
 .text.BSP_SD_Init
                0x0000000008001490       0x40 build/bsp_driver_sd.o
                0x0000000008001490                BSP_SD_Init
 .text.BSP_SD_ReadBlocks
                0x00000000080014d0       0x24 build/bsp_driver_sd.o
                0x00000000080014d0                BSP_SD_ReadBlocks
 .text.BSP_SD_WriteBlocks
                0x00000000080014f4       0x24 build/bsp_driver_sd.o
                0x00000000080014f4                BSP_SD_WriteBlocks
 .text.BSP_SD_GetStatus
                0x0000000008001518        0xc build/bsp_driver_sd.o
                0x0000000008001518                BSP_SD_GetStatus
 .text.BSP_SD_GetCardInfo
                0x0000000008001524        0xc build/bsp_driver_sd.o
                0x0000000008001524                BSP_SD_GetCardInfo
 .text.SDIO_Init
                0x0000000008001530       0x38 build/stm32f4xx_ll_sdmmc.o
                0x0000000008001530                SDIO_Init
 .text.SDIO_ReadFIFO
                0x0000000008001568        0x8 build/stm32f4xx_ll_sdmmc.o
                0x0000000008001568                SDIO_ReadFIFO
 .text.SDIO_WriteFIFO
                0x0000000008001570        0xc build/stm32f4xx_ll_sdmmc.o
                0x0000000008001570                SDIO_WriteFIFO
 .text.SDIO_PowerState_ON
                0x000000000800157c        0x8 build/stm32f4xx_ll_sdmmc.o
                0x000000000800157c                SDIO_PowerState_ON
 .text.SDIO_GetPowerState
                0x0000000008001584        0x8 build/stm32f4xx_ll_sdmmc.o
                0x0000000008001584                SDIO_GetPowerState
 .text.SDIO_SendCommand
                0x000000000800158c       0x28 build/stm32f4xx_ll_sdmmc.o
                0x000000000800158c                SDIO_SendCommand
 .text.SDIO_GetCommandResponse
                0x00000000080015b4        0x8 build/stm32f4xx_ll_sdmmc.o
                0x00000000080015b4                SDIO_GetCommandResponse
 .text.SDIO_GetResponse
                0x00000000080015bc       0x18 build/stm32f4xx_ll_sdmmc.o
                0x00000000080015bc                SDIO_GetResponse
 .text.SDIO_DataConfig
                0x00000000080015d4       0x28 build/stm32f4xx_ll_sdmmc.o
                0x00000000080015d4                SDIO_DataConfig
 .text.HAL_NVIC_SetPriorityGrouping
                0x00000000080015fc       0x24 build/stm32f4xx_hal_cortex.o
                0x00000000080015fc                HAL_NVIC_SetPriorityGrouping
 .text.HAL_NVIC_SetPriority
                0x0000000008001620       0x6c build/stm32f4xx_hal_cortex.o
                0x0000000008001620                HAL_NVIC_SetPriority
 .text.HAL_NVIC_EnableIRQ
                0x000000000800168c       0x18 build/stm32f4xx_hal_cortex.o
                0x000000000800168c                HAL_NVIC_EnableIRQ
 .text.HAL_SYSTICK_Config
                0x00000000080016a4       0x34 build/stm32f4xx_hal_cortex.o
                0x00000000080016a4                HAL_SYSTICK_Config
 .text.HAL_SYSTICK_CLKSourceConfig
                0x00000000080016d8       0x18 build/stm32f4xx_hal_cortex.o
                0x00000000080016d8                HAL_SYSTICK_CLKSourceConfig
 .text.HAL_SYSTICK_Callback
                0x00000000080016f0        0x4 build/stm32f4xx_hal_cortex.o
                0x00000000080016f0                HAL_SYSTICK_Callback
 .text.HAL_SYSTICK_IRQHandler
                0x00000000080016f4        0x8 build/stm32f4xx_hal_cortex.o
                0x00000000080016f4                HAL_SYSTICK_IRQHandler
 .text.HAL_SPI_Init
                0x00000000080016fc       0x80 build/stm32f4xx_hal_spi.o
                0x00000000080016fc                HAL_SPI_Init
 .text.HAL_SPI_Transmit
                0x000000000800177c      0x2e8 build/stm32f4xx_hal_spi.o
                0x000000000800177c                HAL_SPI_Transmit
 .text.HAL_SPI_Transmit_DMA
                0x0000000008001a64       0xac build/stm32f4xx_hal_spi.o
                0x0000000008001a64                HAL_SPI_Transmit_DMA
 .text.SPI_DMAHalfTransmitCplt
                0x0000000008001b10        0xc build/stm32f4xx_hal_spi.o
 .text.HAL_SPI_ErrorCallback
                0x0000000008001b1c        0x4 build/stm32f4xx_hal_spi.o
                0x0000000008001b1c                HAL_SPI_ErrorCallback
 .text.SPI_DMAError
                0x0000000008001b20       0x24 build/stm32f4xx_hal_spi.o
 .text.SPI_DMATransmitCplt
                0x0000000008001b44       0xcc build/stm32f4xx_hal_spi.o
 .text.unlikely.I2C_WaitOnMasterAddressFlagUntilTimeout.constprop.10
                0x0000000008001c10       0x64 build/stm32f4xx_hal_i2c.o
 .text.HAL_I2C_Init
                0x0000000008001c74       0xf0 build/stm32f4xx_hal_i2c.o
                0x0000000008001c74                HAL_I2C_Init
 .text.HAL_I2C_Master_Transmit
                0x0000000008001d64      0x2f8 build/stm32f4xx_hal_i2c.o
                0x0000000008001d64                HAL_I2C_Master_Transmit
 .text.HAL_I2C_Master_Receive
                0x000000000800205c      0x470 build/stm32f4xx_hal_i2c.o
                0x000000000800205c                HAL_I2C_Master_Receive
 .text.HAL_I2C_IsDeviceReady
                0x00000000080024cc      0x1d8 build/stm32f4xx_hal_i2c.o
                0x00000000080024cc                HAL_I2C_IsDeviceReady
 .text.SD_IsCardProgramming
                0x00000000080026a4      0x14c build/stm32f4xx_hal_sd.o
 .text.SD_CmdResp1Error.part.0
                0x00000000080027f0       0xbc build/stm32f4xx_hal_sd.o
 .text.SD_CmdResp1Error
                0x00000000080028ac       0x44 build/stm32f4xx_hal_sd.o
 .text.SD_FindSCR
                0x00000000080028f0      0x17c build/stm32f4xx_hal_sd.o
 .text.HAL_SD_ReadBlocks
                0x0000000008002a6c      0x27c build/stm32f4xx_hal_sd.o
                0x0000000008002a6c                HAL_SD_ReadBlocks
 .text.HAL_SD_WriteBlocks
                0x0000000008002ce8      0x2d8 build/stm32f4xx_hal_sd.o
                0x0000000008002ce8                HAL_SD_WriteBlocks
 .text.HAL_SD_Get_CardInfo
                0x0000000008002fc0      0x278 build/stm32f4xx_hal_sd.o
                0x0000000008002fc0                HAL_SD_Get_CardInfo
 .text.HAL_SD_Init
                0x0000000008003238      0x4c0 build/stm32f4xx_hal_sd.o
                0x0000000008003238                HAL_SD_Init
 .text.HAL_SD_WideBusOperation_Config
                0x00000000080036f8      0x15c build/stm32f4xx_hal_sd.o
                0x00000000080036f8                HAL_SD_WideBusOperation_Config
 .text.HAL_SD_GetStatus
                0x0000000008003854       0x70 build/stm32f4xx_hal_sd.o
                0x0000000008003854                HAL_SD_GetStatus
 .text.HAL_RCC_OscConfig
                0x00000000080038c4      0x378 build/stm32f4xx_hal_rcc.o
                0x00000000080038c4                HAL_RCC_OscConfig
 .text.HAL_RCC_GetSysClockFreq
                0x0000000008003c3c       0x74 build/stm32f4xx_hal_rcc.o
                0x0000000008003c3c                HAL_RCC_GetSysClockFreq
 .text.HAL_RCC_ClockConfig
                0x0000000008003cb0      0x170 build/stm32f4xx_hal_rcc.o
                0x0000000008003cb0                HAL_RCC_ClockConfig
 .text.HAL_RCC_GetHCLKFreq
                0x0000000008003e20        0xc build/stm32f4xx_hal_rcc.o
                0x0000000008003e20                HAL_RCC_GetHCLKFreq
 .text.HAL_RCC_GetPCLK1Freq
                0x0000000008003e2c       0x30 build/stm32f4xx_hal_rcc.o
                0x0000000008003e2c                HAL_RCC_GetPCLK1Freq
 .text.HAL_RCC_GetPCLK2Freq
                0x0000000008003e5c       0x30 build/stm32f4xx_hal_rcc.o
                0x0000000008003e5c                HAL_RCC_GetPCLK2Freq
 .text.HAL_GPIO_Init
                0x0000000008003e8c      0x1dc build/stm32f4xx_hal_gpio.o
                0x0000000008003e8c                HAL_GPIO_Init
 .text.HAL_GPIO_ReadPin
                0x0000000008004068        0xc build/stm32f4xx_hal_gpio.o
                0x0000000008004068                HAL_GPIO_ReadPin
 .text.HAL_GPIO_WritePin
                0x0000000008004074        0x8 build/stm32f4xx_hal_gpio.o
                0x0000000008004074                HAL_GPIO_WritePin
 .text.HAL_GPIO_EXTI_IRQHandler
                0x000000000800407c       0x18 build/stm32f4xx_hal_gpio.o
                0x000000000800407c                HAL_GPIO_EXTI_IRQHandler
 .text.HAL_TIM_Base_Start
                0x0000000008004094       0x20 build/stm32f4xx_hal_tim.o
                0x0000000008004094                HAL_TIM_Base_Start
 .text.HAL_TIM_PWM_Init
                0x00000000080040b4       0xc0 build/stm32f4xx_hal_tim.o
                0x00000000080040b4                HAL_TIM_PWM_Init
 .text.HAL_TIM_PWM_Start
                0x0000000008004174       0x3c build/stm32f4xx_hal_tim.o
                0x0000000008004174                HAL_TIM_PWM_Start
 .text.HAL_TIM_PWM_ConfigChannel
                0x00000000080041b0      0x1fc build/stm32f4xx_hal_tim.o
                0x00000000080041b0                HAL_TIM_PWM_ConfigChannel
 .text.UART_SetConfig
                0x00000000080043ac      0x300 build/stm32f4xx_hal_uart.o
 .text.HAL_UART_Init
                0x00000000080046ac       0x60 build/stm32f4xx_hal_uart.o
                0x00000000080046ac                HAL_UART_Init
 .text.HAL_UART_Transmit
                0x000000000800470c      0x108 build/stm32f4xx_hal_uart.o
                0x000000000800470c                HAL_UART_Transmit
 .text.HAL_UART_Receive_DMA
                0x0000000008004814       0x84 build/stm32f4xx_hal_uart.o
                0x0000000008004814                HAL_UART_Receive_DMA
 .text.HAL_UART_TxCpltCallback
                0x0000000008004898        0x4 build/stm32f4xx_hal_uart.o
                0x0000000008004898                HAL_UART_TxCpltCallback
 .text.UART_DMAReceiveCplt
                0x000000000800489c       0x38 build/stm32f4xx_hal_uart.o
 .text.HAL_UART_RxHalfCpltCallback
                0x00000000080048d4        0x4 build/stm32f4xx_hal_uart.o
                0x00000000080048d4                HAL_UART_RxHalfCpltCallback
 .text.UART_DMARxHalfCplt
                0x00000000080048d8        0xc build/stm32f4xx_hal_uart.o
 .text.HAL_UART_ErrorCallback
                0x00000000080048e4        0x4 build/stm32f4xx_hal_uart.o
                0x00000000080048e4                HAL_UART_ErrorCallback
 .text.UART_DMAError
                0x00000000080048e8       0x60 build/stm32f4xx_hal_uart.o
 .text.HAL_UART_IRQHandler
                0x0000000008004948      0x284 build/stm32f4xx_hal_uart.o
                0x0000000008004948                HAL_UART_IRQHandler
 .text.UART_DMAAbortOnError
                0x0000000008004bcc       0x14 build/stm32f4xx_hal_uart.o
 .text.HAL_DMA_Init
                0x0000000008004be0      0x130 build/stm32f4xx_hal_dma.o
                0x0000000008004be0                HAL_DMA_Init
 .text.HAL_DMA_Start_IT
                0x0000000008004d10       0x84 build/stm32f4xx_hal_dma.o
                0x0000000008004d10                HAL_DMA_Start_IT
 .text.HAL_DMA_Abort_IT
                0x0000000008004d94       0x24 build/stm32f4xx_hal_dma.o
                0x0000000008004d94                HAL_DMA_Abort_IT
 .text.HAL_DMA_IRQHandler
                0x0000000008004db8      0x1a8 build/stm32f4xx_hal_dma.o
                0x0000000008004db8                HAL_DMA_IRQHandler
 .text.HAL_TIMEx_MasterConfigSynchronization
                0x0000000008004f60       0x4c build/stm32f4xx_hal_tim_ex.o
                0x0000000008004f60                HAL_TIMEx_MasterConfigSynchronization
 .text.HAL_InitTick
                0x0000000008004fac       0x2c build/stm32f4xx_hal.o
                0x0000000008004fac                HAL_InitTick
 .text.HAL_Init
                0x0000000008004fd8       0x34 build/stm32f4xx_hal.o
                0x0000000008004fd8                HAL_Init
 .text.HAL_IncTick
                0x000000000800500c       0x10 build/stm32f4xx_hal.o
                0x000000000800500c                HAL_IncTick
 .text.HAL_GetTick
                0x000000000800501c        0xc build/stm32f4xx_hal.o
                0x000000000800501c                HAL_GetTick
 .text.HAL_Delay
                0x0000000008005028       0x1c build/stm32f4xx_hal.o
                0x0000000008005028                HAL_Delay
 .text.makise_color_get
                0x0000000008005044       0x10 build/makise_colors.o
                0x0000000008005044                makise_color_get
 .text.makise_d_char
                0x0000000008005054       0xb0 build/makise_text.o
                0x0000000008005054                makise_d_char
 .text.makise_d_string
                0x0000000008005104      0x24c build/makise_text.o
                0x0000000008005104                makise_d_string
 .text.makise_d_string_frame
                0x0000000008005350      0x134 build/makise_text.o
                0x0000000008005350                makise_d_string_frame
 .text.makise_d_circle.part.0
                0x0000000008005484      0x16c build/makise_primitives.o
 .text.makise_d_circle
                0x00000000080055f0       0x18 build/makise_primitives.o
                0x00000000080055f0                makise_d_circle
 .text.makise_d_line
                0x0000000008005608      0x1fc build/makise_primitives.o
                0x0000000008005608                makise_d_line
 .text.makise_d_rect
                0x0000000008005804       0xd4 build/makise_primitives.o
                0x0000000008005804                makise_d_rect
 .text.makise_d_rect_filled
                0x00000000080058d8      0x14c build/makise_primitives.o
                0x00000000080058d8                makise_d_rect_filled
 .text.makise_dex_polyline
                0x0000000008005a24      0x370 build/makise_primitives.o
                0x0000000008005a24                makise_dex_polyline
 .text.makise_init
                0x0000000008005d94       0x3c build/makise.o
                0x0000000008005d94                makise_init
 .text.makise_start
                0x0000000008005dd0        0x8 build/makise.o
                0x0000000008005dd0                makise_start
 .text.makise_pset
                0x0000000008005dd8       0x5c build/makise.o
                0x0000000008005dd8                makise_pset
 .text.makise_render
                0x0000000008005e34       0xdc build/makise.o
                0x0000000008005e34                makise_render
 .text.ili9340_awake
                0x0000000008005f10        0x4 build/ili9340.o
                0x0000000008005f10                ili9340_awake
 .text.ili9340_set_backlight
                0x0000000008005f14       0x10 build/ili9340.o
                0x0000000008005f14                ili9340_set_backlight
 .text.ili9340_sleep
                0x0000000008005f24        0x4 build/ili9340.o
                0x0000000008005f24                ili9340_sleep
 .text.ili9340_start
                0x0000000008005f28      0x148 build/ili9340.o
                0x0000000008005f28                ili9340_start
 .text.ili9340_init
                0x0000000008006070      0xcb0 build/ili9340.o
                0x0000000008006070                ili9340_init
 .text.ili9340_driver
                0x0000000008006d20       0x54 build/ili9340.o
                0x0000000008006d20                ili9340_driver
 .text.ili9340_spi_txhalfcplt
                0x0000000008006d74       0x18 build/ili9340.o
                0x0000000008006d74                ili9340_spi_txhalfcplt
 .text.ili9340_spi_txcplt
                0x0000000008006d8c      0x1ec build/ili9340.o
                0x0000000008006d8c                ili9340_spi_txcplt
 .text.makise_g_newid
                0x0000000008006f78       0x10 build/makise_gui.o
                0x0000000008006f78                makise_g_newid
 .text.makise_g_host_call
                0x0000000008006f88        0x8 build/makise_gui.o
                0x0000000008006f88                makise_g_host_call
 .text.makise_g_host_input
                0x0000000008006f90       0x1c build/makise_gui.o
                0x0000000008006f90                makise_g_host_input
 .text.makise_g_focus
                0x0000000008006fac       0x64 build/makise_gui.o
                0x0000000008006fac                makise_g_focus
 .text.makise_g_cont_add
                0x0000000008007010       0x34 build/makise_gui_container.o
                0x0000000008007010                makise_g_cont_add
 .text.makise_g_cont_call
                0x0000000008007044       0x8c build/makise_gui_container.o
                0x0000000008007044                makise_g_cont_call
 .text.makise_g_cont_input
                0x00000000080070d0       0x30 build/makise_gui_container.o
                0x00000000080070d0                makise_g_cont_input
 .text.makise_g_cont_focus_next
                0x0000000008007100       0x8c build/makise_gui_container.o
                0x0000000008007100                makise_g_cont_focus_next
 .text.makise_g_cont_focus_prev
                0x000000000800718c       0x8c build/makise_gui_container.o
                0x000000000800718c                makise_g_cont_focus_prev
 .text.m_element_call
                0x0000000008007218       0x30 build/makise_gui_elements.o
                0x0000000008007218                m_element_call
 .text._m_textfield_draw
                0x0000000008007248       0x54 build/makise_e_text_field.o
                0x0000000008007248                _m_textfield_draw
 .text.m_create_text_field
                0x000000000800729c       0x6c build/makise_e_text_field.o
                0x000000000800729c                m_create_text_field
 .text._m_e_helper_draw_box
                0x0000000008007308       0x50 build/makise_e.o
                0x0000000008007308                _m_e_helper_draw_box
 .text._m_button_focus
                0x0000000008007358       0x54 build/makise_e_buttons.o
                0x0000000008007358                _m_button_focus
 .text._m_button_input
                0x00000000080073ac       0x54 build/makise_e_buttons.o
                0x00000000080073ac                _m_button_input
 .text._m_button_draw
                0x0000000008007400       0x78 build/makise_e_buttons.o
                0x0000000008007400                _m_button_draw
 .text.m_create_button
                0x0000000008007478       0x88 build/makise_e_buttons.o
                0x0000000008007478                m_create_button
 .text.HAL_GPIO_EXTI_Callback
                0x0000000008007500        0x4 build/compass.o
                0x0000000008007500                HAL_GPIO_EXTI_Callback
 .text.c_a      0x0000000008007504       0xd8 build/compass.o
                0x0000000008007504                c_a
 .text.c_u      0x00000000080075dc       0xa0 build/compass.o
                0x00000000080075dc                c_u
 .text.compass_init
                0x000000000800767c       0xe0 build/compass.o
                0x000000000800767c                compass_init
 .text.compass_get_angle
                0x000000000800775c        0x8 build/compass.o
                0x000000000800775c                compass_get_angle
 .text.b_rem    0x0000000008007764       0x30 build/app_main.o
                0x0000000008007764                b_rem
 .text.b_st     0x0000000008007794       0x18 build/app_main.o
                0x0000000008007794                b_st
 .text.b_time   0x00000000080077ac       0xac build/app_main.o
                0x00000000080077ac                b_time
 .text.app_main_init
                0x0000000008007858       0xfc build/app_main.o
                0x0000000008007858                app_main_init
 .text.HAL_UART_RxCpltCallback
                0x0000000008007954        0xc build/app_main.o
                0x0000000008007954                HAL_UART_RxCpltCallback
 .text.controls_595_init
                0x0000000008007960      0x16c build/controls_595.o
                0x0000000008007960                controls_595_init
 .text.controls_595_update
                0x0000000008007acc      0x274 build/controls_595.o
                0x0000000008007acc                controls_595_update
 .text.FATFS_LinkDriver
                0x0000000008007d40       0x48 build/ff_gen_drv.o
                0x0000000008007d40                FATFS_LinkDriver
 .text.SD_initialize
                0x0000000008007d88       0x20 build/sd_diskio.o
                0x0000000008007d88                SD_initialize
 .text.SD_status
                0x0000000008007da8       0x20 build/sd_diskio.o
                0x0000000008007da8                SD_status
 .text.SD_read  0x0000000008007dc8       0x20 build/sd_diskio.o
                0x0000000008007dc8                SD_read
 .text.SD_write
                0x0000000008007de8       0x20 build/sd_diskio.o
                0x0000000008007de8                SD_write
 .text.SD_ioctl
                0x0000000008007e08       0x58 build/sd_diskio.o
                0x0000000008007e08                SD_ioctl
 .text.inputs_input
                0x0000000008007e60      0x248 build/inputs.o
                0x0000000008007e60                inputs_input
 .text.inputs_init
                0x00000000080080a8       0x28 build/inputs.o
                0x00000000080080a8                inputs_init
 .text.inputs_update
                0x00000000080080d0        0x4 build/inputs.o
                0x00000000080080d0                inputs_update
 .text._m_compass_draw
                0x00000000080080d4      0x120 build/gui_compass.o
                0x00000000080080d4                _m_compass_draw
 .text.gui_create_compass
                0x00000000080081f4       0xb4 build/gui_compass.o
                0x00000000080081f4                gui_create_compass
 .text.gui_predraw
                0x00000000080082a8       0x10 build/gui.o
                0x00000000080082a8                gui_predraw
 .text.gui_draw
                0x00000000080082b8       0x44 build/gui.o
                0x00000000080082b8                gui_draw
 .text.HAL_SPI_TxHalfCpltCallback
                0x00000000080082fc       0x1c build/gui.o
                0x00000000080082fc                HAL_SPI_TxHalfCpltCallback
 .text.HAL_SPI_TxCpltCallback
                0x0000000008008318       0x1c build/gui.o
                0x0000000008008318                HAL_SPI_TxCpltCallback
 .text.gui_init
                0x0000000008008334       0x94 build/gui.o
                0x0000000008008334                gui_init
 .text.Reset_Handler
                0x00000000080083c8       0x50 build/startup_stm32f401xe.o
                0x00000000080083c8                Reset_Handler
 .text.Default_Handler
                0x0000000008008418        0x2 build/startup_stm32f401xe.o
                0x0000000008008418                RTC_Alarm_IRQHandler
                0x0000000008008418                EXTI2_IRQHandler
                0x0000000008008418                SPI4_IRQHandler
                0x0000000008008418                TIM1_CC_IRQHandler
                0x0000000008008418                DMA2_Stream5_IRQHandler
                0x0000000008008418                DMA1_Stream5_IRQHandler
                0x0000000008008418                PVD_IRQHandler
                0x0000000008008418                SDIO_IRQHandler
                0x0000000008008418                TAMP_STAMP_IRQHandler
                0x0000000008008418                EXTI3_IRQHandler
                0x0000000008008418                TIM1_UP_TIM10_IRQHandler
                0x0000000008008418                I2C3_ER_IRQHandler
                0x0000000008008418                EXTI0_IRQHandler
                0x0000000008008418                I2C2_EV_IRQHandler
                0x0000000008008418                DMA1_Stream2_IRQHandler
                0x0000000008008418                FPU_IRQHandler
                0x0000000008008418                SPI1_IRQHandler
                0x0000000008008418                TIM1_BRK_TIM9_IRQHandler
                0x0000000008008418                USART6_IRQHandler
                0x0000000008008418                DMA2_Stream0_IRQHandler
                0x0000000008008418                TIM4_IRQHandler
                0x0000000008008418                I2C1_EV_IRQHandler
                0x0000000008008418                DMA1_Stream6_IRQHandler
                0x0000000008008418                DMA1_Stream1_IRQHandler
                0x0000000008008418                TIM3_IRQHandler
                0x0000000008008418                RCC_IRQHandler
                0x0000000008008418                Default_Handler
                0x0000000008008418                ADC_IRQHandler
                0x0000000008008418                DMA1_Stream7_IRQHandler
                0x0000000008008418                TIM5_IRQHandler
                0x0000000008008418                DMA2_Stream7_IRQHandler
                0x0000000008008418                I2C3_EV_IRQHandler
                0x0000000008008418                EXTI9_5_IRQHandler
                0x0000000008008418                RTC_WKUP_IRQHandler
                0x0000000008008418                SPI2_IRQHandler
                0x0000000008008418                DMA1_Stream0_IRQHandler
                0x0000000008008418                EXTI4_IRQHandler
                0x0000000008008418                WWDG_IRQHandler
                0x0000000008008418                TIM2_IRQHandler
                0x0000000008008418                OTG_FS_WKUP_IRQHandler
                0x0000000008008418                TIM1_TRG_COM_TIM11_IRQHandler
                0x0000000008008418                EXTI1_IRQHandler
                0x0000000008008418                USART2_IRQHandler
                0x0000000008008418                I2C2_ER_IRQHandler
                0x0000000008008418                DMA2_Stream1_IRQHandler
                0x0000000008008418                FLASH_IRQHandler
                0x0000000008008418                DMA2_Stream4_IRQHandler
                0x0000000008008418                OTG_FS_IRQHandler
                0x0000000008008418                SPI3_IRQHandler
                0x0000000008008418                DMA1_Stream4_IRQHandler
                0x0000000008008418                I2C1_ER_IRQHandler
                0x0000000008008418                DMA2_Stream6_IRQHandler
                0x0000000008008418                DMA1_Stream3_IRQHandler
 *fill*         0x000000000800841a        0x2 
 .text.__libc_init_array
                0x000000000800841c       0x48 /usr/lib/gcc/arm-none-eabi/6.3.0/../../../../arm-none-eabi/lib/armv7e-m/fpu/libc_nano.a(lib_a-init.o)
                0x000000000800841c                __libc_init_array
 .text.memcpy   0x0000000008008464       0x16 /usr/lib/gcc/arm-none-eabi/6.3.0/../../../../arm-none-eabi/lib/armv7e-m/fpu/libc_nano.a(lib_a-memcpy-stub.o)
                0x0000000008008464                memcpy
 .text.memset   0x000000000800847a       0x10 /usr/lib/gcc/arm-none-eabi/6.3.0/../../../../arm-none-eabi/lib/armv7e-m/fpu/libc_nano.a(lib_a-memset.o)
                0x000000000800847a                memset
 .text.__cvt    0x000000000800848a       0xc2 /usr/lib/gcc/arm-none-eabi/6.3.0/../../../../arm-none-eabi/lib/armv7e-m/fpu/libc_nano.a(lib_a-nano-vfprintf_float.o)
                0x000000000800848a                __cvt
 .text.__exponent
                0x000000000800854c       0x6a /usr/lib/gcc/arm-none-eabi/6.3.0/../../../../arm-none-eabi/lib/armv7e-m/fpu/libc_nano.a(lib_a-nano-vfprintf_float.o)
                0x000000000800854c                __exponent
 *fill*         0x00000000080085b6        0x2 
 .text._printf_float
                0x00000000080085b8      0x480 /usr/lib/gcc/arm-none-eabi/6.3.0/../../../../arm-none-eabi/lib/armv7e-m/fpu/libc_nano.a(lib_a-nano-vfprintf_float.o)
                0x00000000080085b8                _printf_float
 .text._printf_common
                0x0000000008008a38       0xec /usr/lib/gcc/arm-none-eabi/6.3.0/../../../../arm-none-eabi/lib/armv7e-m/fpu/libc_nano.a(lib_a-nano-vfprintf_i.o)
                0x0000000008008a38                _printf_common
 .text._printf_i
                0x0000000008008b24      0x240 /usr/lib/gcc/arm-none-eabi/6.3.0/../../../../arm-none-eabi/lib/armv7e-m/fpu/libc_nano.a(lib_a-nano-vfprintf_i.o)
                0x0000000008008b24                _printf_i
 .text.printf   0x0000000008008d64       0x30 /usr/lib/gcc/arm-none-eabi/6.3.0/../../../../arm-none-eabi/lib/armv7e-m/fpu/libc_nano.a(lib_a-printf.o)
                0x0000000008008d64                printf
                0x0000000008008d64                iprintf
 .text.sprintf  0x0000000008008d94       0x48 /usr/lib/gcc/arm-none-eabi/6.3.0/../../../../arm-none-eabi/lib/armv7e-m/fpu/libc_nano.a(lib_a-sprintf.o)
                0x0000000008008d94                sprintf
                0x0000000008008d94                siprintf
 .text.strcat   0x0000000008008ddc       0x1e /usr/lib/gcc/arm-none-eabi/6.3.0/../../../../arm-none-eabi/lib/armv7e-m/fpu/libc_nano.a(lib_a-strcat.o)
                0x0000000008008ddc                strcat
 .text.quorem   0x0000000008008dfa      0x118 /usr/lib/gcc/arm-none-eabi/6.3.0/../../../../arm-none-eabi/lib/armv7e-m/fpu/libc_nano.a(lib_a-dtoa.o)
 *fill*         0x0000000008008f12        0x6 
 .text._dtoa_r  0x0000000008008f18      0xb9c /usr/lib/gcc/arm-none-eabi/6.3.0/../../../../arm-none-eabi/lib/armv7e-m/fpu/libc_nano.a(lib_a-dtoa.o)
                0x0000000008008f18                _dtoa_r
 .text._cleanup_r
                0x0000000008009ab4        0xc /usr/lib/gcc/arm-none-eabi/6.3.0/../../../../arm-none-eabi/lib/armv7e-m/fpu/libc_nano.a(lib_a-findfp.o)
                0x0000000008009ab4                _cleanup_r
 .text.std.isra.0
                0x0000000008009ac0       0x48 /usr/lib/gcc/arm-none-eabi/6.3.0/../../../../arm-none-eabi/lib/armv7e-m/fpu/libc_nano.a(lib_a-findfp.o)
 .text.__sfmoreglue
                0x0000000008009b08       0x2c /usr/lib/gcc/arm-none-eabi/6.3.0/../../../../arm-none-eabi/lib/armv7e-m/fpu/libc_nano.a(lib_a-findfp.o)
                0x0000000008009b08                __sfmoreglue
 .text.__sinit  0x0000000008009b34       0x60 /usr/lib/gcc/arm-none-eabi/6.3.0/../../../../arm-none-eabi/lib/armv7e-m/fpu/libc_nano.a(lib_a-findfp.o)
                0x0000000008009b34                __sinit
 .text.__sfp    0x0000000008009b94       0x78 /usr/lib/gcc/arm-none-eabi/6.3.0/../../../../arm-none-eabi/lib/armv7e-m/fpu/libc_nano.a(lib_a-findfp.o)
                0x0000000008009b94                __sfp
 .text._fwalk_reent
                0x0000000008009c0c       0x3c /usr/lib/gcc/arm-none-eabi/6.3.0/../../../../arm-none-eabi/lib/armv7e-m/fpu/libc_nano.a(lib_a-fwalk.o)
                0x0000000008009c0c                _fwalk_reent
 .text._localeconv_r
                0x0000000008009c48       0x1c /usr/lib/gcc/arm-none-eabi/6.3.0/../../../../arm-none-eabi/lib/armv7e-m/fpu/libc_nano.a(lib_a-localeconv.o)
                0x0000000008009c48                _localeconv_r
 .text.malloc   0x0000000008009c64       0x10 /usr/lib/gcc/arm-none-eabi/6.3.0/../../../../arm-none-eabi/lib/armv7e-m/fpu/libc_nano.a(lib_a-malloc.o)
                0x0000000008009c64                malloc
 .text._Balloc  0x0000000008009c74       0x68 /usr/lib/gcc/arm-none-eabi/6.3.0/../../../../arm-none-eabi/lib/armv7e-m/fpu/libc_nano.a(lib_a-mprec.o)
                0x0000000008009c74                _Balloc
 .text._Bfree   0x0000000008009cdc       0x2e /usr/lib/gcc/arm-none-eabi/6.3.0/../../../../arm-none-eabi/lib/armv7e-m/fpu/libc_nano.a(lib_a-mprec.o)
                0x0000000008009cdc                _Bfree
 .text.__multadd
                0x0000000008009d0a       0x76 /usr/lib/gcc/arm-none-eabi/6.3.0/../../../../arm-none-eabi/lib/armv7e-m/fpu/libc_nano.a(lib_a-mprec.o)
                0x0000000008009d0a                __multadd
 .text.__hi0bits
                0x0000000008009d80       0x3e /usr/lib/gcc/arm-none-eabi/6.3.0/../../../../arm-none-eabi/lib/armv7e-m/fpu/libc_nano.a(lib_a-mprec.o)
                0x0000000008009d80                __hi0bits
 .text.__lo0bits
                0x0000000008009dbe       0x5e /usr/lib/gcc/arm-none-eabi/6.3.0/../../../../arm-none-eabi/lib/armv7e-m/fpu/libc_nano.a(lib_a-mprec.o)
                0x0000000008009dbe                __lo0bits
 .text.__i2b    0x0000000008009e1c       0x12 /usr/lib/gcc/arm-none-eabi/6.3.0/../../../../arm-none-eabi/lib/armv7e-m/fpu/libc_nano.a(lib_a-mprec.o)
                0x0000000008009e1c                __i2b
 .text.__multiply
                0x0000000008009e2e      0x11a /usr/lib/gcc/arm-none-eabi/6.3.0/../../../../arm-none-eabi/lib/armv7e-m/fpu/libc_nano.a(lib_a-mprec.o)
                0x0000000008009e2e                __multiply
 .text.__pow5mult
                0x0000000008009f48       0x9c /usr/lib/gcc/arm-none-eabi/6.3.0/../../../../arm-none-eabi/lib/armv7e-m/fpu/libc_nano.a(lib_a-mprec.o)
                0x0000000008009f48                __pow5mult
 .text.__lshift
                0x0000000008009fe4       0xa2 /usr/lib/gcc/arm-none-eabi/6.3.0/../../../../arm-none-eabi/lib/armv7e-m/fpu/libc_nano.a(lib_a-mprec.o)
                0x0000000008009fe4                __lshift
 .text.__mcmp   0x000000000800a086       0x34 /usr/lib/gcc/arm-none-eabi/6.3.0/../../../../arm-none-eabi/lib/armv7e-m/fpu/libc_nano.a(lib_a-mprec.o)
                0x000000000800a086                __mcmp
 .text.__mdiff  0x000000000800a0ba       0xbc /usr/lib/gcc/arm-none-eabi/6.3.0/../../../../arm-none-eabi/lib/armv7e-m/fpu/libc_nano.a(lib_a-mprec.o)
                0x000000000800a0ba                __mdiff
 .text.__d2b    0x000000000800a176       0x9e /usr/lib/gcc/arm-none-eabi/6.3.0/../../../../arm-none-eabi/lib/armv7e-m/fpu/libc_nano.a(lib_a-mprec.o)
                0x000000000800a176                __d2b
 .text._calloc_r
                0x000000000800a214       0x1c /usr/lib/gcc/arm-none-eabi/6.3.0/../../../../arm-none-eabi/lib/armv7e-m/fpu/libc_nano.a(lib_a-nano-callocr.o)
                0x000000000800a214                _calloc_r
 .text._free_r  0x000000000800a230       0x9c /usr/lib/gcc/arm-none-eabi/6.3.0/../../../../arm-none-eabi/lib/armv7e-m/fpu/libc_nano.a(lib_a-nano-freer.o)
                0x000000000800a230                _free_r
 .text._malloc_r
                0x000000000800a2cc       0xbc /usr/lib/gcc/arm-none-eabi/6.3.0/../../../../arm-none-eabi/lib/armv7e-m/fpu/libc_nano.a(lib_a-nano-mallocr.o)
                0x000000000800a2cc                _malloc_r
 .text.__ssputs_r
                0x000000000800a388       0xb6 /usr/lib/gcc/arm-none-eabi/6.3.0/../../../../arm-none-eabi/lib/armv7e-m/fpu/libc_nano.a(lib_a-nano-svfprintf.o)
                0x000000000800a388                __ssputs_r
 *fill*         0x000000000800a43e        0x2 
 .text._svfprintf_r
                0x000000000800a440      0x1e8 /usr/lib/gcc/arm-none-eabi/6.3.0/../../../../arm-none-eabi/lib/armv7e-m/fpu/libc_nano.a(lib_a-nano-svfprintf.o)
                0x000000000800a440                _svfprintf_r
                0x000000000800a440                _svfiprintf_r
 .text.__sfputc_r
                0x000000000800a628       0x30 /usr/lib/gcc/arm-none-eabi/6.3.0/../../../../arm-none-eabi/lib/armv7e-m/fpu/libc_nano.a(lib_a-nano-vfprintf.o)
 .text.__sfputs_r
                0x000000000800a658       0x24 /usr/lib/gcc/arm-none-eabi/6.3.0/../../../../arm-none-eabi/lib/armv7e-m/fpu/libc_nano.a(lib_a-nano-vfprintf.o)
                0x000000000800a658                __sfputs_r
 .text._vfprintf_r
                0x000000000800a67c      0x22c /usr/lib/gcc/arm-none-eabi/6.3.0/../../../../arm-none-eabi/lib/armv7e-m/fpu/libc_nano.a(lib_a-nano-vfprintf.o)
                0x000000000800a67c                _vfiprintf_r
                0x000000000800a67c                _vfprintf_r
 .text._sbrk_r  0x000000000800a8a8       0x20 /usr/lib/gcc/arm-none-eabi/6.3.0/../../../../arm-none-eabi/lib/armv7e-m/fpu/libc_nano.a(lib_a-sbrkr.o)
                0x000000000800a8a8                _sbrk_r
 .text.__sread  0x000000000800a8c8       0x22 /usr/lib/gcc/arm-none-eabi/6.3.0/../../../../arm-none-eabi/lib/armv7e-m/fpu/libc_nano.a(lib_a-stdio.o)
                0x000000000800a8c8                __sread
 .text.__swrite
                0x000000000800a8ea       0x38 /usr/lib/gcc/arm-none-eabi/6.3.0/../../../../arm-none-eabi/lib/armv7e-m/fpu/libc_nano.a(lib_a-stdio.o)
                0x000000000800a8ea                __swrite
 .text.__sseek  0x000000000800a922       0x24 /usr/lib/gcc/arm-none-eabi/6.3.0/../../../../arm-none-eabi/lib/armv7e-m/fpu/libc_nano.a(lib_a-stdio.o)
                0x000000000800a922                __sseek
 .text.__sclose
                0x000000000800a946        0x8 /usr/lib/gcc/arm-none-eabi/6.3.0/../../../../arm-none-eabi/lib/armv7e-m/fpu/libc_nano.a(lib_a-stdio.o)
                0x000000000800a946                __sclose
 *fill*         0x000000000800a94e        0x2 
 .text.__swbuf_r
                0x000000000800a950       0xa4 /usr/lib/gcc/arm-none-eabi/6.3.0/../../../../arm-none-eabi/lib/armv7e-m/fpu/libc_nano.a(lib_a-wbuf.o)
                0x000000000800a950                __swbuf_r
 .text._write_r
                0x000000000800a9f4       0x24 /usr/lib/gcc/arm-none-eabi/6.3.0/../../../../arm-none-eabi/lib/armv7e-m/fpu/libc_nano.a(lib_a-writer.o)
                0x000000000800a9f4                _write_r
 .text.__swsetup_r
                0x000000000800aa18       0xdc /usr/lib/gcc/arm-none-eabi/6.3.0/../../../../arm-none-eabi/lib/armv7e-m/fpu/libc_nano.a(lib_a-wsetup.o)
                0x000000000800aa18                __swsetup_r
 .text._close_r
                0x000000000800aaf4       0x20 /usr/lib/gcc/arm-none-eabi/6.3.0/../../../../arm-none-eabi/lib/armv7e-m/fpu/libc_nano.a(lib_a-closer.o)
                0x000000000800aaf4                _close_r
 .text.__sflush_r
                0x000000000800ab14      0x110 /usr/lib/gcc/arm-none-eabi/6.3.0/../../../../arm-none-eabi/lib/armv7e-m/fpu/libc_nano.a(lib_a-fflush.o)
                0x000000000800ab14                __sflush_r
 .text._fflush_r
                0x000000000800ac24       0x54 /usr/lib/gcc/arm-none-eabi/6.3.0/../../../../arm-none-eabi/lib/armv7e-m/fpu/libc_nano.a(lib_a-fflush.o)
                0x000000000800ac24                _fflush_r
 .text._lseek_r
                0x000000000800ac78       0x24 /usr/lib/gcc/arm-none-eabi/6.3.0/../../../../arm-none-eabi/lib/armv7e-m/fpu/libc_nano.a(lib_a-lseekr.o)
                0x000000000800ac78                _lseek_r
 .text.__swhatbuf_r
                0x000000000800ac9c       0x48 /usr/lib/gcc/arm-none-eabi/6.3.0/../../../../arm-none-eabi/lib/armv7e-m/fpu/libc_nano.a(lib_a-makebuf.o)
                0x000000000800ac9c                __swhatbuf_r
 .text.__smakebuf_r
                0x000000000800ace4       0x80 /usr/lib/gcc/arm-none-eabi/6.3.0/../../../../arm-none-eabi/lib/armv7e-m/fpu/libc_nano.a(lib_a-makebuf.o)
                0x000000000800ace4                __smakebuf_r
 .text.__ascii_mbtowc
                0x000000000800ad64       0x24 /usr/lib/gcc/arm-none-eabi/6.3.0/../../../../arm-none-eabi/lib/armv7e-m/fpu/libc_nano.a(lib_a-mbtowc_r.o)
                0x000000000800ad64                __ascii_mbtowc
 .text.memmove  0x000000000800ad88       0x34 /usr/lib/gcc/arm-none-eabi/6.3.0/../../../../arm-none-eabi/lib/armv7e-m/fpu/libc_nano.a(lib_a-memmove.o)
                0x000000000800ad88                memmove
 .text.__malloc_lock
                0x000000000800adbc        0x2 /usr/lib/gcc/arm-none-eabi/6.3.0/../../../../arm-none-eabi/lib/armv7e-m/fpu/libc_nano.a(lib_a-mlock.o)
                0x000000000800adbc                __malloc_lock
 .text.__malloc_unlock
                0x000000000800adbe        0x2 /usr/lib/gcc/arm-none-eabi/6.3.0/../../../../arm-none-eabi/lib/armv7e-m/fpu/libc_nano.a(lib_a-mlock.o)
                0x000000000800adbe                __malloc_unlock
 .text._realloc_r
                0x000000000800adc0       0x4c /usr/lib/gcc/arm-none-eabi/6.3.0/../../../../arm-none-eabi/lib/armv7e-m/fpu/libc_nano.a(lib_a-nano-reallocr.o)
                0x000000000800adc0                _realloc_r
 .text._read_r  0x000000000800ae0c       0x24 /usr/lib/gcc/arm-none-eabi/6.3.0/../../../../arm-none-eabi/lib/armv7e-m/fpu/libc_nano.a(lib_a-readr.o)
                0x000000000800ae0c                _read_r
 .text.__ascii_wctomb
                0x000000000800ae30       0x1a /usr/lib/gcc/arm-none-eabi/6.3.0/../../../../arm-none-eabi/lib/armv7e-m/fpu/libc_nano.a(lib_a-wctomb_r.o)
                0x000000000800ae30                __ascii_wctomb
 *fill*         0x000000000800ae4a        0x2 
 .text._fstat_r
                0x000000000800ae4c       0x24 /usr/lib/gcc/arm-none-eabi/6.3.0/../../../../arm-none-eabi/lib/armv7e-m/fpu/libc_nano.a(lib_a-fstatr.o)
                0x000000000800ae4c                _fstat_r
 .text._isatty_r
                0x000000000800ae70       0x20 /usr/lib/gcc/arm-none-eabi/6.3.0/../../../../arm-none-eabi/lib/armv7e-m/fpu/libc_nano.a(lib_a-isattyr.o)
                0x000000000800ae70                _isatty_r
 .text._malloc_usable_size_r
                0x000000000800ae90       0x12 /usr/lib/gcc/arm-none-eabi/6.3.0/../../../../arm-none-eabi/lib/armv7e-m/fpu/libc_nano.a(lib_a-nano-msizer.o)
                0x000000000800ae90                _malloc_usable_size_r
 *fill*         0x000000000800aea2        0x6 
 .text.cos      0x000000000800aea8       0xc0 /usr/lib/gcc/arm-none-eabi/6.3.0/../../../../arm-none-eabi/lib/armv7e-m/fpu/libm.a(lib_a-s_cos.o)
                0x000000000800aea8                cos
 .text.sin      0x000000000800af68       0xc0 /usr/lib/gcc/arm-none-eabi/6.3.0/../../../../arm-none-eabi/lib/armv7e-m/fpu/libm.a(lib_a-s_sin.o)
                0x000000000800af68                sin
 .text.atan2    0x000000000800b028        0x4 /usr/lib/gcc/arm-none-eabi/6.3.0/../../../../arm-none-eabi/lib/armv7e-m/fpu/libm.a(lib_a-w_atan2.o)
                0x000000000800b028                atan2
 .text.sqrt     0x000000000800b02c       0xb8 /usr/lib/gcc/arm-none-eabi/6.3.0/../../../../arm-none-eabi/lib/armv7e-m/fpu/libm.a(lib_a-w_sqrt.o)
                0x000000000800b02c                sqrt
 *fill*         0x000000000800b0e4        0x4 
 .text.__ieee754_atan2
                0x000000000800b0e8      0x1c4 /usr/lib/gcc/arm-none-eabi/6.3.0/../../../../arm-none-eabi/lib/armv7e-m/fpu/libm.a(lib_a-e_atan2.o)
                0x000000000800b0e8                __ieee754_atan2
 *fill*         0x000000000800b2ac        0x4 
 .text.__ieee754_rem_pio2
                0x000000000800b2b0      0x44c /usr/lib/gcc/arm-none-eabi/6.3.0/../../../../arm-none-eabi/lib/armv7e-m/fpu/libm.a(lib_a-e_rem_pio2.o)
                0x000000000800b2b0                __ieee754_rem_pio2
 .text.__ieee754_sqrt
                0x000000000800b6fc      0x198 /usr/lib/gcc/arm-none-eabi/6.3.0/../../../../arm-none-eabi/lib/armv7e-m/fpu/libm.a(lib_a-e_sqrt.o)
                0x000000000800b6fc                __ieee754_sqrt
 *fill*         0x000000000800b894        0x4 
 .text.__kernel_cos
                0x000000000800b898      0x284 /usr/lib/gcc/arm-none-eabi/6.3.0/../../../../arm-none-eabi/lib/armv7e-m/fpu/libm.a(lib_a-k_cos.o)
                0x000000000800b898                __kernel_cos
 *fill*         0x000000000800bb1c        0x4 
 .text.__kernel_rem_pio2
                0x000000000800bb20      0x870 /usr/lib/gcc/arm-none-eabi/6.3.0/../../../../arm-none-eabi/lib/armv7e-m/fpu/libm.a(lib_a-k_rem_pio2.o)
                0x000000000800bb20                __kernel_rem_pio2
 .text.__kernel_sin
                0x000000000800c390      0x194 /usr/lib/gcc/arm-none-eabi/6.3.0/../../../../arm-none-eabi/lib/armv7e-m/fpu/libm.a(lib_a-k_sin.o)
                0x000000000800c390                __kernel_sin
 *fill*         0x000000000800c524        0x4 
 .text.atan     0x000000000800c528      0x368 /usr/lib/gcc/arm-none-eabi/6.3.0/../../../../arm-none-eabi/lib/armv7e-m/fpu/libm.a(lib_a-s_atan.o)
                0x000000000800c528                atan
 .text.fabs     0x000000000800c890       0x10 /usr/lib/gcc/arm-none-eabi/6.3.0/../../../../arm-none-eabi/lib/armv7e-m/fpu/libm.a(lib_a-s_fabs.o)
                0x000000000800c890                fabs
 .text.floor    0x000000000800c8a0      0x120 /usr/lib/gcc/arm-none-eabi/6.3.0/../../../../arm-none-eabi/lib/armv7e-m/fpu/libm.a(lib_a-s_floor.o)
                0x000000000800c8a0                floor
 .text.matherr  0x000000000800c9c0        0x4 /usr/lib/gcc/arm-none-eabi/6.3.0/../../../../arm-none-eabi/lib/armv7e-m/fpu/libm.a(lib_a-s_matherr.o)
                0x000000000800c9c0                matherr
 *fill*         0x000000000800c9c4        0x4 
 .text.scalbn   0x000000000800c9c8      0x10c /usr/lib/gcc/arm-none-eabi/6.3.0/../../../../arm-none-eabi/lib/armv7e-m/fpu/libm.a(lib_a-s_scalbn.o)
                0x000000000800c9c8                scalbn
 .text.copysign
                0x000000000800cad4       0x1c /usr/lib/gcc/arm-none-eabi/6.3.0/../../../../arm-none-eabi/lib/armv7e-m/fpu/libm.a(lib_a-s_copysign.o)
                0x000000000800cad4                copysign
 .text._close   0x000000000800caf0       0x10 /usr/lib/gcc/arm-none-eabi/6.3.0/../../../../arm-none-eabi/lib/armv7e-m/fpu/libnosys.a(close.o)
                0x000000000800caf0                _close
 .text._fstat   0x000000000800cb00       0x10 /usr/lib/gcc/arm-none-eabi/6.3.0/../../../../arm-none-eabi/lib/armv7e-m/fpu/libnosys.a(fstat.o)
                0x000000000800cb00                _fstat
 .text._isatty  0x000000000800cb10       0x10 /usr/lib/gcc/arm-none-eabi/6.3.0/../../../../arm-none-eabi/lib/armv7e-m/fpu/libnosys.a(isatty.o)
                0x000000000800cb10                _isatty
 .text._lseek   0x000000000800cb20       0x10 /usr/lib/gcc/arm-none-eabi/6.3.0/../../../../arm-none-eabi/lib/armv7e-m/fpu/libnosys.a(lseek.o)
                0x000000000800cb20                _lseek
 .text._read    0x000000000800cb30       0x10 /usr/lib/gcc/arm-none-eabi/6.3.0/../../../../arm-none-eabi/lib/armv7e-m/fpu/libnosys.a(read.o)
                0x000000000800cb30                _read
 .text._sbrk    0x000000000800cb40       0x1c /usr/lib/gcc/arm-none-eabi/6.3.0/../../../../arm-none-eabi/lib/armv7e-m/fpu/libnosys.a(sbrk.o)
                0x000000000800cb40                _sbrk
 .text.__errno  0x000000000800cb5c        0xc /usr/lib/gcc/arm-none-eabi/6.3.0/../../../../arm-none-eabi/lib/armv7e-m/fpu/libc_nano.a(lib_a-errno.o)
                0x000000000800cb5c                __errno
 *(.glue_7)
 .glue_7        0x000000000800cb68        0x0 linker stubs
 *(.glue_7t)
 .glue_7t       0x000000000800cb68        0x0 linker stubs
 *(.eh_frame)
 .eh_frame      0x000000000800cb68        0x0 /usr/lib/gcc/arm-none-eabi/6.3.0/armv7e-m/fpu/crtbegin.o
 *(.init)
 .init          0x000000000800cb68        0x4 /usr/lib/gcc/arm-none-eabi/6.3.0/armv7e-m/fpu/crti.o
                0x000000000800cb68                _init
 .init          0x000000000800cb6c        0x8 /usr/lib/gcc/arm-none-eabi/6.3.0/armv7e-m/fpu/crtn.o
 *(.fini)
 .fini          0x000000000800cb74        0x4 /usr/lib/gcc/arm-none-eabi/6.3.0/armv7e-m/fpu/crti.o
                0x000000000800cb74                _fini
 .fini          0x000000000800cb78        0x8 /usr/lib/gcc/arm-none-eabi/6.3.0/armv7e-m/fpu/crtn.o
                0x000000000800cb80                . = ALIGN (0x4)
                0x000000000800cb80                _etext = .

.vfp11_veneer   0x000000000800cb80        0x0
 .vfp11_veneer  0x000000000800cb80        0x0 linker stubs

.v4_bx          0x000000000800cb80        0x0
 .v4_bx         0x000000000800cb80        0x0 linker stubs

.iplt           0x000000000800cb80        0x0
 .iplt          0x000000000800cb80        0x0 /usr/lib/gcc/arm-none-eabi/6.3.0/armv7e-m/fpu/crtbegin.o

.rodata         0x000000000800cb80     0x41e0
                0x000000000800cb80                . = ALIGN (0x4)
 *(.rodata)
 *(.rodata*)
 .rodata.APBAHBPrescTable
                0x000000000800cb80       0x10 build/stm32f4xx_hal_rcc.o
                0x000000000800cb80                APBAHBPrescTable
 .rodata.flagBitshiftOffset.8851
                0x000000000800cb90        0x8 build/stm32f4xx_hal_dma.o
 .rodata.ArialBold_24_OffsetTable
                0x000000000800cb98      0x1c0 build/Arial24.o
                0x000000000800cb98                ArialBold_24_OffsetTable
 .rodata.ArialBold_24_SymbolTable
                0x000000000800cd58     0x2700 build/Arial24.o
                0x000000000800cd58                ArialBold_24_SymbolTable
 .rodata.ArialBold_24_WidthTable
                0x000000000800f458       0xe0 build/Arial24.o
                0x000000000800f458                ArialBold_24_WidthTable
 .rodata.F_Arial24
                0x000000000800f538       0x18 build/Arial24.o
                0x000000000800f538                F_Arial24
 .rodata.ArialNarrow_15_SymbolTable
                0x000000000800f550     0x1040 build/Arial15.o
                0x000000000800f550                ArialNarrow_15_SymbolTable
 .rodata.F_Arial15
                0x0000000008010590       0x18 build/Arial15.o
                0x0000000008010590                F_Arial15
 .rodata.m_create_text_field.str1.4
                0x00000000080105a8       0x17 build/makise_e_text_field.o
 *fill*         0x00000000080105bf        0x1 
 .rodata._m_button_input.str1.4
                0x00000000080105c0       0x11 build/makise_e_buttons.o
 *fill*         0x00000000080105d1        0x3 
 .rodata.m_create_button.str1.4
                0x00000000080105d4       0x13 build/makise_e_buttons.o
 *fill*         0x00000000080105e7        0x1 
 .rodata.c_a.str1.4
                0x00000000080105e8       0x13 build/compass.o
 *fill*         0x00000000080105fb        0x1 
 .rodata.c_u.str1.4
                0x00000000080105fc       0x14 build/compass.o
 .rodata.compass_init.str1.4
                0x0000000008010610        0x8 build/compass.o
 .rodata.b_st.str1.4
                0x0000000008010618        0xc build/app_main.o
 .rodata.b_time.str1.4
                0x0000000008010624       0x57 build/app_main.o
 *fill*         0x000000000801067b        0x1 
 .rodata.str1.4
                0x000000000801067c      0x1d2 build/app_main.o
 *fill*         0x000000000801084e        0x2 
 .rodata.controls_595_init.str1.4
                0x0000000008010850        0x7 build/controls_595.o
 *fill*         0x0000000008010857        0x1 
 .rodata.SD_Driver
                0x0000000008010858       0x14 build/sd_diskio.o
                0x0000000008010858                SD_Driver
 .rodata.inputs_input.str1.4
                0x000000000801086c        0x7 build/inputs.o
                                          0x4 (size before relaxing)
 .rodata.gui_create_compass.str1.4
                0x000000000801086c       0x14 build/gui_compass.o
 .rodata.gui_init.str1.4
                0x0000000008010880        0x4 build/gui.o
 .rodata._global_impure_ptr
                0x0000000008010880        0x4 /usr/lib/gcc/arm-none-eabi/6.3.0/../../../../arm-none-eabi/lib/armv7e-m/fpu/libc_nano.a(lib_a-impure.o)
                0x0000000008010880                _global_impure_ptr
 .rodata._printf_float.str1.1
                0x0000000008010884       0x12 /usr/lib/gcc/arm-none-eabi/6.3.0/../../../../arm-none-eabi/lib/armv7e-m/fpu/libc_nano.a(lib_a-nano-vfprintf_float.o)
 .rodata._printf_i.str1.1
                0x0000000008010896       0x22 /usr/lib/gcc/arm-none-eabi/6.3.0/../../../../arm-none-eabi/lib/armv7e-m/fpu/libc_nano.a(lib_a-nano-vfprintf_i.o)
 .rodata._dtoa_r.str1.1
                0x00000000080108b8        0xd /usr/lib/gcc/arm-none-eabi/6.3.0/../../../../arm-none-eabi/lib/armv7e-m/fpu/libc_nano.a(lib_a-dtoa.o)
                                          0xf (size before relaxing)
 *fill*         0x00000000080108c5        0x3 
 .rodata.__sf_fake_stderr
                0x00000000080108c8       0x20 /usr/lib/gcc/arm-none-eabi/6.3.0/../../../../arm-none-eabi/lib/armv7e-m/fpu/libc_nano.a(lib_a-findfp.o)
                0x00000000080108c8                __sf_fake_stderr
 .rodata.__sf_fake_stdin
                0x00000000080108e8       0x20 /usr/lib/gcc/arm-none-eabi/6.3.0/../../../../arm-none-eabi/lib/armv7e-m/fpu/libc_nano.a(lib_a-findfp.o)
                0x00000000080108e8                __sf_fake_stdin
 .rodata.__sf_fake_stdout
                0x0000000008010908       0x20 /usr/lib/gcc/arm-none-eabi/6.3.0/../../../../arm-none-eabi/lib/armv7e-m/fpu/libc_nano.a(lib_a-findfp.o)
                0x0000000008010908                __sf_fake_stdout
 .rodata.__mprec_bigtens
                0x0000000008010928       0x28 /usr/lib/gcc/arm-none-eabi/6.3.0/../../../../arm-none-eabi/lib/armv7e-m/fpu/libc_nano.a(lib_a-mprec.o)
                0x0000000008010928                __mprec_bigtens
 .rodata.__mprec_tens
                0x0000000008010950       0xc8 /usr/lib/gcc/arm-none-eabi/6.3.0/../../../../arm-none-eabi/lib/armv7e-m/fpu/libc_nano.a(lib_a-mprec.o)
                0x0000000008010950                __mprec_tens
 .rodata.p05.7151
                0x0000000008010a18        0xc /usr/lib/gcc/arm-none-eabi/6.3.0/../../../../arm-none-eabi/lib/armv7e-m/fpu/libc_nano.a(lib_a-mprec.o)
 .rodata._svfprintf_r.str1.1
                0x0000000008010a24       0x11 /usr/lib/gcc/arm-none-eabi/6.3.0/../../../../arm-none-eabi/lib/armv7e-m/fpu/libc_nano.a(lib_a-nano-svfprintf.o)
 .rodata._vfprintf_r.str1.1
                0x0000000008010a35       0x11 /usr/lib/gcc/arm-none-eabi/6.3.0/../../../../arm-none-eabi/lib/armv7e-m/fpu/libc_nano.a(lib_a-nano-vfprintf.o)
 .rodata._setlocale_r.str1.1
                0x0000000008010a35        0x8 /usr/lib/gcc/arm-none-eabi/6.3.0/../../../../arm-none-eabi/lib/armv7e-m/fpu/libc_nano.a(lib_a-locale.o)
                                          0x9 (size before relaxing)
 .rodata.str1.1
                0x0000000008010a3d        0x2 /usr/lib/gcc/arm-none-eabi/6.3.0/../../../../arm-none-eabi/lib/armv7e-m/fpu/libc_nano.a(lib_a-locale.o)
 .rodata._ctype_
                0x0000000008010a3f      0x101 /usr/lib/gcc/arm-none-eabi/6.3.0/../../../../arm-none-eabi/lib/armv7e-m/fpu/libc_nano.a(lib_a-ctype_.o)
                0x0000000008010a3f                _ctype_
 .rodata.sqrt.str1.4
                0x0000000008010b40        0x8 /usr/lib/gcc/arm-none-eabi/6.3.0/../../../../arm-none-eabi/lib/armv7e-m/fpu/libm.a(lib_a-w_sqrt.o)
                                          0x5 (size before relaxing)
 .rodata.npio2_hw
                0x0000000008010b48       0x80 /usr/lib/gcc/arm-none-eabi/6.3.0/../../../../arm-none-eabi/lib/armv7e-m/fpu/libm.a(lib_a-e_rem_pio2.o)
 .rodata.two_over_pi
                0x0000000008010bc8      0x108 /usr/lib/gcc/arm-none-eabi/6.3.0/../../../../arm-none-eabi/lib/armv7e-m/fpu/libm.a(lib_a-e_rem_pio2.o)
 .rodata.PIo2   0x0000000008010cd0       0x40 /usr/lib/gcc/arm-none-eabi/6.3.0/../../../../arm-none-eabi/lib/armv7e-m/fpu/libm.a(lib_a-k_rem_pio2.o)
 .rodata.init_jk
                0x0000000008010d10       0x10 /usr/lib/gcc/arm-none-eabi/6.3.0/../../../../arm-none-eabi/lib/armv7e-m/fpu/libm.a(lib_a-k_rem_pio2.o)
 .rodata.atanhi
                0x0000000008010d20       0x20 /usr/lib/gcc/arm-none-eabi/6.3.0/../../../../arm-none-eabi/lib/armv7e-m/fpu/libm.a(lib_a-s_atan.o)
 .rodata.atanlo
                0x0000000008010d40       0x20 /usr/lib/gcc/arm-none-eabi/6.3.0/../../../../arm-none-eabi/lib/armv7e-m/fpu/libm.a(lib_a-s_atan.o)
                0x0000000008010d60                . = ALIGN (0x4)

.rel.dyn        0x0000000008010d60        0x0
 .rel.iplt      0x0000000008010d60        0x0 /usr/lib/gcc/arm-none-eabi/6.3.0/armv7e-m/fpu/crtbegin.o

.ARM.extab
 *(.ARM.extab* .gnu.linkonce.armextab.*)

.ARM            0x0000000008010d60        0x0
                0x0000000008010d60                __exidx_start = .
 *(.ARM.exidx*)
                0x0000000008010d60                __exidx_end = .

.preinit_array  0x0000000008010d60        0x0
                0x0000000008010d60                PROVIDE (__preinit_array_start, .)
 *(.preinit_array*)
                0x0000000008010d60                PROVIDE (__preinit_array_end, .)

.init_array     0x0000000008010d60        0x4
                0x0000000008010d60                PROVIDE (__init_array_start, .)
 *(SORT(.init_array.*))
 *(.init_array*)
 .init_array    0x0000000008010d60        0x4 /usr/lib/gcc/arm-none-eabi/6.3.0/armv7e-m/fpu/crtbegin.o
                0x0000000008010d64                PROVIDE (__init_array_end, .)

.fini_array     0x0000000008010d64        0x4
                0x0000000008010d64                PROVIDE (__fini_array_start, .)
 *(SORT(.fini_array.*))
 *(.fini_array*)
 .fini_array    0x0000000008010d64        0x4 /usr/lib/gcc/arm-none-eabi/6.3.0/armv7e-m/fpu/crtbegin.o
                0x0000000008010d68                PROVIDE (__fini_array_end, .)
                0x0000000008010d68                _sidata = LOADADDR (.data)

.data           0x0000000020000000      0x654 load address 0x0000000008010d68
                0x0000000020000000                . = ALIGN (0x4)
                0x0000000020000000                _sdata = .
 *(.data)
 *(.data*)
 .data.SystemCoreClock
                0x0000000020000000        0x4 build/system_stm32f4xx.o
                0x0000000020000000                SystemCoreClock
 .data._makise_color_palette_default
                0x0000000020000004       0x40 build/makise_colors.o
                0x0000000020000004                _makise_color_palette_default
 .data.makise_color_palette
                0x0000000020000044        0x4 build/makise_colors.o
                0x0000000020000044                makise_color_palette
 .data.ArialNarrow_15_OffsetTable
                0x0000000020000048      0x1c0 build/Arial15.o
                0x0000000020000048                ArialNarrow_15_OffsetTable
 .data.ArialNarrow_15_WidthTable
                0x0000000020000208       0xe0 build/Arial15.o
                0x0000000020000208                ArialNarrow_15_WidthTable
 .data.but_t    0x00000000200002e8        0xc build/app_main.o
                0x00000000200002e8                but_t
 .data.button_style
                0x00000000200002f4       0x4c build/app_main.o
                0x00000000200002f4                button_style
 .data.text_style
                0x0000000020000340       0x4c build/app_main.o
                0x0000000020000340                text_style
 .data.Stat     0x000000002000038c        0x1 build/sd_diskio.o
 *fill*         0x000000002000038d        0x3 
 .data.inputs_buttons
                0x0000000020000390       0xc0 build/inputs.o
                0x0000000020000390                inputs_buttons
 .data.inputs_outs
                0x0000000020000450       0x30 build/inputs.o
                0x0000000020000450                inputs_outs
 .data._impure_ptr
                0x0000000020000480        0x4 /usr/lib/gcc/arm-none-eabi/6.3.0/../../../../arm-none-eabi/lib/armv7e-m/fpu/libc_nano.a(lib_a-impure.o)
                0x0000000020000480                _impure_ptr
 .data.impure_data
                0x0000000020000484       0x60 /usr/lib/gcc/arm-none-eabi/6.3.0/../../../../arm-none-eabi/lib/armv7e-m/fpu/libc_nano.a(lib_a-impure.o)
 .data.__global_locale
                0x00000000200004e4      0x16c /usr/lib/gcc/arm-none-eabi/6.3.0/../../../../arm-none-eabi/lib/armv7e-m/fpu/libc_nano.a(lib_a-locale.o)
                0x00000000200004e4                __global_locale
 .data.__fdlib_version
                0x0000000020000650        0x1 /usr/lib/gcc/arm-none-eabi/6.3.0/../../../../arm-none-eabi/lib/armv7e-m/fpu/libm.a(lib_a-s_lib_ver.o)
                0x0000000020000650                __fdlib_version
                0x0000000020000654                . = ALIGN (0x4)
 *fill*         0x0000000020000651        0x3 
                0x0000000020000654                _edata = .

.jcr            0x0000000020000654        0x0 load address 0x00000000080113bc
 .jcr           0x0000000020000654        0x0 /usr/lib/gcc/arm-none-eabi/6.3.0/armv7e-m/fpu/crtbegin.o

.igot.plt       0x0000000020000654        0x0 load address 0x00000000080113bc
 .igot.plt      0x0000000020000654        0x0 /usr/lib/gcc/arm-none-eabi/6.3.0/armv7e-m/fpu/crtbegin.o
                0x0000000020000654                . = ALIGN (0x4)

.bss            0x0000000020000658    0x10170 load address 0x00000000080113bc
                0x0000000020000658                _sbss = .
                0x0000000020000658                __bss_start__ = _sbss
 *(.bss)
 *(.bss*)
 .bss.completed.9708
                0x0000000020000658        0x1 /usr/lib/gcc/arm-none-eabi/6.3.0/armv7e-m/fpu/crtbegin.o
 *fill*         0x0000000020000659        0x3 
 .bss.object.9713
                0x000000002000065c       0x18 /usr/lib/gcc/arm-none-eabi/6.3.0/armv7e-m/fpu/crtbegin.o
 .bss._makise_new_id
                0x0000000020000674        0x4 build/makise_gui.o
                0x0000000020000674                _makise_new_id
 .bss.ang       0x0000000020000678        0x4 build/compass.o
                0x0000000020000678                ang
 .bss.buf       0x000000002000067c      0x400 build/app_main.o
                0x000000002000067c                buf
 .bss.last_ch   0x0000000020000a7c        0x4 build/app_main.o
                0x0000000020000a7c                last_ch
 .bss.out       0x0000000020000a80     0x2358 build/app_main.o
                0x0000000020000a80                out
 .bss.disk      0x0000000020002dd8        0xc build/ff_gen_drv.o
                0x0000000020002dd8                disk
 .bss.bb        0x0000000020002de4     0x9600 build/gui.o
                0x0000000020002de4                bb
 .bss.sb        0x000000002000c3e4     0x3d40 build/gui.o
                0x000000002000c3e4                sb
 .bss.__malloc_free_list
                0x0000000020010124        0x4 /usr/lib/gcc/arm-none-eabi/6.3.0/../../../../arm-none-eabi/lib/armv7e-m/fpu/libc_nano.a(lib_a-nano-mallocr.o)
                0x0000000020010124                __malloc_free_list
 .bss.__malloc_sbrk_start
                0x0000000020010128        0x4 /usr/lib/gcc/arm-none-eabi/6.3.0/../../../../arm-none-eabi/lib/armv7e-m/fpu/libc_nano.a(lib_a-nano-mallocr.o)
                0x0000000020010128                __malloc_sbrk_start
 .bss.heap_end.5215
                0x000000002001012c        0x4 /usr/lib/gcc/arm-none-eabi/6.3.0/../../../../arm-none-eabi/lib/armv7e-m/fpu/libnosys.a(sbrk.o)
 *(COMMON)
 COMMON         0x0000000020010130       0x60 build/dma.o
                0x0000000020010130                hdma_memtomem_dma2_stream0
 COMMON         0x0000000020010190       0xe0 build/usart.o
                0x0000000020010190                hdma_usart1_rx
                0x00000000200101f0                huart1
                0x0000000020010230                huart6
 COMMON         0x0000000020010270       0x54 build/i2c.o
                0x0000000020010270                hi2c1
 *fill*         0x00000000200102c4        0x4 
 COMMON         0x00000000200102c8       0xb8 build/sdio.o
                0x00000000200102c8                SDCardInfo
                0x0000000020010320                hsd
 COMMON         0x0000000020010380        0x8 build/fatfs.o
                0x0000000020010380                retSD
                0x0000000020010384                SD_Path
 COMMON         0x0000000020010388       0xb8 build/spi.o
                0x0000000020010388                hspi1
                0x00000000200103e0                hdma_spi1_tx
 COMMON         0x0000000020010440       0x3c build/tim.o
                0x0000000020010440                htim3
 COMMON         0x000000002001047c        0x4 build/stm32f4xx_hal.o
                0x000000002001047c                uwTick
 COMMON         0x0000000020010480        0xc build/makise.o
                0x0000000020010480                kpsett
                0x0000000020010484                kpset32
                0x0000000020010488                kpset
 *fill*         0x000000002001048c        0x4 
 COMMON         0x0000000020010490       0x10 build/compass.o
                0x0000000020010490                roll_a
                0x0000000020010498                pitch_a
 COMMON         0x00000000200104a0      0x218 build/app_main.o
                0x00000000200104a0                comp
                0x0000000020010518                tf
                0x0000000020010574                but
 COMMON         0x00000000200106b8       0x14 build/controls_595.o
                0x00000000200106b8                _controls_595_outs_len
                0x00000000200106bc                _controls_595_buttons
                0x00000000200106c0                _controls_595_buttons_len
                0x00000000200106c4                _controls_595_outs
                0x00000000200106c8                _controls_595_buttons_handler
 COMMON         0x00000000200106cc       0xf8 build/gui.o
                0x00000000200106cc                host
                0x00000000200106d0                hs
                0x000000002001074c                mGui
                0x0000000020010750                Bu
                0x0000000020010764                co
                0x0000000020010780                Dr
                0x00000000200107b0                Gu
 COMMON         0x00000000200107c4        0x4 /usr/lib/gcc/arm-none-eabi/6.3.0/../../../../arm-none-eabi/lib/armv7e-m/fpu/libc_nano.a(lib_a-reent.o)
                0x00000000200107c4                errno
                0x00000000200107c8                . = ALIGN (0x4)
                0x00000000200107c8                _ebss = .
                0x00000000200107c8                __bss_end__ = _ebss

._user_heap_stack
                0x00000000200107c8     0x4000 load address 0x00000000080113bc
                0x00000000200107c8                . = ALIGN (0x8)
                0x00000000200107c8                PROVIDE (end, .)
                [!provide]                        PROVIDE (_end, .)
                0x00000000200127c8                . = (. + _Min_Heap_Size)
 *fill*         0x00000000200107c8     0x2000 
                0x00000000200147c8                . = (. + _Min_Stack_Size)
 *fill*         0x00000000200127c8     0x2000 
                0x00000000200147c8                . = ALIGN (0x8)

/DISCARD/
 libc.a(*)
 libm.a(*)
 libgcc.a(*)

.ARM.attributes
                0x0000000000000000       0x30
 *(.ARM.attributes)
 .ARM.attributes
                0x0000000000000000       0x22 /usr/lib/gcc/arm-none-eabi/6.3.0/armv7e-m/fpu/crti.o
 .ARM.attributes
                0x0000000000000022       0x34 /usr/lib/gcc/arm-none-eabi/6.3.0/armv7e-m/fpu/crtbegin.o
 .ARM.attributes
                0x0000000000000056       0x35 build/main.o
 .ARM.attributes
                0x000000000000008b       0x35 build/dma.o
 .ARM.attributes
                0x00000000000000c0       0x35 build/stm32f4xx_it.o
 .ARM.attributes
                0x00000000000000f5       0x35 build/usart.o
 .ARM.attributes
                0x000000000000012a       0x35 build/i2c.o
 .ARM.attributes
                0x000000000000015f       0x35 build/sdio.o
 .ARM.attributes
                0x0000000000000194       0x35 build/fatfs.o
 .ARM.attributes
                0x00000000000001c9       0x35 build/system_stm32f4xx.o
 .ARM.attributes
                0x00000000000001fe       0x35 build/spi.o
 .ARM.attributes
                0x0000000000000233       0x35 build/tim.o
 .ARM.attributes
                0x0000000000000268       0x35 build/printf.o
 .ARM.attributes
                0x000000000000029d       0x35 build/gpio.o
 .ARM.attributes
                0x00000000000002d2       0x35 build/stm32f4xx_hal_msp.o
 .ARM.attributes
                0x0000000000000307       0x35 build/bsp_driver_sd.o
 .ARM.attributes
                0x000000000000033c       0x35 build/stm32f4xx_ll_sdmmc.o
 .ARM.attributes
                0x0000000000000371       0x35 build/stm32f4xx_hal_cortex.o
 .ARM.attributes
                0x00000000000003a6       0x35 build/stm32f4xx_hal_spi.o
 .ARM.attributes
                0x00000000000003db       0x35 build/stm32f4xx_hal_i2c.o
 .ARM.attributes
                0x0000000000000410       0x35 build/stm32f4xx_hal_sd.o
 .ARM.attributes
                0x0000000000000445       0x35 build/stm32f4xx_hal_rcc.o
 .ARM.attributes
                0x000000000000047a       0x35 build/stm32f4xx_hal_gpio.o
 .ARM.attributes
                0x00000000000004af       0x35 build/stm32f4xx_hal_tim.o
 .ARM.attributes
                0x00000000000004e4       0x35 build/stm32f4xx_hal_uart.o
 .ARM.attributes
                0x0000000000000519       0x35 build/stm32f4xx_hal_dma.o
 .ARM.attributes
                0x000000000000054e       0x35 build/stm32f4xx_hal_tim_ex.o
 .ARM.attributes
                0x0000000000000583       0x35 build/stm32f4xx_hal.o
 .ARM.attributes
                0x00000000000005b8       0x35 build/makise_colors.o
 .ARM.attributes
                0x00000000000005ed       0x35 build/makise_text.o
 .ARM.attributes
                0x0000000000000622       0x35 build/makise_primitives.o
 .ARM.attributes
                0x0000000000000657       0x35 build/makise.o
 .ARM.attributes
                0x000000000000068c       0x35 build/ili9340.o
 .ARM.attributes
                0x00000000000006c1       0x35 build/Arial24.o
 .ARM.attributes
                0x00000000000006f6       0x35 build/Arial15.o
 .ARM.attributes
                0x000000000000072b       0x35 build/makise_gui.o
 .ARM.attributes
                0x0000000000000760       0x35 build/makise_gui_container.o
 .ARM.attributes
                0x0000000000000795       0x35 build/makise_gui_elements.o
 .ARM.attributes
                0x00000000000007ca       0x35 build/makise_e_text_field.o
 .ARM.attributes
                0x00000000000007ff       0x35 build/makise_e.o
 .ARM.attributes
                0x0000000000000834       0x35 build/makise_e_buttons.o
 .ARM.attributes
                0x0000000000000869       0x35 build/compass.o
 .ARM.attributes
                0x000000000000089e       0x35 build/app_main.o
 .ARM.attributes
                0x00000000000008d3       0x35 build/controls_595.o
 .ARM.attributes
                0x0000000000000908       0x35 build/ff_gen_drv.o
 .ARM.attributes
                0x000000000000093d       0x35 build/sd_diskio.o
 .ARM.attributes
                0x0000000000000972       0x35 build/inputs.o
 .ARM.attributes
                0x00000000000009a7       0x35 build/gui_compass.o
 .ARM.attributes
                0x00000000000009dc       0x35 build/gui.o
 .ARM.attributes
                0x0000000000000a11       0x21 build/startup_stm32f401xe.o
 .ARM.attributes
                0x0000000000000a32       0x34 /usr/lib/gcc/arm-none-eabi/6.3.0/../../../../arm-none-eabi/lib/armv7e-m/fpu/libc_nano.a(lib_a-impure.o)
 .ARM.attributes
                0x0000000000000a66       0x34 /usr/lib/gcc/arm-none-eabi/6.3.0/../../../../arm-none-eabi/lib/armv7e-m/fpu/libc_nano.a(lib_a-init.o)
 .ARM.attributes
                0x0000000000000a9a       0x34 /usr/lib/gcc/arm-none-eabi/6.3.0/../../../../arm-none-eabi/lib/armv7e-m/fpu/libc_nano.a(lib_a-memcpy-stub.o)
 .ARM.attributes
                0x0000000000000ace       0x34 /usr/lib/gcc/arm-none-eabi/6.3.0/../../../../arm-none-eabi/lib/armv7e-m/fpu/libc_nano.a(lib_a-memset.o)
 .ARM.attributes
                0x0000000000000b02       0x34 /usr/lib/gcc/arm-none-eabi/6.3.0/../../../../arm-none-eabi/lib/armv7e-m/fpu/libc_nano.a(lib_a-nano-vfprintf_float.o)
 .ARM.attributes
                0x0000000000000b36       0x34 /usr/lib/gcc/arm-none-eabi/6.3.0/../../../../arm-none-eabi/lib/armv7e-m/fpu/libc_nano.a(lib_a-nano-vfprintf_i.o)
 .ARM.attributes
                0x0000000000000b6a       0x34 /usr/lib/gcc/arm-none-eabi/6.3.0/../../../../arm-none-eabi/lib/armv7e-m/fpu/libc_nano.a(lib_a-printf.o)
 .ARM.attributes
                0x0000000000000b9e       0x34 /usr/lib/gcc/arm-none-eabi/6.3.0/../../../../arm-none-eabi/lib/armv7e-m/fpu/libc_nano.a(lib_a-sprintf.o)
 .ARM.attributes
                0x0000000000000bd2       0x34 /usr/lib/gcc/arm-none-eabi/6.3.0/../../../../arm-none-eabi/lib/armv7e-m/fpu/libc_nano.a(lib_a-strcat.o)
 .ARM.attributes
                0x0000000000000c06       0x1b /usr/lib/gcc/arm-none-eabi/6.3.0/../../../../arm-none-eabi/lib/armv7e-m/fpu/libc_nano.a(lib_a-strlen.o)
 .ARM.attributes
                0x0000000000000c21       0x34 /usr/lib/gcc/arm-none-eabi/6.3.0/../../../../arm-none-eabi/lib/armv7e-m/fpu/libc_nano.a(lib_a-dtoa.o)
 .ARM.attributes
                0x0000000000000c55       0x34 /usr/lib/gcc/arm-none-eabi/6.3.0/../../../../arm-none-eabi/lib/armv7e-m/fpu/libc_nano.a(lib_a-findfp.o)
 .ARM.attributes
                0x0000000000000c89       0x34 /usr/lib/gcc/arm-none-eabi/6.3.0/../../../../arm-none-eabi/lib/armv7e-m/fpu/libc_nano.a(lib_a-fwalk.o)
 .ARM.attributes
                0x0000000000000cbd       0x34 /usr/lib/gcc/arm-none-eabi/6.3.0/../../../../arm-none-eabi/lib/armv7e-m/fpu/libc_nano.a(lib_a-localeconv.o)
 .ARM.attributes
                0x0000000000000cf1       0x34 /usr/lib/gcc/arm-none-eabi/6.3.0/../../../../arm-none-eabi/lib/armv7e-m/fpu/libc_nano.a(lib_a-malloc.o)
 .ARM.attributes
                0x0000000000000d25       0x20 /usr/lib/gcc/arm-none-eabi/6.3.0/../../../../arm-none-eabi/lib/armv7e-m/fpu/libc_nano.a(lib_a-memchr.o)
 .ARM.attributes
                0x0000000000000d45       0x34 /usr/lib/gcc/arm-none-eabi/6.3.0/../../../../arm-none-eabi/lib/armv7e-m/fpu/libc_nano.a(lib_a-mprec.o)
 .ARM.attributes
                0x0000000000000d79       0x34 /usr/lib/gcc/arm-none-eabi/6.3.0/../../../../arm-none-eabi/lib/armv7e-m/fpu/libc_nano.a(lib_a-nano-callocr.o)
 .ARM.attributes
                0x0000000000000dad       0x34 /usr/lib/gcc/arm-none-eabi/6.3.0/../../../../arm-none-eabi/lib/armv7e-m/fpu/libc_nano.a(lib_a-nano-freer.o)
 .ARM.attributes
                0x0000000000000de1       0x34 /usr/lib/gcc/arm-none-eabi/6.3.0/../../../../arm-none-eabi/lib/armv7e-m/fpu/libc_nano.a(lib_a-nano-mallocr.o)
 .ARM.attributes
                0x0000000000000e15       0x34 /usr/lib/gcc/arm-none-eabi/6.3.0/../../../../arm-none-eabi/lib/armv7e-m/fpu/libc_nano.a(lib_a-nano-svfprintf.o)
 .ARM.attributes
                0x0000000000000e49       0x34 /usr/lib/gcc/arm-none-eabi/6.3.0/../../../../arm-none-eabi/lib/armv7e-m/fpu/libc_nano.a(lib_a-nano-vfprintf.o)
 .ARM.attributes
                0x0000000000000e7d       0x34 /usr/lib/gcc/arm-none-eabi/6.3.0/../../../../arm-none-eabi/lib/armv7e-m/fpu/libc_nano.a(lib_a-sbrkr.o)
 .ARM.attributes
                0x0000000000000eb1       0x34 /usr/lib/gcc/arm-none-eabi/6.3.0/../../../../arm-none-eabi/lib/armv7e-m/fpu/libc_nano.a(lib_a-stdio.o)
 .ARM.attributes
                0x0000000000000ee5       0x34 /usr/lib/gcc/arm-none-eabi/6.3.0/../../../../arm-none-eabi/lib/armv7e-m/fpu/libc_nano.a(lib_a-wbuf.o)
 .ARM.attributes
                0x0000000000000f19       0x34 /usr/lib/gcc/arm-none-eabi/6.3.0/../../../../arm-none-eabi/lib/armv7e-m/fpu/libc_nano.a(lib_a-writer.o)
 .ARM.attributes
                0x0000000000000f4d       0x34 /usr/lib/gcc/arm-none-eabi/6.3.0/../../../../arm-none-eabi/lib/armv7e-m/fpu/libc_nano.a(lib_a-wsetup.o)
 .ARM.attributes
                0x0000000000000f81       0x34 /usr/lib/gcc/arm-none-eabi/6.3.0/../../../../arm-none-eabi/lib/armv7e-m/fpu/libc_nano.a(lib_a-closer.o)
 .ARM.attributes
                0x0000000000000fb5       0x34 /usr/lib/gcc/arm-none-eabi/6.3.0/../../../../arm-none-eabi/lib/armv7e-m/fpu/libc_nano.a(lib_a-fflush.o)
 .ARM.attributes
                0x0000000000000fe9       0x34 /usr/lib/gcc/arm-none-eabi/6.3.0/../../../../arm-none-eabi/lib/armv7e-m/fpu/libc_nano.a(lib_a-locale.o)
 .ARM.attributes
                0x000000000000101d       0x34 /usr/lib/gcc/arm-none-eabi/6.3.0/../../../../arm-none-eabi/lib/armv7e-m/fpu/libc_nano.a(lib_a-lseekr.o)
 .ARM.attributes
                0x0000000000001051       0x34 /usr/lib/gcc/arm-none-eabi/6.3.0/../../../../arm-none-eabi/lib/armv7e-m/fpu/libc_nano.a(lib_a-makebuf.o)
 .ARM.attributes
                0x0000000000001085       0x34 /usr/lib/gcc/arm-none-eabi/6.3.0/../../../../arm-none-eabi/lib/armv7e-m/fpu/libc_nano.a(lib_a-mbtowc_r.o)
 .ARM.attributes
                0x00000000000010b9       0x34 /usr/lib/gcc/arm-none-eabi/6.3.0/../../../../arm-none-eabi/lib/armv7e-m/fpu/libc_nano.a(lib_a-memmove.o)
 .ARM.attributes
                0x00000000000010ed       0x34 /usr/lib/gcc/arm-none-eabi/6.3.0/../../../../arm-none-eabi/lib/armv7e-m/fpu/libc_nano.a(lib_a-mlock.o)
 .ARM.attributes
                0x0000000000001121       0x34 /usr/lib/gcc/arm-none-eabi/6.3.0/../../../../arm-none-eabi/lib/armv7e-m/fpu/libc_nano.a(lib_a-nano-reallocr.o)
 .ARM.attributes
                0x0000000000001155       0x34 /usr/lib/gcc/arm-none-eabi/6.3.0/../../../../arm-none-eabi/lib/armv7e-m/fpu/libc_nano.a(lib_a-readr.o)
 .ARM.attributes
                0x0000000000001189       0x34 /usr/lib/gcc/arm-none-eabi/6.3.0/../../../../arm-none-eabi/lib/armv7e-m/fpu/libc_nano.a(lib_a-reent.o)
 .ARM.attributes
                0x00000000000011bd       0x34 /usr/lib/gcc/arm-none-eabi/6.3.0/../../../../arm-none-eabi/lib/armv7e-m/fpu/libc_nano.a(lib_a-wctomb_r.o)
 .ARM.attributes
                0x00000000000011f1       0x34 /usr/lib/gcc/arm-none-eabi/6.3.0/../../../../arm-none-eabi/lib/armv7e-m/fpu/libc_nano.a(lib_a-ctype_.o)
 .ARM.attributes
                0x0000000000001225       0x34 /usr/lib/gcc/arm-none-eabi/6.3.0/../../../../arm-none-eabi/lib/armv7e-m/fpu/libc_nano.a(lib_a-fstatr.o)
 .ARM.attributes
                0x0000000000001259       0x34 /usr/lib/gcc/arm-none-eabi/6.3.0/../../../../arm-none-eabi/lib/armv7e-m/fpu/libc_nano.a(lib_a-isattyr.o)
 .ARM.attributes
                0x000000000000128d       0x34 /usr/lib/gcc/arm-none-eabi/6.3.0/../../../../arm-none-eabi/lib/armv7e-m/fpu/libc_nano.a(lib_a-nano-msizer.o)
 .ARM.attributes
                0x00000000000012c1       0x34 /usr/lib/gcc/arm-none-eabi/6.3.0/../../../../arm-none-eabi/lib/armv7e-m/fpu/libm.a(lib_a-s_cos.o)
 .ARM.attributes
                0x00000000000012f5       0x34 /usr/lib/gcc/arm-none-eabi/6.3.0/../../../../arm-none-eabi/lib/armv7e-m/fpu/libm.a(lib_a-s_sin.o)
 .ARM.attributes
                0x0000000000001329       0x34 /usr/lib/gcc/arm-none-eabi/6.3.0/../../../../arm-none-eabi/lib/armv7e-m/fpu/libm.a(lib_a-w_atan2.o)
 .ARM.attributes
                0x000000000000135d       0x34 /usr/lib/gcc/arm-none-eabi/6.3.0/../../../../arm-none-eabi/lib/armv7e-m/fpu/libm.a(lib_a-w_sqrt.o)
 .ARM.attributes
                0x0000000000001391       0x34 /usr/lib/gcc/arm-none-eabi/6.3.0/../../../../arm-none-eabi/lib/armv7e-m/fpu/libm.a(lib_a-e_atan2.o)
 .ARM.attributes
                0x00000000000013c5       0x34 /usr/lib/gcc/arm-none-eabi/6.3.0/../../../../arm-none-eabi/lib/armv7e-m/fpu/libm.a(lib_a-e_rem_pio2.o)
 .ARM.attributes
                0x00000000000013f9       0x34 /usr/lib/gcc/arm-none-eabi/6.3.0/../../../../arm-none-eabi/lib/armv7e-m/fpu/libm.a(lib_a-e_sqrt.o)
 .ARM.attributes
                0x000000000000142d       0x34 /usr/lib/gcc/arm-none-eabi/6.3.0/../../../../arm-none-eabi/lib/armv7e-m/fpu/libm.a(lib_a-k_cos.o)
 .ARM.attributes
                0x0000000000001461       0x34 /usr/lib/gcc/arm-none-eabi/6.3.0/../../../../arm-none-eabi/lib/armv7e-m/fpu/libm.a(lib_a-k_rem_pio2.o)
 .ARM.attributes
                0x0000000000001495       0x34 /usr/lib/gcc/arm-none-eabi/6.3.0/../../../../arm-none-eabi/lib/armv7e-m/fpu/libm.a(lib_a-k_sin.o)
 .ARM.attributes
                0x00000000000014c9       0x34 /usr/lib/gcc/arm-none-eabi/6.3.0/../../../../arm-none-eabi/lib/armv7e-m/fpu/libm.a(lib_a-s_atan.o)
 .ARM.attributes
                0x00000000000014fd       0x34 /usr/lib/gcc/arm-none-eabi/6.3.0/../../../../arm-none-eabi/lib/armv7e-m/fpu/libm.a(lib_a-s_fabs.o)
 .ARM.attributes
                0x0000000000001531       0x34 /usr/lib/gcc/arm-none-eabi/6.3.0/../../../../arm-none-eabi/lib/armv7e-m/fpu/libm.a(lib_a-s_floor.o)
 .ARM.attributes
                0x0000000000001565       0x34 /usr/lib/gcc/arm-none-eabi/6.3.0/../../../../arm-none-eabi/lib/armv7e-m/fpu/libm.a(lib_a-s_lib_ver.o)
 .ARM.attributes
                0x0000000000001599       0x34 /usr/lib/gcc/arm-none-eabi/6.3.0/../../../../arm-none-eabi/lib/armv7e-m/fpu/libm.a(lib_a-s_matherr.o)
 .ARM.attributes
                0x00000000000015cd       0x34 /usr/lib/gcc/arm-none-eabi/6.3.0/../../../../arm-none-eabi/lib/armv7e-m/fpu/libm.a(lib_a-s_scalbn.o)
 .ARM.attributes
                0x0000000000001601       0x34 /usr/lib/gcc/arm-none-eabi/6.3.0/../../../../arm-none-eabi/lib/armv7e-m/fpu/libm.a(lib_a-s_copysign.o)
 .ARM.attributes
                0x0000000000001635       0x34 /usr/lib/gcc/arm-none-eabi/6.3.0/../../../../arm-none-eabi/lib/armv7e-m/fpu/libnosys.a(close.o)
 .ARM.attributes
                0x0000000000001669       0x34 /usr/lib/gcc/arm-none-eabi/6.3.0/../../../../arm-none-eabi/lib/armv7e-m/fpu/libnosys.a(fstat.o)
 .ARM.attributes
                0x000000000000169d       0x34 /usr/lib/gcc/arm-none-eabi/6.3.0/../../../../arm-none-eabi/lib/armv7e-m/fpu/libnosys.a(isatty.o)
 .ARM.attributes
                0x00000000000016d1       0x34 /usr/lib/gcc/arm-none-eabi/6.3.0/../../../../arm-none-eabi/lib/armv7e-m/fpu/libnosys.a(lseek.o)
 .ARM.attributes
                0x0000000000001705       0x34 /usr/lib/gcc/arm-none-eabi/6.3.0/../../../../arm-none-eabi/lib/armv7e-m/fpu/libnosys.a(read.o)
 .ARM.attributes
                0x0000000000001739       0x34 /usr/lib/gcc/arm-none-eabi/6.3.0/../../../../arm-none-eabi/lib/armv7e-m/fpu/libnosys.a(sbrk.o)
 .ARM.attributes
                0x000000000000176d       0x22 /usr/lib/gcc/arm-none-eabi/6.3.0/armv7e-m/fpu/libgcc.a(_arm_addsubdf3.o)
 .ARM.attributes
                0x000000000000178f       0x22 /usr/lib/gcc/arm-none-eabi/6.3.0/armv7e-m/fpu/libgcc.a(_arm_muldivdf3.o)
 .ARM.attributes
                0x00000000000017b1       0x22 /usr/lib/gcc/arm-none-eabi/6.3.0/armv7e-m/fpu/libgcc.a(_arm_cmpdf2.o)
 .ARM.attributes
                0x00000000000017d3       0x22 /usr/lib/gcc/arm-none-eabi/6.3.0/armv7e-m/fpu/libgcc.a(_arm_unorddf2.o)
 .ARM.attributes
                0x00000000000017f5       0x22 /usr/lib/gcc/arm-none-eabi/6.3.0/armv7e-m/fpu/libgcc.a(_arm_fixdfsi.o)
 .ARM.attributes